CCOAAAP2SW_inbound|xibftp|Y|/usr/local/bin/nc -vzw3 10.224.65.58 22
CCOAANGWCN_inbound|xibftp|Y|/usr/local/bin/nc -vzw3 10.224.65.58 21
CCOAANGWMY_inbound|xibftp|Y|/usr/local/bin/nc -vzw3 10.224.65.58 21
CCOAANGWVN_inbound|xibftp|Y|/usr/local/bin/nc -vzw3 10.224.65.58 21
DDS_AOBCSV_inbound|xibftp|Y|/usr/local/bin/nc -vzw3 10.224.65.58 21
DELLAOUASN_inbound|xmn-messer-001|Y|/usr/local/bin/nc -vzw3 10.213.90.76 21
DIVEAOUBND_inbound|schneider_ph_ftp|Y|/usr/local/bin/nc -vzw3 10.213.228.54 21
DVSCEB_inbound|schneider_ph_ftp|Y|/usr/local/bin/nc -vzw3 10.213.228.54 21
HRTIAO_inbound|pvmiamftp.ap.signintra.com|Y|/usr/local/bin/nc -vzw3 10.215.22.49 21
ODM_EALLXM_AT_inbound|procars_at|Y|/usr/local/bin/nc -vzw3 10.207.21.225 21
ODM_EALLXM_BR_inbound|procars_br|N|/usr/local/bin/nc -vzw3 10.221.252.180 21
ODM_EALLXM_CA_inbound|schenker_sftp_ca|N|/usr/local/bin/nc -vzw3 10.206.196.2 22
ODM_EALLXM_DE_SDE_inbound|procars_de|Y|/usr/local/bin/nc -vzw3 10.202.194.41 21
ODM_EALLXM_EUR_SC_CLD_inbound|prcsagprodlb01.sl3.comp.db.de|Y|/usr/local/bin/nc -vzw3 prcsagprodlb01.sl3.comp.db.de 21
ODM_EALLXM_EUR_SC_inbound|procars-clu2.unix.rz.db.de|Y|/usr/local/bin/nc -vzw3 10.224.97.88 21
ODM_EALLXM_FR_inbound|sipa-host|Y|/usr/local/bin/nc -vzw3 10.204.180.10 21
ODM_EALLXM_SG_inbound|procars_sg|Y|/usr/local/bin/nc -vzw3 10.215.38.13 21
ODM_EALLXM_US_inbound|procars_us|Y|/usr/local/bin/nc -vzw3 10.220.3.68 21
||N|dummy
SAG_EANKET_inbound|xibftp|Y|/usr/local/bin/nc -vzw3 10.224.65.58 21
SAG_EANKRT_inbound|xibftp|Y|/usr/local/bin/nc -vzw3 10.224.65.58 21
SAG_EBUDAW_inbound|xibftp|Y|/usr/local/bin/nc -vzw3 10.224.65.58 21
SAG_EBUDBL_inbound|xibftp|Y|/usr/local/bin/nc -vzw3 10.224.65.58 21
SAG_ECASAW_inbound|sipa-host|Y|/usr/local/bin/nc -vzw3 10.204.180.10 21
SAG_ECASBL_inbound|sipa-host|Y|/usr/local/bin/nc -vzw3 10.204.180.10 21
SAG_ECISIT_inbound|etl.cis.dc.signintra.com|Y|/usr/local/bin/nc -vzw3 etl.cis.dc.signintra.com 21
SAG_ECOBET_inbound|inh_cob|Y|/usr/local/bin/nc -vzw3 10.203.67.3 21
SAG_ECOBRT_inbound|inh_cob|Y|/usr/local/bin/nc -vzw3 10.203.67.3 21
SAG_EDDSIT_AU_inbound|internalftp2.dbschenker.com.au|Y|/usr/local/bin/nc -vzw3 internalftp2.dbschenker.com.au 21
SAG_EEURAW_EUR2_SC_CLD_inbound|prcsagprodlb01.sl3.comp.db.de|Y|/usr/local/bin/nc -vzw3 prcsagprodlb01.sl3.comp.db.de 21
SAG_EEURAW_EUR2_SC_inbound|procars-clu2.unix.rz.db.de|Y|/usr/local/bin/nc -vzw3 10.224.97.88 21
SAG_EEURAW_EUR_SC_CLD_inbound|prcsagprodlb01.sl3.comp.db.de|N|/usr/local/bin/nc -vzw3 prcsagprodlb01.sl3.comp.db.de 21
SAG_EEURAW_EUR_SC_inbound|procars-clu2.unix.rz.db.de|Y|/usr/local/bin/nc -vzw3 10.224.97.88 21
SAG_EEURBA_EUR2_SC_inbound|procars-clu2.unix.rz.db.de|Y|/usr/local/bin/nc -vzw3 10.224.97.88 21
SAG_EEURBA_EUR_SC_CLD_inbound|prcsagprodlb01.sl3.comp.db.de|N|/usr/local/bin/nc -vzw3 prcsagprodlb01.sl3.comp.db.de 21
SAG_EEURBA_EUR_SC_inbound|procars-clu2.unix.rz.db.de|Y|/usr/local/bin/nc -vzw3 10.224.97.88 21
SAG_EEURBL_EUR2_SC_CLD_inbound|prcsagprodlb01.sl3.comp.db.de|Y|/usr/local/bin/nc -vzw3 prcsagprodlb01.sl3.comp.db.de 21
SAG_EEURBL_EUR2_SC_inbound|procars-clu2.unix.rz.db.de|Y|/usr/local/bin/nc -vzw3 10.224.97.88 21
SAG_EEURBL_EUR_SC_CLD_inbound|prcsagprodlb01.sl3.comp.db.de|N|/usr/local/bin/nc -vzw3 prcsagprodlb01.sl3.comp.db.de 21
SAG_EEURBL_EUR_SC_inbound|procars-clu2.unix.rz.db.de|Y|/usr/local/bin/nc -vzw3 10.224.97.88 21
SAG_EEURIT_s1_EUR_SC_CLD_inbound|prcsagprodlb01.sl3.comp.db.de|N|/usr/local/bin/nc -vzw3 prcsagprodlb01.sl3.comp.db.de 21
SAG_EEURIT_s1_EUR_SC_inbound|procars-clu2.unix.rz.db.de|Y|/usr/local/bin/nc -vzw3 10.224.97.88 21
SAG_EEURIT_s1_QLH_SC_inbound|procars-clu1.unix.rz.db.de|Y|/usr/local/bin/nc -vzw3 10.224.99.252 22
SAG_EEURIT_s2_EUR_SC_CLD_inbound|prcsagprodlb01.sl3.comp.db.de|Y|/usr/local/bin/nc -vzw3 prcsagprodlb01.sl3.comp.db.de 21
SAG_EEURIT_s2_EUR_SC_inbound|procars-clu2.unix.rz.db.de|Y|/usr/local/bin/nc -vzw3 10.224.97.88 21
SAG_EEURPI_QLH_SC_inbound|procars-clu1.unix.rz.db.de|Y|/usr/local/bin/nc -vzw3 10.224.99.252 22
SAG_EEURPI_XE2_EUR_SC_CLD_inbound|prcsagprodlb01.sl3.comp.db.de|N|/usr/local/bin/nc -vzw3 prcsagprodlb01.sl3.comp.db.de 21
SAG_EEURPI_XE2_EUR_SC_inbound|procars-clu2.unix.rz.db.de|Y|/usr/local/bin/nc -vzw3 10.224.97.88 21
SAG_EEURPI_XEU_EUR2_SC_inbound|procars-clu2.unix.rz.db.de|Y|/usr/local/bin/nc -vzw3 10.224.97.88 21
SAG_EEURPI_XEU_EUR_SC_inbound|procars-clu2.unix.rz.db.de|Y|/usr/local/bin/nc -vzw3 10.224.97.88 21
SAG_EEURRT_XEU_EUR_SC_CLD_inbound|prcsagprodlb01.sl3.comp.db.de|N|/usr/local/bin/nc -vzw3 prcsagprodlb01.sl3.comp.db.de 21
SAG_EEURRT_XEU_EUR_SC_inbound|procars-clu2.unix.rz.db.de|Y|/usr/local/bin/nc -vzw3 10.224.97.88 21
||N|dummy
SAG_EFCREV_TXT_inbound|xibftp|Y|/usr/local/bin/nc -vzw3 10.224.65.58 21
SAG_EFCREV_inbound|xibftp|Y|/usr/local/bin/nc -vzw3 10.224.65.58 21
SAG_EFRAAW_SDE_inbound|procars_de|Y|/usr/local/bin/nc -vzw3 10.202.194.41 21
SAG_EFRABA_SDE_inbound|procars_de|Y|/usr/local/bin/nc -vzw3 10.202.194.41 21
SAG_EFRABL_SDE_inbound|procars_de|Y|/usr/local/bin/nc -vzw3 10.202.194.41 21
SAG_EFRAIT_s1_SDE_inbound|procars_de|Y|/usr/local/bin/nc -vzw3 10.202.194.41 21
SAG_EFRAPI_SDE_inbound|procars_de|Y|/usr/local/bin/nc -vzw3 10.202.194.41 21
SAG_EFRART_SDE_inbound|procars_de|Y|/usr/local/bin/nc -vzw3 10.202.194.41 21
SAG_EGXDFM_inbound|gxddb.dc.signintra.com|Y|/usr/local/bin/nc -vzw3 gxddb.dc.signintra.com 22
SAG_EGXDXN_BRE_inbound|xibftp|Y|/usr/local/bin/nc -vzw3 10.224.65.58 21
SAG_EGXDXN_inbound|xibftp|Y|/usr/local/bin/nc -vzw3 10.224.65.58 21
SAG_EHDGXM_AT_inbound|procars_at|Y|/usr/local/bin/nc -vzw3 10.207.21.225 21
SAG_EHDGXM_BR_inbound|procars_br|N|/usr/local/bin/nc -vzw3 10.221.252.180 21
SAG_EHDGXM_CA_inbound|freds_ca_ddc|Y|/usr/local/bin/nc -vzw3 10.220.6.10 21
SAG_EHDGXM_DE_inbound|procars_de|Y|/usr/local/bin/nc -vzw3 10.202.194.41 21
SAG_EHDGXM_EUR_CLD_inbound|prcsagprodlb01.sl3.comp.db.de|Y|/usr/local/bin/nc -vzw3 prcsagprodlb01.sl3.comp.db.de 21
SAG_EHDGXM_EUR_inbound|procars-clu2.unix.rz.db.de|Y|/usr/local/bin/nc -vzw3 10.224.97.88 21
SAG_EHDGXM_FR_inbound|sipa-host|Y|/usr/local/bin/nc -vzw3 10.204.180.10 21
SAG_EHDGXM_SG_inbound|procars_sg|Y|/usr/local/bin/nc -vzw3 10.215.38.13 21
SAG_EHDGXM_US_inbound|procars_us|Y|/usr/local/bin/nc -vzw3 10.220.3.68 21
SAG_EISTAW_inbound|xibftp|Y|/usr/local/bin/nc -vzw3 10.224.65.58 21
SAG_EISTBL_inbound|xibftp|Y|/usr/local/bin/nc -vzw3 10.224.65.58 21
SAG_EISTPI_TR_inbound|xibftprd1.dc.signintra.com|Y|/usr/local/bin/nc -vzw3 xibftprd1.dc.signintra.com 21
SAG_ELCAAW_inbound|xibftp|Y|/usr/local/bin/nc -vzw3 10.224.65.58 21
SAG_ELCABL_inbound|xibftp|Y|/usr/local/bin/nc -vzw3 10.224.65.58 21
SAG_ELCAIT_inbound|xibftp|Y|/usr/local/bin/nc -vzw3 10.224.65.58 21
SAG_EMADET_TIR_inbound|xibftp|Y|/usr/local/bin/nc -vzw3 10.224.65.58 21
SAG_EMADRT_TIR_inbound|xibftp|Y|/usr/local/bin/nc -vzw3 10.224.65.58 21
SAG_EMILAW_inbound|simi-host|Y|/usr/local/bin/nc -vzw3 10.204.159.20 21
SAG_EMILBA_inbound|simi-host|Y|/usr/local/bin/nc -vzw3 10.204.159.20 21
SAG_EMILBL_inbound|simi-host|Y|/usr/local/bin/nc -vzw3 10.204.159.20 21
SAG_EMILET_inbound|simi-host|Y|/usr/local/bin/nc -vzw3 10.204.159.20 21
SAG_EMILPI_inbound|simi-host|Y|/usr/local/bin/nc -vzw3 10.204.159.20 21
SAG_EMILRT_inbound|simi-host|Y|/usr/local/bin/nc -vzw3 10.204.159.20 21
SAG_ENYCAW_inbound|procars_us|Y|/usr/local/bin/nc -vzw3 10.220.3.68 21
SAG_ENYCBA_MX_inbound|procars_us|Y|/usr/local/bin/nc -vzw3 10.220.3.68 21
SAG_ENYCBL_inbound|procars_us|Y|/usr/local/bin/nc -vzw3 10.220.3.68 21
SAG_ENYCIT_US_s_inbound|procars_us|Y|/usr/local/bin/nc -vzw3 10.220.3.68 21
SAG_ENYCPI_US_inbound|procars_us|Y|/usr/local/bin/nc -vzw3 10.220.3.68 21
SAG_EORIAW_inbound|xibftp|Y|/usr/local/bin/nc -vzw3 10.224.65.58 21
SAG_EORIBL_inbound|xibftp|Y|/usr/local/bin/nc -vzw3 10.224.65.58 21
SAG_EORIIT_inbound|xibftp|Y|/usr/local/bin/nc -vzw3 10.224.65.58 21
SAG_EPARAW_inbound|sipa-host|Y|/usr/local/bin/nc -vzw3 10.204.180.10 21
SAG_EPARBA_MA_inbound|sipa-host|Y|/usr/local/bin/nc -vzw3 10.204.180.10 21
SAG_EPARBA_inbound|sipa-host|Y|/usr/local/bin/nc -vzw3 10.204.180.10 21
SAG_EPARBL_inbound|sipa-host|Y|/usr/local/bin/nc -vzw3 10.204.180.10 21
SAG_EPARET_inbound|sipa-host|Y|/usr/local/bin/nc -vzw3 10.204.180.10 21
SAG_EPARPI_inbound|sipa-host|Y|/usr/local/bin/nc -vzw3 10.204.180.10 21
SAG_EPARRT_MA_inbound|sipa-host|Y|/usr/local/bin/nc -vzw3 10.204.180.10 21
SAG_EPARRT_POR_inbound|sipa-host|Y|/usr/local/bin/nc -vzw3 10.204.180.10 21
SAG_EPARRT_inbound|sipa-host|Y|/usr/local/bin/nc -vzw3 10.204.180.10 21
SAG_EPRGAW_inbound|xibftp|Y|/usr/local/bin/nc -vzw3 10.224.65.58 21
SAG_EPRGBL_inbound|xibftp|Y|/usr/local/bin/nc -vzw3 10.224.65.58 21
SAG_EPRGET_inbound|xibftp|Y|/usr/local/bin/nc -vzw3 10.224.65.58 21
SAG_EPRGPI_inbound|xibftp|Y|/usr/local/bin/nc -vzw3 10.224.65.58 21
SAG_EPRGRT_inbound|xibftp|Y|/usr/local/bin/nc -vzw3 10.224.65.58 21
SAG_EQLHAW_SC_inbound|procars-clu1.unix.rz.db.de|Y|/usr/local/bin/nc -vzw3 10.224.99.252 22
SAG_EQLHBL_SC_inbound|procars-clu1.unix.rz.db.de|Y|/usr/local/bin/nc -vzw3 10.224.99.252 22
SAG_ERABET_inbound|sipa-host|Y|/usr/local/bin/nc -vzw3 10.204.180.10 21
SAG_ERGBRT_inbound|xibftprd1.dc.signintra.com|Y|/usr/local/bin/nc -vzw3 xibftprd1.dc.signintra.com 21
SAG_ESAOAW_inbound|procars_br|N|/usr/local/bin/nc -vzw3 10.221.252.180 21
SAG_ESAOBA_inbound|procars_br|N|/usr/local/bin/nc -vzw3 10.221.252.180 21
SAG_ESAOBL_inbound|procars_br|N|/usr/local/bin/nc -vzw3 10.221.252.180 21
SAG_ESAOIT_s1_inbound|procars_br|N|/usr/local/bin/nc -vzw3 10.221.252.180 21
SAG_ESAOIT_s2_inbound|procars_br|N|/usr/local/bin/nc -vzw3 10.221.252.180 21
SAG_ESAOIT_s4_inbound|procars_br|N|/usr/local/bin/nc -vzw3 10.221.252.180 21
SAG_ESAOIT_s5_inbound|procars_br|N|/usr/local/bin/nc -vzw3 10.221.252.180 21
SAG_ESAOPI_inbound|procars_br|N|/usr/local/bin/nc -vzw3 10.221.252.180 21
SAG_ESINAW_XS2_inbound|procars_sg|Y|/usr/local/bin/nc -vzw3 10.215.38.13 21
SAG_ESINAW_XSG_inbound|procars_sg|Y|/usr/local/bin/nc -vzw3 10.215.38.13 21
SAG_ESINBA_XS2_inbound|procars_sg|Y|/usr/local/bin/nc -vzw3 10.215.38.13 21
SAG_ESINBA_XSG_inbound|procars_sg|Y|/usr/local/bin/nc -vzw3 10.215.38.13 21
SAG_ESINBL_XS2_inbound|procars_sg|Y|/usr/local/bin/nc -vzw3 10.215.38.13 21
SAG_ESINBL_XSG_inbound|procars_sg|Y|/usr/local/bin/nc -vzw3 10.215.38.13 21
SAG_ESINIT_s1_inbound|procars_sg|Y|/usr/local/bin/nc -vzw3 10.215.38.13 21
SAG_ESINIT_s2_inbound|procars_sg|Y|/usr/local/bin/nc -vzw3 10.215.38.13 21
SAG_ESINPI_XS2_inbound|procars_sg|Y|/usr/local/bin/nc -vzw3 10.215.38.13 21
SAG_ESKPET_BIH_inbound|schenker_bih|Y|/usr/local/bin/nc -vzw3 10.207.43.110 22
SAG_ESKPET_MK_inbound|schenker_mac|Y|/usr/local/bin/nc -vzw3 80.77.148.218 22
SAG_ESKPET_SR_inbound|schenker_sr|Y|/usr/local/bin/nc -vzw3 10.207.132.5 22
SAG_ESOFRT_BG_inbound|xibftp|Y|/usr/local/bin/nc -vzw3 10.224.65.58 21
SAG_EVIEAW_inbound|procars_at|Y|/usr/local/bin/nc -vzw3 10.207.21.225 21
SAG_EVIEBA_inbound|procars_at|Y|/usr/local/bin/nc -vzw3 10.207.21.225 21
SAG_EVIEBL_inbound|procars_at|Y|/usr/local/bin/nc -vzw3 10.207.21.225 21
SAG_EVIEET_AT_inbound|procars_at|Y|/usr/local/bin/nc -vzw3 10.207.21.225 21
SAG_EVIEET_GR_inbound|procars_at|Y|/usr/local/bin/nc -vzw3 10.207.21.225 21
SAG_EVIEET_HU_inbound|procars_at|Y|/usr/local/bin/nc -vzw3 10.207.21.225 21
SAG_EVIEET_RO_inbound|procars_at|Y|/usr/local/bin/nc -vzw3 10.207.21.225 21
SAG_EVIEET_SK_inbound|procars_at|Y|/usr/local/bin/nc -vzw3 10.207.21.225 21
SAG_EVIEIT_s1_inbound|procars_at|Y|/usr/local/bin/nc -vzw3 10.207.21.225 21
SAG_EVIEPI_inbound|procars_at|Y|/usr/local/bin/nc -vzw3 10.207.21.225 21
SAG_EVIERT_AT_inbound|procars_at|Y|/usr/local/bin/nc -vzw3 10.207.21.225 21
SAG_EVIERT_GR_inbound|procars_at|Y|/usr/local/bin/nc -vzw3 10.207.21.225 21
SAG_EVIERT_HU_inbound|procars_at|Y|/usr/local/bin/nc -vzw3 10.207.21.225 21
SAG_EVIERT_RO_inbound|procars_at|Y|/usr/local/bin/nc -vzw3 10.207.21.225 21
SAG_EVIERT_SK_inbound|procars_at|Y|/usr/local/bin/nc -vzw3 10.207.21.225 21
SAG_EXBPAW_LBR_inbound|procars-clu2.unix.rz.db.de|Y|/usr/local/bin/nc -vzw3 10.224.97.88 21
SAG_EXBPIT_LBR_inbound|procars-clu2.unix.rz.db.de|Y|/usr/local/bin/nc -vzw3 10.224.97.88 21
SAG_EXBPTS_AT_inbound|procars_at|Y|/usr/local/bin/nc -vzw3 10.207.21.225 21
SAG_EXBPTS_CH_inbound|matterhorn|Y|/usr/local/bin/nc -vzw3 10.206.27.11 21
SAG_EXBPTS_CZ_inbound|xibftp|Y|/usr/local/bin/nc -vzw3 10.224.65.58 21
SAG_EXBPTS_DE_inbound|inh_cob|N|/usr/local/bin/nc -vzw3 10.203.67.3 21
SAG_EXBPTS_FI_inbound|hki6|Y|/usr/local/bin/nc -vzw3 10.218.50.100 21
SAG_EXBPTS_FR_inbound|sipa-host|Y|/usr/local/bin/nc -vzw3 10.204.180.10 21
SAG_EXBPTS_GR_inbound|procars_at|Y|/usr/local/bin/nc -vzw3 10.207.21.225 21
SAG_EXBPTS_HU_inbound|procars_at|Y|/usr/local/bin/nc -vzw3 10.207.21.225 21
SAG_EXBPTS_IT_inbound|simi-host|Y|/usr/local/bin/nc -vzw3 10.204.159.20 21
SAG_EXBPTS_NO_inbound|xibftp|Y|/usr/local/bin/nc -vzw3 10.224.65.58 21
SAG_EXBPTS_PL_inbound|B71P05|Y|/usr/local/bin/nc -vzw3 193.182.220.202 21
SAG_EXBPTS_RO_inbound|procars_at|Y|/usr/local/bin/nc -vzw3 10.207.21.225 21
SAG_EXBPTS_SK_inbound|procars_at|Y|/usr/local/bin/nc -vzw3 10.207.21.225 21
SAG_EXBPTS_TIR_inbound|xibftp|Y|/usr/local/bin/nc -vzw3 10.224.65.58 21
SAG_EXBPTS_TR_inbound|xibftp|Y|/usr/local/bin/nc -vzw3 10.224.65.58 21
SAG_EYTOAW_inbound|schenker_sftp_ca|N|/usr/local/bin/nc -vzw3 10.206.196.2 22
SAG_EYTOBA_inbound|schenker_sftp_ca|N|/usr/local/bin/nc -vzw3 10.206.196.2 22
SAG_EYTOBL_inbound|schenker_sftp_ca|N|/usr/local/bin/nc -vzw3 10.206.196.2 22
SAG_EYTOIT_TOPS_inbound|newtops_ca|Y|/usr/local/bin/nc -vzw3 10.220.6.5 21
SAG_EYTOIT_s1_inbound|schenker_sftp_ca|N|/usr/local/bin/nc -vzw3 10.206.196.2 22
SAG_EYTOPI_inbound|schenker_sftp_ca|N|/usr/local/bin/nc -vzw3 10.206.196.2 22
SAG_EZRHET_B_inbound|matterhorn|Y|/usr/local/bin/nc -vzw3 10.206.27.11 21
SAG_EZRHET_T_inbound|matterhorn|Y|/usr/local/bin/nc -vzw3 10.206.27.11 21
SAG_EZRHRT_inbound|matterhorn|Y|/usr/local/bin/nc -vzw3 10.206.27.11 21
SAG_SCBIH_inbound|schenker_bih|Y|/usr/local/bin/nc -vzw3 10.207.43.110 22
SAG_SCMK_inbound|schenker_mac|Y|/usr/local/bin/nc -vzw3 80.77.148.218 22
SAG_SCSR_inbound|schenker_sr|Y|/usr/local/bin/nc -vzw3 10.207.132.5 22
SAMSAOB4MY_inbound|xibftp|Y|/usr/local/bin/nc -vzw3 10.224.65.58 21
SCHLAOBHKG_inbound|schenkerHK|Y|/usr/local/bin/nc -vzw3 10.213.122.15 21
SCNLLFPRXM_inbound|procars_de|Y|/usr/local/bin/nc -vzw3 10.202.194.41 21
SWD_CICOMP_inbound|xibftp|Y|/usr/local/bin/nc -vzw3 10.224.65.58 21
SWD_CICOMP_xlsx_inbound|xibftp|Y|/usr/local/bin/nc -vzw3 10.224.65.58 21
SWD_CINISF_inbound|dpv-ftpsrv1.us.signintra.com|Y|/usr/local/bin/nc -vzw3 dpv-ftpsrv1.us.signintra.com 21
SWD_CIOCWD_BA_inbound|dpv-ftpsrv1.us.signintra.com|Y|/usr/local/bin/nc -vzw3 dpv-ftpsrv1.us.signintra.com 21
SWD_CIOCWD_ME_inbound|dpv-ftpsrv1.us.signintra.com|Y|/usr/local/bin/nc -vzw3 dpv-ftpsrv1.us.signintra.com 21
SWD_CIOCWD_MSE_inbound|dpv-ftpsrv1.us.signintra.com|Y|/usr/local/bin/nc -vzw3 dpv-ftpsrv1.us.signintra.com 21
SWD_CIOCWD_TRK_inbound|dpv-ftpsrv1.us.signintra.com|Y|/usr/local/bin/nc -vzw3 dpv-ftpsrv1.us.signintra.com 21
SWD_CO2BAX_CAW_inbound|freds_ca_ddc|Y|/usr/local/bin/nc -vzw3 10.220.6.10 21
SWD_CO2BAX_CTK_inbound|freds_ca_ddc|Y|/usr/local/bin/nc -vzw3 10.220.6.10 21
SWD_CO2FDS_AWB_HP_inbound|freds_ca_ddc|Y|/usr/local/bin/nc -vzw3 10.220.6.10 21
SWD_CO2FDS_AWB_inbound|freds_ca_ddc|Y|/usr/local/bin/nc -vzw3 10.220.6.10 21
SWD_CO2FDS_BLM_HP_inbound|freds_ca_ddc|Y|/usr/local/bin/nc -vzw3 10.220.6.10 21
SWD_CO2FDS_BLM_inbound|freds_ca_ddc|Y|/usr/local/bin/nc -vzw3 10.220.6.10 21
SWD_CO2FDS_CHK_HP_inbound|freds_ca_ddc|Y|/usr/local/bin/nc -vzw3 10.220.6.10 21
SWD_CO2FDS_CHK_inbound|freds_ca_ddc|Y|/usr/local/bin/nc -vzw3 10.220.6.10 21
SWD_CO2FDS_ITT_HP_inbound|freds_ca_ddc|Y|/usr/local/bin/nc -vzw3 10.220.6.10 21
SWD_CO2FDS_ITT_inbound|freds_ca_ddc|Y|/usr/local/bin/nc -vzw3 10.220.6.10 21
SWD_COEICI_ALL_HP_inbound|freds_ca_ddc|Y|/usr/local/bin/nc -vzw3 10.220.6.10 21
SWD_COEICI_ALL_TIG_inbound|freds_ca_ddc|Y|/usr/local/bin/nc -vzw3 10.220.6.10 21
SWD_COEICI_BA_HP_inbound|freds_ca_ddc|Y|/usr/local/bin/nc -vzw3 10.220.6.10 21
SWD_COEICI_BA_TIG_inbound|freds_ca_ddc|Y|/usr/local/bin/nc -vzw3 10.220.6.10 21
SWD_COEICI_BLM_HP_inbound|freds_ca_ddc|Y|/usr/local/bin/nc -vzw3 10.220.6.10 21
SWD_COEICI_BLM_TIG_inbound|freds_ca_ddc|Y|/usr/local/bin/nc -vzw3 10.220.6.10 21
SWD_COEICI_C2K_RSI_inbound|freds_ca_ddc|Y|/usr/local/bin/nc -vzw3 10.220.6.10 21
SWD_COEICI_DAT_HP_inbound|freds_ca_ddc|Y|/usr/local/bin/nc -vzw3 10.220.6.10 21
SWD_COEICI_DAT_TIG_inbound|freds_ca_ddc|Y|/usr/local/bin/nc -vzw3 10.220.6.10 21
SWD_COEICI_EIR_RSI_inbound|freds_ca_ddc|Y|/usr/local/bin/nc -vzw3 10.220.6.10 21
SWD_COEICI_ODM_RSI_inbound|freds_ca_ddc|Y|/usr/local/bin/nc -vzw3 10.220.6.10 21
SWD_COEICI_PII_HP_inbound|freds_ca_ddc|Y|/usr/local/bin/nc -vzw3 10.220.6.10 21
SWD_COEICI_PII_TIG_inbound|freds_ca_ddc|Y|/usr/local/bin/nc -vzw3 10.220.6.10 21
SWD_CTKWES_inbound|freds_ca_ddc|Y|/usr/local/bin/nc -vzw3 10.220.6.10 21
TECHAOHKGP_inbound|schenker_xmn|Y|/usr/local/bin/nc -vzw3 10.213.90.61 21
UDS_COROUT_inbound|dpv-ftpsrv1.us.signintra.com|Y|/usr/local/bin/nc -vzw3 dpv-ftpsrv1.us.signintra.com 21
WDC_AOB210_inbound|xibftp|Y|/usr/local/bin/nc -vzw3 10.224.65.58 21
ACI_CFSEAF_EMANIFEST_outbound|freds_ca_ddc|Y|/usr/local/bin/nc -vzw3 10.220.6.10 21
ACI_CFSEAF_FREDS_outbound|freds_ca_ddc|Y|/usr/local/bin/nc -vzw3 10.220.6.10 21
ACI_CFSEAF_NEWTOPS_outbound|newtops_ca|Y|/usr/local/bin/nc -vzw3 10.220.6.5 21
ACI_CFSEAF_TOPS_outbound|tops_ca|N|/usr/local/bin/nc -vzw3 10.206.192.89 21
ACI_CFSEAF_outbound|ftp.myvan.descartes.com|Y|/usr/local/bin/nc -vzw3 ftp.myvan.descartes.com 21
CCOAAI8561_outbound|xibftp|Y|/usr/local/bin/nc -vzw3 10.224.65.58 21
CCOAAI9971_outbound|xibftp|Y|/usr/local/bin/nc -vzw3 10.224.65.58 21
CCOAAOP2AP_outbound|xibftp|Y|/usr/local/bin/nc -vzw3 10.224.65.58 21
DELLAMES01_BAK_outbound|xmn-messer-001|Y|/usr/local/bin/nc -vzw3 10.213.90.76 21
DELLAMES03_S3_PEN_outbound|rhovftp.schenker-ap.com|Y|/usr/local/bin/nc -vzw3 rhovftp.schenker-ap.com 21
DELLAMES03_S3_SC2_outbound|xmn-messer-001|Y|/usr/local/bin/nc -vzw3 10.213.90.76 21
DELLAMES03_S3_XMN_outbound|xmn-messer-001|Y|/usr/local/bin/nc -vzw3 10.213.90.76 21
DIVEAINBND_outbound|schneider_ph_ftp|Y|/usr/local/bin/nc -vzw3 10.213.228.54 21
DVSCEB_outbound|schneider_ph_ftp|Y|/usr/local/bin/nc -vzw3 10.213.228.54 21
HRTIAO_ARCHIVE_outbound|pvmiamftp.ap.signintra.com|Y|/usr/local/bin/nc -vzw3 10.215.22.49 21
INTLAIHKS3_outbound|ftp.schenker-asia.com|Y|/usr/local/bin/nc -vzw3 ftp.schenker-asia.com 21
||N|dummy
SAG_E2EABL_outbound|xibftp|Y|/usr/local/bin/nc -vzw3 10.224.65.58 21
SAG_E2XMRT_TEMP_outbound|xibftp|Y|/usr/local/bin/nc -vzw3 10.224.65.58 21
SAG_EALLAE_AR_outbound|procars_ar|N|/usr/local/bin/nc -vzw3 10.205.201.143 21
SAG_EALLAE_MX_outbound|schenker_mx|Y|/usr/local/bin/nc -vzw3 10.204.19.1 21
SAG_EALLAW_ARBUE_outbound|procars_ar|N|/usr/local/bin/nc -vzw3 10.205.201.143 21
SAG_EALLAW_ATVIE_outbound|procars_at|Y|/usr/local/bin/nc -vzw3 10.207.21.225 21
SAG_EALLAW_BRSAO_outbound|procars_br|N|/usr/local/bin/nc -vzw3 10.221.252.180 21
SAG_EALLAW_CAYTO_outbound|schenker_sftp_ca|N|/usr/local/bin/nc -vzw3 10.206.196.2 22
SAG_EALLAW_CEUR_SC_CLD_outbound|prcsagprodlb01.sl3.comp.db.de|Y|/usr/local/bin/nc -vzw3 prcsagprodlb01.sl3.comp.db.de 21
SAG_EALLAW_CEUR_SC_outbound|procars-clu2.unix.rz.db.de|Y|/usr/local/bin/nc -vzw3 10.224.97.88 21
SAG_EALLAW_CYLCA_outbound|xibftp|Y|/usr/local/bin/nc -vzw3 10.224.65.58 21
SAG_EALLAW_CZPRG_outbound|xibftp|Y|/usr/local/bin/nc -vzw3 10.224.65.58 21
SAG_EALLAW_DEFRA_outbound|procars_de|Y|/usr/local/bin/nc -vzw3 10.202.194.41 21
SAG_EALLAW_EURSC_CLD_outbound|prcsagprodlb01.sl3.comp.db.de|N|/usr/local/bin/nc -vzw3 prcsagprodlb01.sl3.comp.db.de 21
SAG_EALLAW_EURSC_outbound|procars-clu2.unix.rz.db.de|Y|/usr/local/bin/nc -vzw3 10.224.97.88 21
SAG_EALLAW_EURTST_SC_outbound|procars-203b.unix.rz.db.de|Y|/usr/local/bin/nc -vzw3 procars-203b.unix.rz.db.de 22
SAG_EALLAW_EUR_SC_QLH_outbound|procars-clu1.unix.rz.db.de|Y|/usr/local/bin/nc -vzw3 10.224.99.252 22
SAG_EALLAW_FRPAR_outbound|sipa-host|Y|/usr/local/bin/nc -vzw3 10.204.180.10 21
SAG_EALLAW_ILORI_outbound|xibftp|Y|/usr/local/bin/nc -vzw3 10.224.65.58 21
SAG_EALLAW_INDEL_outbound|procars_sg|Y|/usr/local/bin/nc -vzw3 10.215.38.13 21
SAG_EALLAW_ITMIL_outbound|simi-host|Y|/usr/local/bin/nc -vzw3 10.204.159.20 21
SAG_EALLAW_LBR2CIS_outbound|etl.cis.dc.signintra.com|Y|/usr/local/bin/nc -vzw3 etl.cis.dc.signintra.com 21
SAG_EALLAW_LHCIS_WE_outbound|etl.cis.dc.signintra.com|Y|/usr/local/bin/nc -vzw3 etl.cis.dc.signintra.com 21
SAG_EALLAW_LHCIS_outbound|etl.cis.dc.signintra.com|Y|/usr/local/bin/nc -vzw3 etl.cis.dc.signintra.com 21
SAG_EALLAW_MACAS_outbound|sipa-host|Y|/usr/local/bin/nc -vzw3 10.204.180.10 21
SAG_EALLAW_RIEGE_outbound|riegeCDMP|Y|/usr/local/bin/nc -vzw3 10.206.26.4 21
SAG_EALLAW_SGSIN_outbound|procars_sg|Y|/usr/local/bin/nc -vzw3 10.215.38.13 21
SAG_EALLAW_TRIST_outbound|xibftp|Y|/usr/local/bin/nc -vzw3 10.224.65.58 21
SAG_EALLAW_US2_outbound|dpv-iface1.us.signintra.com|Y|/usr/local/bin/nc -vzw3 dpv-iface1.us.signintra.com 21
SAG_EALLAW_USNYC_outbound|procars_us|Y|/usr/local/bin/nc -vzw3 10.220.3.68 21
SAG_EALLBA_MXMEX_outbound|schenker_mx|Y|/usr/local/bin/nc -vzw3 10.204.19.1 21
SAG_EALLBA_TOPS_outbound|schenker_sftp_ca|N|/usr/local/bin/nc -vzw3 10.206.196.2 22
SAG_EALLBA_USDEN_outbound|dpv-mq-p1.us.signintra.com|Y|/usr/local/bin/nc -vzw3 dpv-mq-p1.us.signintra.com 21
SAG_EALLBA_USNYC_outbound|ftphost.editrade.com|Y|/usr/local/bin/nc -vzw3 ftphost.editrade.com 21
SAG_EALLBE_AR_outbound|procars_ar|N|/usr/local/bin/nc -vzw3 10.205.201.143 21
SAG_EALLBE_MX_outbound|schenker_mx|Y|/usr/local/bin/nc -vzw3 10.204.19.1 21
SAG_EALLBL_ARBUE_outbound|procars_ar|N|/usr/local/bin/nc -vzw3 10.205.201.143 21
SAG_EALLBL_ATVIE_outbound|procars_at|Y|/usr/local/bin/nc -vzw3 10.207.21.225 21
SAG_EALLBL_BRSAO_outbound|procars_br|N|/usr/local/bin/nc -vzw3 10.221.252.180 21
SAG_EALLBL_CAYTO_outbound|schenker_sftp_ca|N|/usr/local/bin/nc -vzw3 10.206.196.2 22
SAG_EALLBL_CCS_outbound|schenker_ccs|Y|/usr/local/bin/nc -vzw3 10.204.70.209 21
SAG_EALLBL_CEUR_DB_CLD_outbound|prcsagprodlb01.sl3.comp.db.de|N|/usr/local/bin/nc -vzw3 prcsagprodlb01.sl3.comp.db.de 21
SAG_EALLBL_CEUR_DB_outbound|procars-clu2.unix.rz.db.de|Y|/usr/local/bin/nc -vzw3 10.224.97.88 21
SAG_EALLBL_CYLCA_outbound|xibftp|Y|/usr/local/bin/nc -vzw3 10.224.65.58 21
SAG_EALLBL_CZPRG_outbound|xibftp|Y|/usr/local/bin/nc -vzw3 10.224.65.58 21
SAG_EALLBL_DEFRA_outbound|procars_de|Y|/usr/local/bin/nc -vzw3 10.202.194.41 21
SAG_EALLBL_EURSC_CLD_outbound|prcsagprodlb01.sl3.comp.db.de|N|/usr/local/bin/nc -vzw3 prcsagprodlb01.sl3.comp.db.de 21
SAG_EALLBL_EURSC_outbound|procars-clu2.unix.rz.db.de|Y|/usr/local/bin/nc -vzw3 10.224.97.88 21
SAG_EALLBL_EURTST_SC_outbound|procars-203b.unix.rz.db.de|Y|/usr/local/bin/nc -vzw3 procars-203b.unix.rz.db.de 22
SAG_EALLBL_EU_DB_QLH_outbound|procars-clu1.unix.rz.db.de|Y|/usr/local/bin/nc -vzw3 10.224.99.252 22
SAG_EALLBL_FRPAR_outbound|sipa-host|Y|/usr/local/bin/nc -vzw3 10.204.180.10 21
SAG_EALLBL_HUBUD_outbound|xibftp|Y|/usr/local/bin/nc -vzw3 10.224.65.58 21
SAG_EALLBL_ILORI_outbound|xibftp|Y|/usr/local/bin/nc -vzw3 10.224.65.58 21
SAG_EALLBL_INDEL_outbound|procars_sg|Y|/usr/local/bin/nc -vzw3 10.215.38.13 21
SAG_EALLBL_ITMIL_outbound|simi-host|Y|/usr/local/bin/nc -vzw3 10.204.159.20 21
SAG_EALLBL_LHCIS_WE_outbound|etl.cis.dc.signintra.com|Y|/usr/local/bin/nc -vzw3 etl.cis.dc.signintra.com 21
SAG_EALLBL_LHCIS_outbound|etl.cis.dc.signintra.com|Y|/usr/local/bin/nc -vzw3 etl.cis.dc.signintra.com 21
SAG_EALLBL_MACAS_outbound|sipa-host|Y|/usr/local/bin/nc -vzw3 10.204.180.10 21
SAG_EALLBL_SGSIN_outbound|procars_sg|Y|/usr/local/bin/nc -vzw3 10.215.38.13 21
SAG_EALLBL_SHG_CN_outbound|schenker_cnnew|Y|/usr/local/bin/nc -vzw3 10.213.25.35 21
SAG_EALLBL_TRIST_outbound|xibftp|Y|/usr/local/bin/nc -vzw3 10.224.65.58 21
SAG_EALLBL_US3_outbound|dpv-iface1.us.signintra.com|Y|/usr/local/bin/nc -vzw3 dpv-iface1.us.signintra.com 21
SAG_EALLBL_USNYC_outbound|procars_us|Y|/usr/local/bin/nc -vzw3 10.220.3.68 21
SAG_EALLET_ESTIR_outbound|spaintir|Y|/usr/local/bin/nc -vzw3 212.170.133.72 21
SAG_EALLET_FRPAR_outbound|sipa-host|Y|/usr/local/bin/nc -vzw3 10.204.180.10 21
SAG_EALLET_GRATH_outbound|procars_at|Y|/usr/local/bin/nc -vzw3 10.207.21.225 21
SAG_EALLET_HUBUD_outbound|procars_at|Y|/usr/local/bin/nc -vzw3 10.207.21.225 21
SAG_EALLET_ITMIL_outbound|simi-host|Y|/usr/local/bin/nc -vzw3 10.204.159.20 21
SAG_EALLET_MACAS_outbound|sipa-host|Y|/usr/local/bin/nc -vzw3 10.204.180.10 21
SAG_EALLET_PTPJ_outbound|spaintir|Y|/usr/local/bin/nc -vzw3 212.170.133.72 21
SAG_EALLET_PTRW_outbound|spaintir|Y|/usr/local/bin/nc -vzw3 212.170.133.72 21
SAG_EALLET_SKBTS_outbound|procars_at|Y|/usr/local/bin/nc -vzw3 10.207.21.225 21
SAG_EALLEV_ARBUE_outbound|procars_ar|N|/usr/local/bin/nc -vzw3 10.205.201.143 21
SAG_EALLEV_ATVIE_outbound|procars_at|Y|/usr/local/bin/nc -vzw3 10.207.21.225 21
SAG_EALLEV_BRSAO_outbound|procars_br|N|/usr/local/bin/nc -vzw3 10.221.252.180 21
SAG_EALLEV_CAYTO_outbound|schenker_sftp_ca|N|/usr/local/bin/nc -vzw3 10.206.196.2 22
SAG_EALLEV_CZPRG_outbound|procars_at|Y|/usr/local/bin/nc -vzw3 10.207.21.225 21
SAG_EALLEV_DEFRA_outbound|procars_de|Y|/usr/local/bin/nc -vzw3 10.202.194.41 21
SAG_EALLEV_EURDB_outbound|proseur_db|N|/usr/local/bin/nc -vzw3 10.224.81.48 21
SAG_EALLEV_EURFR_outbound|protrack|N|/usr/local/bin/nc -vzw3 10.204.4.94 22
SAG_EALLEV_EURIT_outbound|protrack|N|/usr/local/bin/nc -vzw3 10.204.4.94 22
SAG_EALLEV_EURSC_CLD_outbound|prcsagprodlb01.sl3.comp.db.de|Y|/usr/local/bin/nc -vzw3 prcsagprodlb01.sl3.comp.db.de 21
SAG_EALLEV_EURSC_outbound|procars-clu2.unix.rz.db.de|Y|/usr/local/bin/nc -vzw3 10.224.97.88 21
SAG_EALLEV_EUR_DB_FR_outbound|procars-clu1.unix.rz.db.de|Y|/usr/local/bin/nc -vzw3 10.224.99.252 22
SAG_EALLEV_EUR_DB_IT_outbound|procars-clu1.unix.rz.db.de|Y|/usr/local/bin/nc -vzw3 10.224.99.252 22
SAG_EALLEV_HUBUD_outbound|procars_at|Y|/usr/local/bin/nc -vzw3 10.207.21.225 21
SAG_EALLEV_INDEL_outbound|procars_sg|Y|/usr/local/bin/nc -vzw3 10.215.38.13 21
SAG_EALLEV_SGSIN2_outbound|procars_sg|Y|/usr/local/bin/nc -vzw3 10.215.38.13 21
SAG_EALLEV_SGSIN_outbound|procars_sg|Y|/usr/local/bin/nc -vzw3 10.215.38.13 21
SAG_EALLEV_TRIST_outbound|procars-clu1.unix.rz.db.de|Y|/usr/local/bin/nc -vzw3 10.224.99.252 22
SAG_EALLEV_USNYC_outbound|procars_us|Y|/usr/local/bin/nc -vzw3 10.220.3.68 21
SAG_EALLIT_AO_EUR_DB_outbound|procars-clu1.unix.rz.db.de|Y|/usr/local/bin/nc -vzw3 10.224.99.252 22
SAG_EALLIT_ARBUE_outbound|procars_ar|N|/usr/local/bin/nc -vzw3 10.205.201.143 21
SAG_EALLIT_ATVIE_outbound|procars_at|Y|/usr/local/bin/nc -vzw3 10.207.21.225 21
SAG_EALLIT_BRSAO_outbound|procars_br|N|/usr/local/bin/nc -vzw3 10.221.252.180 21
SAG_EALLIT_CAYTO_outbound|schenker_sftp_ca|N|/usr/local/bin/nc -vzw3 10.206.196.2 22
SAG_EALLIT_CIS_EVNT_outbound|etl.cis.dc.signintra.com|Y|/usr/local/bin/nc -vzw3 etl.cis.dc.signintra.com 21
SAG_EALLIT_CIS_POE_outbound|etl.cis.dc.signintra.com|Y|/usr/local/bin/nc -vzw3 etl.cis.dc.signintra.com 21
SAG_EALLIT_CIS_POI_outbound|etl.cis.dc.signintra.com|Y|/usr/local/bin/nc -vzw3 etl.cis.dc.signintra.com 21
SAG_EALLIT_CIS_TRK_outbound|etl.cis.dc.signintra.com|Y|/usr/local/bin/nc -vzw3 etl.cis.dc.signintra.com 21
SAG_EALLIT_CYLCA_outbound|xibftp|Y|/usr/local/bin/nc -vzw3 10.224.65.58 21
SAG_EALLIT_CZPRG_outbound|procars_at|Y|/usr/local/bin/nc -vzw3 10.207.21.225 21
SAG_EALLIT_DEFRA_outbound|procars_de|Y|/usr/local/bin/nc -vzw3 10.202.194.41 21
SAG_EALLIT_EURAO_outbound|protrack|N|/usr/local/bin/nc -vzw3 10.204.4.94 22
SAG_EALLIT_EURDB_outbound|proseur_db|N|/usr/local/bin/nc -vzw3 10.224.81.48 21
SAG_EALLIT_EURFR_outbound|protrack|N|/usr/local/bin/nc -vzw3 10.204.4.94 22
SAG_EALLIT_EURIT_outbound|protrack|N|/usr/local/bin/nc -vzw3 10.204.4.94 22
SAG_EALLIT_EUR_DB_FR_outbound|procars-clu1.unix.rz.db.de|Y|/usr/local/bin/nc -vzw3 10.224.99.252 22
SAG_EALLIT_EUR_DB_IT_outbound|procars-clu1.unix.rz.db.de|Y|/usr/local/bin/nc -vzw3 10.224.99.252 22
SAG_EALLIT_EUR_DB_MA_outbound|procars-clu1.unix.rz.db.de|Y|/usr/local/bin/nc -vzw3 10.224.99.252 22
SAG_EALLIT_EUR_SC_CLD_outbound|prcsagprodlb01.sl3.comp.db.de|Y|/usr/local/bin/nc -vzw3 prcsagprodlb01.sl3.comp.db.de 21
SAG_EALLIT_EUR_SC_outbound|procars-clu2.unix.rz.db.de|Y|/usr/local/bin/nc -vzw3 10.224.97.88 21
SAG_EALLIT_ILORI_outbound|xibftp|Y|/usr/local/bin/nc -vzw3 10.224.65.58 21
SAG_EALLIT_INDEL_outbound|procars_sg|Y|/usr/local/bin/nc -vzw3 10.215.38.13 21
SAG_EALLIT_LBR2CIS_outbound|etl.cis.dc.signintra.com|Y|/usr/local/bin/nc -vzw3 etl.cis.dc.signintra.com 21
SAG_EALLIT_QLH_EUR_DB_outbound|procars-clu1.unix.rz.db.de|Y|/usr/local/bin/nc -vzw3 10.224.99.252 22
SAG_EALLIT_SGSIN_outbound|procars_sg|Y|/usr/local/bin/nc -vzw3 10.215.38.13 21
SAG_EALLIT_TRIST_outbound|procars-clu1.unix.rz.db.de|Y|/usr/local/bin/nc -vzw3 10.224.99.252 22
SAG_EALLIT_US3_outbound|dpv-iface1.us.signintra.com|Y|/usr/local/bin/nc -vzw3 dpv-iface1.us.signintra.com 21
SAG_EALLIT_USNYC_outbound|procars_us|Y|/usr/local/bin/nc -vzw3 10.220.3.68 21
SAG_EALLPI_LHCIS_outbound|etl.cis.dc.signintra.com|Y|/usr/local/bin/nc -vzw3 etl.cis.dc.signintra.com 21
SAG_EALLRT_ATVIE_outbound|procars_at|Y|/usr/local/bin/nc -vzw3 10.207.21.225 21
SAG_EALLRT_AT_AXALTA_outbound|procars_at|Y|/usr/local/bin/nc -vzw3 10.207.21.225 21
SAG_EALLRT_AT_NIKE_outbound|procars_at|Y|/usr/local/bin/nc -vzw3 10.207.21.225 21
SAG_EALLRT_AT_NOKI_outbound|procars_at|Y|/usr/local/bin/nc -vzw3 10.207.21.225 21
SAG_EALLRT_AT_SCDK_outbound|procars_at|Y|/usr/local/bin/nc -vzw3 10.207.21.225 21
SAG_EALLRT_BGSOF_outbound|xibftp|Y|/usr/local/bin/nc -vzw3 10.224.65.58 21
SAG_EALLRT_BIH_outbound|schenker_bih|Y|/usr/local/bin/nc -vzw3 10.207.43.110 22
SAG_EALLRT_CHHAN_outbound|schenker_ch|Y|/usr/local/bin/nc -vzw3 10.224.0.141 22
SAG_EALLRT_CHZRH_outbound|matterhorn|Y|/usr/local/bin/nc -vzw3 10.206.27.11 21
SAG_EALLRT_CZPRG_outbound|xibftp|Y|/usr/local/bin/nc -vzw3 10.224.65.58 21
SAG_EALLRT_DECOB_outbound|inh_cob|Y|/usr/local/bin/nc -vzw3 10.203.67.3 21
SAG_EALLRT_ES_TIR_outbound|spaintir|Y|/usr/local/bin/nc -vzw3 212.170.133.72 21
SAG_EALLRT_FRPAR_outbound|sipa-host|Y|/usr/local/bin/nc -vzw3 10.204.180.10 21
SAG_EALLRT_GRATH_outbound|procars_at|Y|/usr/local/bin/nc -vzw3 10.207.21.225 21
SAG_EALLRT_HUBUD_outbound|procars_at|Y|/usr/local/bin/nc -vzw3 10.207.21.225 21
SAG_EALLRT_HU_NIKE_outbound|procars_at|Y|/usr/local/bin/nc -vzw3 10.207.21.225 21
SAG_EALLRT_HU_NOKI_outbound|procars_at|Y|/usr/local/bin/nc -vzw3 10.207.21.225 21
SAG_EALLRT_HU_SHEL_outbound|procars_at|Y|/usr/local/bin/nc -vzw3 10.207.21.225 21
SAG_EALLRT_ITMIL_outbound|simi-host|Y|/usr/local/bin/nc -vzw3 10.204.159.20 21
SAG_EALLRT_MACAS_outbound|sipa-host|Y|/usr/local/bin/nc -vzw3 10.204.180.10 21
SAG_EALLRT_MKSKP_outbound|schenker_mac|Y|/usr/local/bin/nc -vzw3 80.77.148.218 22
SAG_EALLRT_PLWAR_outbound|fobos.schenker.pl|Y|/usr/local/bin/nc -vzw3 10.219.30.31 21
SAG_EALLRT_PTPJ_outbound|spaintir|Y|/usr/local/bin/nc -vzw3 212.170.133.72 21
SAG_EALLRT_PTRW_outbound|spaintir|Y|/usr/local/bin/nc -vzw3 212.170.133.72 21
SAG_EALLRT_RGB_outbound|redhead_sftp_server|Y|/usr/local/bin/nc -vzw3 10.218.196.30 22
SAG_EALLRT_ROBUH_outbound|procars_at|Y|/usr/local/bin/nc -vzw3 10.207.21.225 21
SAG_EALLRT_SKBTS_outbound|procars_at|Y|/usr/local/bin/nc -vzw3 10.207.21.225 21
SAG_EALLRT_SK_NIKE_outbound|procars_at|Y|/usr/local/bin/nc -vzw3 10.207.21.225 21
SAG_EALLRT_SR_outbound|schenker_sr|Y|/usr/local/bin/nc -vzw3 10.207.132.5 22
SAG_EALLRT_TO_DE_COBMM_outbound|inh_cob|Y|/usr/local/bin/nc -vzw3 10.203.67.3 21
SAG_EALLRT_TRIST_outbound|xibftp|Y|/usr/local/bin/nc -vzw3 10.224.65.58 21
SAG_ECATBL_CAYTO_outbound|schenker_sftp_ca|N|/usr/local/bin/nc -vzw3 10.206.196.2 22
SAG_EGXDEX_outbound|gxddb.dc.signintra.com|Y|/usr/local/bin/nc -vzw3 gxddb.dc.signintra.com 22
SAG_EGXDFM_AT_outbound|procars_at|Y|/usr/local/bin/nc -vzw3 10.207.21.225 21
SAG_EGXDFM_Canada_outbound|freds_ca_ddc|Y|/usr/local/bin/nc -vzw3 10.220.6.10 21
SAG_EGXDFM_EU_CLD_outbound|prcsagprodlb01.sl3.comp.db.de|N|/usr/local/bin/nc -vzw3 prcsagprodlb01.sl3.comp.db.de 21
SAG_EGXDFM_EU_outbound|procars-clu2.unix.rz.db.de|Y|/usr/local/bin/nc -vzw3 10.224.97.88 21
SAG_EGXDFM_IN_outbound|procars_sg|Y|/usr/local/bin/nc -vzw3 10.215.38.13 21
SAG_EGXDFM_LATAM_outbound|procars_br|N|/usr/local/bin/nc -vzw3 10.221.252.180 21
SAG_EGXDFM_Mexico_outbound|procars_us|Y|/usr/local/bin/nc -vzw3 10.220.3.68 21
SAG_EGXDFM_SG_outbound|procars_sg|Y|/usr/local/bin/nc -vzw3 10.215.38.13 21
SAG_EGXDFM_USA_outbound|procars_us|Y|/usr/local/bin/nc -vzw3 10.220.3.68 21
SAG_EGXDXN_outbound|gxddb.dc.signintra.com|Y|/usr/local/bin/nc -vzw3 gxddb.dc.signintra.com 22
SAG_ENACAW_AO_outbound|procars-clu1.unix.rz.db.de|Y|/usr/local/bin/nc -vzw3 10.224.99.252 22
SAG_ENACAW_CZ_outbound|procars_at|Y|/usr/local/bin/nc -vzw3 10.207.21.225 21
SAG_ENACAW_FR_outbound|procars-clu1.unix.rz.db.de|Y|/usr/local/bin/nc -vzw3 10.224.99.252 22
SAG_ENACAW_IT_outbound|procars-clu1.unix.rz.db.de|Y|/usr/local/bin/nc -vzw3 10.224.99.252 22
SAG_ENACAW_MA_outbound|procars-clu1.unix.rz.db.de|Y|/usr/local/bin/nc -vzw3 10.224.99.252 22
SAG_ENACAW_TR_outbound|procars-clu1.unix.rz.db.de|Y|/usr/local/bin/nc -vzw3 10.224.99.252 22
SAG_ENACBL_AO_outbound|procars-clu1.unix.rz.db.de|Y|/usr/local/bin/nc -vzw3 10.224.99.252 22
SAG_ENACBL_CZ_outbound|procars_at|Y|/usr/local/bin/nc -vzw3 10.207.21.225 21
SAG_ENACBL_FR_outbound|procars-clu1.unix.rz.db.de|Y|/usr/local/bin/nc -vzw3 10.224.99.252 22
SAG_ENACBL_IT_outbound|procars-clu1.unix.rz.db.de|Y|/usr/local/bin/nc -vzw3 10.224.99.252 22
SAG_ENACBL_MA_outbound|procars-clu1.unix.rz.db.de|Y|/usr/local/bin/nc -vzw3 10.224.99.252 22
SAG_ENACBL_TR_outbound|procars-clu1.unix.rz.db.de|Y|/usr/local/bin/nc -vzw3 10.224.99.252 22
SAG_ETGOPI_US3_outbound|dpv-iface1.us.signintra.com|Y|/usr/local/bin/nc -vzw3 dpv-iface1.us.signintra.com 21
SAG_ETLNCE_CO_outbound|xibftp|Y|/usr/local/bin/nc -vzw3 10.224.65.58 21
SAG_ETLNCE_CR_outbound|ftps.tical.com|N|/usr/local/bin/nc -vzw3 ftps.tical.com 
SAG_ETLNCE_CY_outbound|xibftp|Y|/usr/local/bin/nc -vzw3 10.224.65.58 21
SAG_ETLNCE_EC_outbound|xibftp|Y|/usr/local/bin/nc -vzw3 10.224.65.58 21
SAG_ETLNCE_GB_outbound|xibftp|Y|/usr/local/bin/nc -vzw3 10.224.65.58 21
SAG_ETLNCE_IL_outbound|xibftp|Y|/usr/local/bin/nc -vzw3 10.224.65.58 21
SAG_ETLNCE_LK_outbound|xibftp|Y|/usr/local/bin/nc -vzw3 10.224.65.58 21
SAG_ETLNCE_PK_outbound|xibftp|Y|/usr/local/bin/nc -vzw3 10.224.65.58 21
SAG_ETLNCE_TN_outbound|preprod.smti.com.tn|Y|/usr/local/bin/nc -vzw3 preprod.smti.com.tn 21
SAG_ETLNCE_UY_outbound|xibftp|Y|/usr/local/bin/nc -vzw3 10.224.65.58 21
SAG_EXBPTS_outbound|sanctionlist1.sl2.comp.db.de|Y|/usr/local/bin/nc -vzw3 sanctionlist1.sl2.comp.db.de 22
||N|dummy
SCHLAINHKG_outbound|schenkerHK|Y|/usr/local/bin/nc -vzw3 10.213.122.15 21
SWD_CI2FDS_AWB_FREDS_outbound|freds_ca_ddc|Y|/usr/local/bin/nc -vzw3 10.220.6.10 21
SWD_CI2FDS_AWB_NFREDS_outbound|newfreds_ca|Y|/usr/local/bin/nc -vzw3 10.220.6.61 21
SWD_CI2FDS_BLM_FREDS_outbound|freds_ca_ddc|Y|/usr/local/bin/nc -vzw3 10.220.6.10 21
SWD_CI2FDS_BLM_NFREDS_outbound|newfreds_ca|Y|/usr/local/bin/nc -vzw3 10.220.6.61 21
SWD_CI2FDS_BLM_NTOPS_outbound|newtops_ca|Y|/usr/local/bin/nc -vzw3 10.220.6.5 21
SWD_CI2FDS_BLM_TOPS_outbound|tops_ca|N|/usr/local/bin/nc -vzw3 10.206.192.89 21
SWD_CI2FDS_EVT_FREDS_outbound|freds_ca_ddc|Y|/usr/local/bin/nc -vzw3 10.220.6.10 21
SWD_CI2FDS_EVT_NFREDS_outbound|newfreds_ca|Y|/usr/local/bin/nc -vzw3 10.220.6.61 21
SWD_CI2FDS_ITT_FREDS_outbound|freds_ca_ddc|Y|/usr/local/bin/nc -vzw3 10.220.6.10 21
SWD_CI2FDS_ITT_NFREDS_outbound|newfreds_ca|Y|/usr/local/bin/nc -vzw3 10.220.6.61 21
SWD_CI2WES_outbound|dpv-ftpsrv1.us.signintra.com|Y|/usr/local/bin/nc -vzw3 dpv-ftpsrv1.us.signintra.com 21
SWD_CICATD_outbound|tops_ca|N|/usr/local/bin/nc -vzw3 10.206.192.89 21
SWD_CICOMP_TOPS_outbound|newtops_ca|Y|/usr/local/bin/nc -vzw3 10.220.6.5 21
SWD_CICOMP_outbound|tops_ca|N|/usr/local/bin/nc -vzw3 10.206.192.89 21
SWD_CIEICI_outbound|freds_ca_ddc|Y|/usr/local/bin/nc -vzw3 10.220.6.10 21
SWD_CIGXDD_outbound|freds_ca_ddc|Y|/usr/local/bin/nc -vzw3 10.220.6.10 21
SWD_CINISF_TOPS_outbound|newtops_ca|Y|/usr/local/bin/nc -vzw3 10.220.6.5 21
SWD_CINISF_outbound|tops_ca|N|/usr/local/bin/nc -vzw3 10.206.192.89 21
SWD_CIOCWD_NEWTOPS_outbound|newtops_ca|Y|/usr/local/bin/nc -vzw3 10.220.6.5 21
SWD_CIOCWD_TOPS_outbound|tops_ca|N|/usr/local/bin/nc -vzw3 10.206.192.89 21
SWD_CIOCWD_outbound|tops_ca|N|/usr/local/bin/nc -vzw3 10.206.192.89 21
SWD_CISUSA_FREDS_outbound|freds_ca|Y|/usr/local/bin/nc -vzw3 10.220.6.10 21
||N|dummy
SWD_CISUSA_NTOPS_outbound|newtops_ca|Y|/usr/local/bin/nc -vzw3 10.220.6.5 21
SWD_CISUSA_TOPS_outbound|tops_ca|N|/usr/local/bin/nc -vzw3 10.206.192.89 21
SWD_CO2BAX_outbound|dpv-mq-p1.us.signintra.com|Y|/usr/local/bin/nc -vzw3 dpv-mq-p1.us.signintra.com 21
SWD_CO2FDS_BLM_TOPS_outbound|tops_ca|N|/usr/local/bin/nc -vzw3 10.206.192.89 21
SWD_CO2WES_outbound|dpv-ftpsrv1.us.signintra.com|Y|/usr/local/bin/nc -vzw3 dpv-ftpsrv1.us.signintra.com 21
TECHAOHKGP_outbound|schenker_xmn|Y|/usr/local/bin/nc -vzw3 10.213.90.61 21
UDS_COROUT_NEWTOPS_outbound|newtops_ca|Y|/usr/local/bin/nc -vzw3 10.220.6.5 21
WDC_AIN997_outbound|XIBFTP|Y|/usr/local/bin/nc -vzw3 XIBFTP 21
