ADIDASICAR_inbound|ftp.posthaste.co.nz|Y|/usr/local/bin/nc -vzw3 ftp.posthaste.co.nz 21
ADIDASISTA_inbound|eu-sftp.tms-lsp.blujaysolutions.net|Y|/usr/local/bin/nc -vzw3 eu-sftp.tms-lsp.blujaysolutions.net 22
ADIDASIWMS_inbound|eu-sftp.tms-lsp.blujaysolutions.net|Y|/usr/local/bin/nc -vzw3 eu-sftp.tms-lsp.blujaysolutions.net 22
ADIDASIWMS_outbound|xibftp|Y|/usr/local/bin/nc -vzw3 10.224.65.58 21
ADIDASOCAR_outbound|ftp.posthaste.co.nz|Y|/usr/local/bin/nc -vzw3 ftp.posthaste.co.nz 21
ADIDASOCOD_inbound|xibftp|Y|/usr/local/bin/nc -vzw3 10.224.65.58 21
ADIDASOWMS_inbound|xibftp|Y|/usr/local/bin/nc -vzw3 10.224.65.58 21
ADIDAS_outbound|ftp.adidas-group.com|Y|/usr/local/bin/nc -vzw3 ftp.adidas-group.com 21
APSTAIN2AU_outbound|xibftp|Y|/usr/local/bin/nc -vzw3 10.224.65.58 21
APSTAINCSV_SFTP_inbound|st.auspost.com.au|Y|/usr/local/bin/nc -vzw3 st.auspost.com.au 22
APSTAINCSV_outbound|xibftp|Y|/usr/local/bin/nc -vzw3 10.224.65.58 21
APSTAOB4AU_inbound|xibftp|Y|/usr/local/bin/nc -vzw3 10.224.65.58 21
ASSUAIN2AU_inbound|xibftp|Y|/usr/local/bin/nc -vzw3 10.224.65.58 21
ASSUAIN2AU_outbound|xibftp|Y|/usr/local/bin/nc -vzw3 10.224.65.58 21
ASSUAOBRPT_SFTP_outbound|sftp.australiasoutheast.assurant.com|Y|/usr/local/bin/nc -vzw3 sftp.australiasoutheast.assurant.com 22
ASSUAOBRPT_inbound|xibftp|Y|/usr/local/bin/nc -vzw3 10.224.65.58 21
ASSUAOTXT1_inbound|xibftp|Y|/usr/local/bin/nc -vzw3 10.224.65.58 21
ATOMAI2OTM_inbound|xibftp|Y|/usr/local/bin/nc -vzw3 10.224.65.58 21
ATOMAO2EPS_inbound|ddsprd_ftp|Y|/usr/local/bin/nc -vzw3 10.215.22.49 21
ATOMAO2EPS_outbound|ftp_atoms|Y|/usr/local/bin/nc -vzw3 47.90.83.144 21
ATOMAOFOTM_inbound|ddsprd_ftp|Y|/usr/local/bin/nc -vzw3 10.215.22.49 21
ATOMAOFOTM_outbound|ftp_atoms|N|/usr/local/bin/nc -vzw3 47.90.83.144 3221
BBACAIDELF_outbound|xibftp|Y|/usr/local/bin/nc -vzw3 10.224.65.58 21
BBACAOBATM_inbound|xibftp|Y|/usr/local/bin/nc -vzw3 10.224.65.58 21
CANOAIPASS_inbound|xibftp|Y|/usr/local/bin/nc -vzw3 10.224.65.58 21
CANOAIPASS_outbound|schneider_ph_ftp|Y|/usr/local/bin/nc -vzw3 10.213.228.54 21
CANOAOPASS_PDF_inbound|schneider_ph_ftp|Y|/usr/local/bin/nc -vzw3 10.213.228.54 21
CANOAOPASS_inbound|schneider_ph_ftp|Y|/usr/local/bin/nc -vzw3 10.213.228.54 21
CANOAOPASS_outbound|xibftp|Y|/usr/local/bin/nc -vzw3 10.224.65.58 21
CGWIAINXML_inbound|nzcargowise|Y|/usr/local/bin/nc -vzw3 203.167.250.187 21
CGWIAINXML_outbound|xibftp|Y|/usr/local/bin/nc -vzw3 10.224.65.58 21
CTSLASGODR_outbound|xibftp|Y|/usr/local/bin/nc -vzw3 10.224.65.58 21
DDS_APCRAU_inbound|procars_sg|Y|/usr/local/bin/nc -vzw3 10.215.38.13 21
DDS_APCRAU_outbound|internalftp2.dbschenker.com.au|Y|/usr/local/bin/nc -vzw3 internalftp2.dbschenker.com.au 21
DELLAIWIST_CD_outbound|xibftp|Y|/usr/local/bin/nc -vzw3 10.224.65.58 21
DELLAIWIST_PH_outbound|xibftp|Y|/usr/local/bin/nc -vzw3 10.224.65.58 21
DELLAIWIST_inbound|xibftp|Y|/usr/local/bin/nc -vzw3 10.224.65.58 21
DELLAOCOM_CCD_INV_inbound|xibftp|Y|/usr/local/bin/nc -vzw3 10.224.65.58 21
DELLAOCOM_CCD_TXT_inbound|xibftp|Y|/usr/local/bin/nc -vzw3 10.224.65.58 21
DELLAOCOM_CHV_INV_inbound|xibftp|Y|/usr/local/bin/nc -vzw3 10.224.65.58 21
DELLAOCOM_CHV_TXT_inbound|xibftp|Y|/usr/local/bin/nc -vzw3 10.224.65.58 21
DELLAOCOM_CTY_INV_inbound|xibftp|Y|/usr/local/bin/nc -vzw3 10.224.65.58 21
DELLAOCOM_CTY_TXT_inbound|xibftp|Y|/usr/local/bin/nc -vzw3 10.224.65.58 21
DELLAOTOSH_PH_GI_outbound|delltoshiba|Y|/usr/local/bin/nc -vzw3 203.160.247.48 21
DELLAOTOSH_PH_SNT_outbound|delltoshiba|Y|/usr/local/bin/nc -vzw3 203.160.247.48 21
DELLAOTOSH_TW_GI_outbound|delltoshiba|Y|/usr/local/bin/nc -vzw3 203.160.247.48 21
DELLAOTOSH_TW_SNT_outbound|delltoshiba|Y|/usr/local/bin/nc -vzw3 203.160.247.48 21
DELLAOTOSH_VN_GI_outbound|delltoshiba|Y|/usr/local/bin/nc -vzw3 203.160.247.48 21
DELLAOTOSH_VN_SNT_outbound|delltoshiba|Y|/usr/local/bin/nc -vzw3 203.160.247.48 21
DELLAOWIST_CD_inbound|xibftp|Y|/usr/local/bin/nc -vzw3 10.224.65.58 21
DELLAOWIST_PH_inbound|xibftp|Y|/usr/local/bin/nc -vzw3 10.224.65.58 21
DELLAOWIST_outbound|xibftp|Y|/usr/local/bin/nc -vzw3 10.224.65.58 21
DELLA_SUPP_CD_inbound|xibftp|Y|/usr/local/bin/nc -vzw3 10.224.65.58 21
DELLA_SUPP_PH_inbound|xibftp|Y|/usr/local/bin/nc -vzw3 10.224.65.58 21
DELLA_SUPP_TW_inbound|xibftp|Y|/usr/local/bin/nc -vzw3 10.224.65.58 21
DELLA_SUPP_VN_inbound|xibftp|Y|/usr/local/bin/nc -vzw3 10.224.65.58 21
DELL_3IN1_PH_outbound|xibftp|Y|/usr/local/bin/nc -vzw3 10.224.65.58 21
DELL_3IN1_TW_outbound|xibftp|Y|/usr/local/bin/nc -vzw3 10.224.65.58 21
DELL_SUB_inbound|xibftp|Y|/usr/local/bin/nc -vzw3 10.224.65.58 21
DELL_TW_CCD_outbound|xibftp|Y|/usr/local/bin/nc -vzw3 10.224.65.58 21
DELL_TW_CHV_outbound|xibftp|Y|/usr/local/bin/nc -vzw3 10.224.65.58 21
DELL_TW_CTY_outbound|xibftp|Y|/usr/local/bin/nc -vzw3 10.224.65.58 21
FCAUAIROUT_inbound|xibftp|Y|/usr/local/bin/nc -vzw3 10.224.65.58 21
FCAUAIROUT_outbound|xibftp|Y|/usr/local/bin/nc -vzw3 10.224.65.58 21
FCAUAOROUT_inbound|xibftp|Y|/usr/local/bin/nc -vzw3 10.224.65.58 21
FCAUAOROUT_outbound|xibftp|Y|/usr/local/bin/nc -vzw3 10.224.65.58 21
FMC_AMYFF1_inbound|xibftp|Y|/usr/local/bin/nc -vzw3 10.224.65.58 21
FMC_AMYFF1_outbound|xibftp|Y|/usr/local/bin/nc -vzw3 10.224.65.58 21
FMC_AMYFF2_inbound|xibftp|Y|/usr/local/bin/nc -vzw3 10.224.65.58 21
FMC_AMYFF2_outbound|xibftp|Y|/usr/local/bin/nc -vzw3 10.224.65.58 21
HMSEAIN2CN_inbound|ICCB2B.HM.COM|Y|/usr/local/bin/nc -vzw3 ICCB2B.HM.COM 22
HMSEAOB2HM_inbound|ddsprd_ftp|Y|/usr/local/bin/nc -vzw3 10.215.22.49 21
HMSEAOB2HM_outbound|ICCB2B.HM.COM|Y|/usr/local/bin/nc -vzw3 ICCB2B.HM.COM 22
HNDAAIN2AU_inbound|ftp.honda.com.au|Y|/usr/local/bin/nc -vzw3 ftp.honda.com.au 22
HNDAAIN2AU_outbound|edifice.schenker.int.au|Y|/usr/local/bin/nc -vzw3 10.215.222.9 22
HNDAAOB2HD_inbound|xibftp|Y|/usr/local/bin/nc -vzw3 10.224.65.58 21
HNDAAOB2HD_outbound|ftp.honda.com.au|Y|/usr/local/bin/nc -vzw3 ftp.honda.com.au 22
IKEAAIMAIL_outbound|xibftp|Y|/usr/local/bin/nc -vzw3 10.224.65.58 21
ISUZAIPH01_IR_inbound|isuzuphprod|Y|/usr/local/bin/nc -vzw3 119.92.194.214 555
ISUZAIPH01_SC_inbound|isuzuphprod|Y|/usr/local/bin/nc -vzw3 119.92.194.214 555
ISUZAIPH01_inbound|isuzuphprod|Y|/usr/local/bin/nc -vzw3 119.92.194.214 555
ISUZAIPH01_outbound|schneider_ph_ftp|Y|/usr/local/bin/nc -vzw3 10.213.228.54 21
ISUZAOPH01_PL_outbound|isuzuphprod|Y|/usr/local/bin/nc -vzw3 119.92.194.214 555
ISUZAOPH01_SM_outbound|isuzuphprod|Y|/usr/local/bin/nc -vzw3 119.92.194.214 555
ISUZAOPH01_inbound|schneider_ph_ftp|Y|/usr/local/bin/nc -vzw3 10.213.228.54 21
ISUZAOPH01_outbound|isuzuphprod|Y|/usr/local/bin/nc -vzw3 119.92.194.214 555
LCWAAISKU1_inbound|FTP.SCHENKER-ASIA.COM|Y|/usr/local/bin/nc -vzw3 FTP.SCHENKER-ASIA.COM 22
LCWAAIXXXX_ARC_outbound|FTP.SCHENKER-ASIA.COM|Y|/usr/local/bin/nc -vzw3 FTP.SCHENKER-ASIA.COM 22
LCWAAIXXXX_inbound|FTP.SCHENKER-ASIA.COM|Y|/usr/local/bin/nc -vzw3 FTP.SCHENKER-ASIA.COM 22
LCWAAOXXXX_inbound|xibftp|Y|/usr/local/bin/nc -vzw3 10.224.65.58 21
LCWAOXXXX_SFTP_outbound|FTP.SCHENKER-ASIA.COM|Y|/usr/local/bin/nc -vzw3 FTP.SCHENKER-ASIA.COM 22
MATLAIARCH_TRG_inbound|xibftp|Y|/usr/local/bin/nc -vzw3 10.224.65.58 21
MATLAIARCH_TXT_inbound|xibftp|Y|/usr/local/bin/nc -vzw3 10.224.65.58 21
MATLAIPASS_inbound|xibftp|Y|/usr/local/bin/nc -vzw3 10.224.65.58 21
MATLAIPASS_outbound|india_ftp|Y|/usr/local/bin/nc -vzw3 10.213.174.142 21
MATLAOPASS_TRG_inbound|india_ftp|Y|/usr/local/bin/nc -vzw3 10.213.174.142 21
MATLAOPASS_TXT_inbound|india_ftp|Y|/usr/local/bin/nc -vzw3 10.213.174.142 21
MATLAOPASS_outbound|xibftp|Y|/usr/local/bin/nc -vzw3 10.224.65.58 21
MITSAOSHJP_inbound|xibftp|Y|/usr/local/bin/nc -vzw3 10.224.65.58 21
MITSAOSHJP_outbound|xibftp|Y|/usr/local/bin/nc -vzw3 10.224.65.58 21
NPSLASGODR_outbound|xibftp|Y|/usr/local/bin/nc -vzw3 10.224.65.58 21
NUSKAIN2ID_outbound|ftp.id.signintra.com|Y|/usr/local/bin/nc -vzw3 ftp.id.signintra.com 21
ODM_EFCGXM_inbound|xibftp|Y|/usr/local/bin/nc -vzw3 10.224.65.58 22
ODM_EFCGXM_outbound|xibftp|Y|/usr/local/bin/nc -vzw3 10.224.65.58 21
ODM_EFCGXN_inbound|xibftp|Y|/usr/local/bin/nc -vzw3 10.224.65.58 22
ODM_EFCGXN_outbound|xibftp|Y|/usr/local/bin/nc -vzw3 10.224.65.58 21
ORILASGODR_outbound|xibftp|Y|/usr/local/bin/nc -vzw3 10.224.65.58 21
PCARANAWS1_AU_outbound|procars_sg|Y|/usr/local/bin/nc -vzw3 10.215.38.13 21
PCARANAWS1_CN1_outbound|procars_sg|Y|/usr/local/bin/nc -vzw3 10.215.38.13 21
PCARANAWS1_CN2_outbound|procars_sg|Y|/usr/local/bin/nc -vzw3 10.215.38.13 21
PCARANAWS1_CN3_outbound|procars_sg|Y|/usr/local/bin/nc -vzw3 10.215.38.13 21
PCARANAWS1_HK_outbound|procars_sg|Y|/usr/local/bin/nc -vzw3 10.215.38.13 21
PCARANAWS1_IN_outbound|procars_sg|Y|/usr/local/bin/nc -vzw3 10.215.38.13 21
PCARANAWS1_JP_outbound|procars_sg|Y|/usr/local/bin/nc -vzw3 10.215.38.13 21
PCARANAWS1_KR_outbound|procars_sg|Y|/usr/local/bin/nc -vzw3 10.215.38.13 21
PCARANAWS1_MY_outbound|procars_sg|Y|/usr/local/bin/nc -vzw3 10.215.38.13 21
PCARANAWS1_SG_outbound|procars_sg|Y|/usr/local/bin/nc -vzw3 10.215.38.13 21
PCARANAWS1_TW_outbound|procars_sg|Y|/usr/local/bin/nc -vzw3 10.215.38.13 21
PHILAOXXXX_inbound|xibftp|Y|/usr/local/bin/nc -vzw3 10.224.65.58 21
PORSAOXML1_inbound|xibftp|Y|/usr/local/bin/nc -vzw3 10.224.65.58 21
SAB_N0001P_outbound|gotch06.btl.se|Y|/usr/local/bin/nc -vzw3 10.216.206.137 21
SAB_N0002P_inbound|xibftp|Y|/usr/local/bin/nc -vzw3 10.224.65.58 21
SAB_N0007P_LOAD_X085_outbound|broiwcx085.schenker.nccsegot.signintra.com|Y|/usr/local/bin/nc -vzw3 broiwcx085.schenker.nccsegot.signintra.com 21
SAB_N0007P_LOAD_outbound|broiwc04.schenker.nccsegot.signintra.com|N|/usr/local/bin/nc -vzw3 broiwc04.schenker.nccsegot.signintra.com 21
SAB_N0012P_X085_outbound|BROIWCX085.schenker.nccsegot.signintra.com|Y|/usr/local/bin/nc -vzw3 BROIWCX085.schenker.nccsegot.signintra.com 21
SAB_N0012Q_outbound|gotch07.schenker.nccsegot.signintra.com|Y|/usr/local/bin/nc -vzw3 gotch07.schenker.nccsegot.signintra.com 21
SAB_N0012S_outbound|xibftp|Y|/usr/local/bin/nc -vzw3 10.224.65.58 21
SAB_N0012T_RC_outbound|xibftp|Y|/usr/local/bin/nc -vzw3 10.224.65.58 21
SAB_N0016P_inbound|ftp.postnummerservice.se|Y|/usr/local/bin/nc -vzw3 ftp.postnummerservice.se 21
SAB_N0017P_LOAD_X085_outbound|broiwcx085.schenker.nccsegot.signintra.com|Y|/usr/local/bin/nc -vzw3 broiwcx085.schenker.nccsegot.signintra.com 21
SAB_N0018P_LOAD_X085_outbound|broiwcx085.schenker.nccsegot.signintra.com|Y|/usr/local/bin/nc -vzw3 broiwcx085.schenker.nccsegot.signintra.com 21
SAB_N0021P_inbound|xibftp|Y|/usr/local/bin/nc -vzw3 10.224.65.58 21
SAB_N0023P_outbound|sftp.bisnode.com|Y|/usr/local/bin/nc -vzw3 sftp.bisnode.com 22
SAB_N0031P_outbound|gotch06.btl.se|Y|/usr/local/bin/nc -vzw3 10.216.206.137 21
SAB_N0034P_EPS_inbound|gotch07.schenker.nccsegot.signintra.com|Y|/usr/local/bin/nc -vzw3 gotch07.schenker.nccsegot.signintra.com 21
SAB_N0034P_inbound|xibftp|Y|/usr/local/bin/nc -vzw3 10.224.65.58 21
SAB_N0034P_outbound|sebis00a.btl.se|N|/usr/local/bin/nc -vzw3 193.182.220.217 21
SAB_N0036P_inbound|grgotol.schenker.nccsegot.signintra.com|Y|/usr/local/bin/nc -vzw3 grgotol.schenker.nccsegot.signintra.com 21
SAB_N0036P_outbound|qlikviewinrikes.se.signintra.com|Y|/usr/local/bin/nc -vzw3 qlikviewinrikes.se.signintra.com 21
SAB_N0037P_inbound|grgotol.schenker.nccsegot.signintra.com|Y|/usr/local/bin/nc -vzw3 grgotol.schenker.nccsegot.signintra.com 21
SAB_N0037P_outbound|qlikviewinrikes.se.signintra.com|Y|/usr/local/bin/nc -vzw3 qlikviewinrikes.se.signintra.com 21
SAB_N0038P_inbound|grgotol.schenker.nccsegot.signintra.com|Y|/usr/local/bin/nc -vzw3 grgotol.schenker.nccsegot.signintra.com 21
SAB_N0038P_outbound|qlikviewinrikes.se.signintra.com|Y|/usr/local/bin/nc -vzw3 qlikviewinrikes.se.signintra.com 21
SAB_N0039P_outbound|gotch05.btl.se|Y|/usr/local/bin/nc -vzw3 10.216.206.139 21
SAB_N0040P_inbound|grgotol.schenker.nccsegot.signintra.com|Y|/usr/local/bin/nc -vzw3 grgotol.schenker.nccsegot.signintra.com 21
SAB_N0040P_outbound|xib.services.logica.com|Y|/usr/local/bin/nc -vzw3 xib.services.logica.com 22
SAB_N0041P_inbound|grgothi.schenker.nccsegot.signintra.com|Y|/usr/local/bin/nc -vzw3 grgothi.schenker.nccsegot.signintra.com 21
SAB_N0041P_outbound|qlikviewinrikes.se.signintra.com|Y|/usr/local/bin/nc -vzw3 qlikviewinrikes.se.signintra.com 21
SAB_N0042P_inbound|grgothi.schenker.nccsegot.signintra.com|Y|/usr/local/bin/nc -vzw3 grgothi.schenker.nccsegot.signintra.com 21
SAB_N0042P_outbound|qlikviewinrikes.se.signintra.com|Y|/usr/local/bin/nc -vzw3 qlikviewinrikes.se.signintra.com 21
SAB_N0043P_inbound|barcelona.mccsegot.signintra.com|Y|/usr/local/bin/nc -vzw3 barcelona.mccsegot.signintra.com 21
SAB_N0043P_outbound|qlikviewinrikes.se.signintra.com|Y|/usr/local/bin/nc -vzw3 qlikviewinrikes.se.signintra.com 21
SAB_N0047P_LOAD_X085_outbound|broiwcx085.schenker.nccsegot.signintra.com|Y|/usr/local/bin/nc -vzw3 broiwcx085.schenker.nccsegot.signintra.com 21
SAB_N0050P_LOAD_X085_outbound|broiwcx085.schenker.nccsegot.signintra.com|Y|/usr/local/bin/nc -vzw3 broiwcx085.schenker.nccsegot.signintra.com 21
SAB_N0053P_inbound|CIEL|Y|/usr/local/bin/nc -vzw3 193.182.220.116 22
SAB_N0054P_inbound|CIEL|Y|/usr/local/bin/nc -vzw3 193.182.220.116 22
SAB_N0057P_inbound|CIEL|Y|/usr/local/bin/nc -vzw3 193.182.220.116 22
SAB_N0061P_LOAD_X085_inbound|broiwcx085.schenker.nccsegot.signintra.com|Y|/usr/local/bin/nc -vzw3 broiwcx085.schenker.nccsegot.signintra.com 21
SAB_N0061P_outbound|broiwv08.schenker.nccsegot.signintra.com|Y|/usr/local/bin/nc -vzw3 broiwv08.schenker.nccsegot.signintra.com 21
SAB_N0062P_LOAD_X085_inbound|broiwcx085.schenker.nccsegot.signintra.com|Y|/usr/local/bin/nc -vzw3 broiwcx085.schenker.nccsegot.signintra.com 21
SAB_N0062P_outbound|broiwv08.schenker.nccsegot.signintra.com|Y|/usr/local/bin/nc -vzw3 broiwv08.schenker.nccsegot.signintra.com 21
SAB_N0063P_LOAD_X085_inbound|broiwcx085.schenker.nccsegot.signintra.com|Y|/usr/local/bin/nc -vzw3 broiwcx085.schenker.nccsegot.signintra.com 21
SAB_N0069P_outbound|sftp.bankgirot.se|Y|/usr/local/bin/nc -vzw3 sftp.bankgirot.se 22
SAB_N0073P_FI291SE2_inbound|xibftp|Y|/usr/local/bin/nc -vzw3 10.224.65.58 21
SAB_N0073P_FI2A9SE2_inbound|xibftp|Y|/usr/local/bin/nc -vzw3 10.224.65.58 21
SAB_N0073P_FI2B9SE2_inbound|xibftp|Y|/usr/local/bin/nc -vzw3 10.224.65.58 21
SAB_N0073P_FI2C9SE2_inbound|xibftp|Y|/usr/local/bin/nc -vzw3 10.224.65.58 21
SAB_N0073P_FI2E9SE2_inbound|xibftp|Y|/usr/local/bin/nc -vzw3 10.224.65.58 21
SAB_N0073P_FI2L9SE2_inbound|xibftp|Y|/usr/local/bin/nc -vzw3 10.224.65.58 21
SAB_N0073P_FI2P9SE2_inbound|xibftp|Y|/usr/local/bin/nc -vzw3 10.224.65.58 21
SAB_N0073P_FI2S9SE2_inbound|xibftp|Y|/usr/local/bin/nc -vzw3 10.224.65.58 21
SAB_N0073P_FI2Y9SE2_inbound|xibftp|Y|/usr/local/bin/nc -vzw3 10.224.65.58 21
SAB_N0073P_outbound|xib.services.logica.com|Y|/usr/local/bin/nc -vzw3 xib.services.logica.com 22
SAB_N0074P_inbound|xibftp|Y|/usr/local/bin/nc -vzw3 10.224.65.58 21
SAB_N0076P_FI291SE7_CSV_inbound|xibftp|Y|/usr/local/bin/nc -vzw3 10.224.65.58 21
SAB_N0076P_FI291SE7_inbound|xibftp|Y|/usr/local/bin/nc -vzw3 10.224.65.58 21
SAB_N0076P_FI291SE7_txt_inbound|xibftp|Y|/usr/local/bin/nc -vzw3 10.224.65.58 21
SAB_N0076P_FI291SE8_txt_inbound|xibftp|Y|/usr/local/bin/nc -vzw3 10.224.65.58 21
SAB_N0077P_outbound|xibftp|Y|/usr/local/bin/nc -vzw3 10.224.65.58 21
SAB_N0078P_inbound|xibftp|Y|/usr/local/bin/nc -vzw3 10.224.65.58 21
SAB_N0079P_outbound|edi.postnet.se|Y|/usr/local/bin/nc -vzw3 edi.postnet.se 21
SAB_N0082P_CIEL_outbound|CIEL|Y|/usr/local/bin/nc -vzw3 193.182.220.116 22
SAB_N0082P_RAILOG_outbound|CIEL|Y|/usr/local/bin/nc -vzw3 193.182.220.116 22
SAB_N0085P_new_outbound|sto1wv11.schenker.nccsegot.signintra.com|Y|/usr/local/bin/nc -vzw3 sto1wv11.schenker.nccsegot.signintra.com 21
SAB_N0085P_outbound|BROTW04|Y|/usr/local/bin/nc -vzw3 10.216.206.157 21
SAB_N0085Q_new_outbound|sto1wv12.schenker.nccsegot.signintra.com|Y|/usr/local/bin/nc -vzw3 sto1wv12.schenker.nccsegot.signintra.com 21
SAB_N0086P_new_outbound|sto1wv11.schenker.nccsegot.signintra.com|Y|/usr/local/bin/nc -vzw3 sto1wv11.schenker.nccsegot.signintra.com 21
SAB_N0086P_outbound|BROTW04|Y|/usr/local/bin/nc -vzw3 10.216.206.157 21
SAB_N0087P_new_outbound|sto1wv11.schenker.nccsegot.signintra.com|Y|/usr/local/bin/nc -vzw3 sto1wv11.schenker.nccsegot.signintra.com 21
SAB_N0087P_outbound|BROTW04|Y|/usr/local/bin/nc -vzw3 10.216.206.157 21
SAB_N0088P_inbound|BROTWV32|Y|/usr/local/bin/nc -vzw3 10.216.206.212 21
SAB_N0088P_new_inbound|sto1wv12.schenker.nccsegot.signintra.com|Y|/usr/local/bin/nc -vzw3 sto1wv12.schenker.nccsegot.signintra.com 21
SAB_N0089P_inbound|BROTW04|Y|/usr/local/bin/nc -vzw3 10.216.206.157 21
SAB_N0089P_sto1wv11_inbound|sto1wv11.schenker.nccsegot.signintra.com|Y|/usr/local/bin/nc -vzw3 sto1wv11.schenker.nccsegot.signintra.com 21
SAB_N0090P_inbound|BROTW04|Y|/usr/local/bin/nc -vzw3 10.216.206.157 21
SAB_N0090P_sto1wv11_inbound|sto1wv11.schenker.nccsegot.signintra.com|Y|/usr/local/bin/nc -vzw3 sto1wv11.schenker.nccsegot.signintra.com 21
SAB_N0092P_inbound|xibftp|Y|/usr/local/bin/nc -vzw3 10.224.65.58 21
SAB_N0095P_inbound|CIEL|Y|/usr/local/bin/nc -vzw3 193.182.220.116 22
SAB_N0096P_inbound|B71P01|Y|/usr/local/bin/nc -vzw3 193.182.220.116 22
SAB_N0100P_inbound|STOMWV92|Y|/usr/local/bin/nc -vzw3 10.216.205.6 21
SAB_N0102Q_inbound||N|dummy
SAB_N0104R_outbound|broiwv08.schenker.nccsegot.signintra.com|Y|/usr/local/bin/nc -vzw3 broiwv08.schenker.nccsegot.signintra.com 21
SAB_N0107P_CHECKSUM_outbound|broiwcx085.schenker.nccsegot.signintra.com|Y|/usr/local/bin/nc -vzw3 broiwcx085.schenker.nccsegot.signintra.com 21
SAB_N0107P_ECO_outbound|broiwcx085.schenker.nccsegot.signintra.com|Y|/usr/local/bin/nc -vzw3 broiwcx085.schenker.nccsegot.signintra.com 21
SAB_N0107P_outbound|BROIWC04|N|/usr/local/bin/nc -vzw3 10.216.206.97 21
SAB_N0108P_outbound|CIEL|Y|/usr/local/bin/nc -vzw3 193.182.220.116 22
SAB_N0108Q_outbound|CIEL|Y|/usr/local/bin/nc -vzw3 193.182.220.116 22
SAB_N0109P_outbound|CIEL|Y|/usr/local/bin/nc -vzw3 193.182.220.116 22
SAB_N0109Q_outbound|CIEL|Y|/usr/local/bin/nc -vzw3 193.182.220.116 22
SAB_N0110P_inbound|B71P01|Y|/usr/local/bin/nc -vzw3 193.182.220.116 22
SAB_N0111P_inbound|B71P01|Y|/usr/local/bin/nc -vzw3 193.182.220.116 22
SAB_N0112P_inbound|B71P01|Y|/usr/local/bin/nc -vzw3 193.182.220.116 22
SAB_N0113P_inbound|B71P01|Y|/usr/local/bin/nc -vzw3 193.182.220.116 22
SAB_N0114P_inbound|B71P01|Y|/usr/local/bin/nc -vzw3 193.182.220.116 22
SAB_N0115P_outbound|CIEL|Y|/usr/local/bin/nc -vzw3 193.182.220.116 22
SAB_N0115Q_outbound|CIEL|Y|/usr/local/bin/nc -vzw3 193.182.220.116 22
SAB_N0119P_X085_outbound|broiwcx085.schenker.nccsegot.signintra.com|Y|/usr/local/bin/nc -vzw3 broiwcx085.schenker.nccsegot.signintra.com 21
SAB_N0119P_outbound|BROIWC04|N|/usr/local/bin/nc -vzw3 10.216.206.97 21
SAB_N0119Z_BTF_outbound|xibftprd|Y|/usr/local/bin/nc -vzw3 10.224.65.58 21
SAB_N0119Z_W04_new_outbound|sto1wv11.schenker.nccsegot.signintra.com|Y|/usr/local/bin/nc -vzw3 sto1wv11.schenker.nccsegot.signintra.com 21
SAB_N0119Z_W04_outbound|BROTW04|Y|/usr/local/bin/nc -vzw3 10.216.206.157 21
SAB_N0126P_inbound|BROTW04|Y|/usr/local/bin/nc -vzw3 10.216.206.157 21
SAB_N0126P_sto1wv11_inbound|sto1wv11.schenker.nccsegot.signintra.com|Y|/usr/local/bin/nc -vzw3 sto1wv11.schenker.nccsegot.signintra.com 21
SAB_N0126Q_inbound|brotw07.schenker.nccsegot.signintra.com|Y|/usr/local/bin/nc -vzw3 brotw07.schenker.nccsegot.signintra.com 21
SAB_N0129P_inbound|xibftp|Y|/usr/local/bin/nc -vzw3 10.224.65.58 21
SAB_N0129P_outbound|STOMWV92|Y|/usr/local/bin/nc -vzw3 10.216.205.6 21
SAB_N0130P_inbound|nemesis.wmdata.com|Y|/usr/local/bin/nc -vzw3 nemesis.wmdata.com 21
SAB_N0130P_outbound|STOMWV92|Y|/usr/local/bin/nc -vzw3 10.216.205.6 21
SAB_N0130R_outbound|nemesis.wmdata.com|Y|/usr/local/bin/nc -vzw3 nemesis.wmdata.com 21
SAB_N0136P_inbound|B71P01|Y|/usr/local/bin/nc -vzw3 193.182.220.116 22
SAB_N0137P_new_outbound|sto1wv11.schenker.nccsegot.signintra.com|Y|/usr/local/bin/nc -vzw3 sto1wv11.schenker.nccsegot.signintra.com 21
SAB_N0137P_outbound|brotw04|Y|/usr/local/bin/nc -vzw3 brotw04 21
SAB_N0138P_inbound||N|dummy
SAB_N0140P_outbound|nemesis.wmdata.com|Y|/usr/local/bin/nc -vzw3 nemesis.wmdata.com 21
SAB_N0141P_IE_nad_inbound|procars-ie|Y|/usr/local/bin/nc -vzw3 10.224.97.87 21
SAB_N0141P_IE_omisd_inbound|procars-ie|Y|/usr/local/bin/nc -vzw3 10.224.97.87 21
SAB_N0141P_IE_shpm_inbound|procars-ie|Y|/usr/local/bin/nc -vzw3 10.224.97.87 21
SAB_N0141P_LOAD_X085_outbound|broiwcx085.schenker.nccsegot.signintra.com|Y|/usr/local/bin/nc -vzw3 broiwcx085.schenker.nccsegot.signintra.com 21
SAB_N0141P_LOAD_outbound|broiwc04.schenker.nccsegot.signintra.com|N|/usr/local/bin/nc -vzw3 broiwc04.schenker.nccsegot.signintra.com 21
SAB_N0141P_SE_brotw14_outbound|qlikviewinrikes.se.signintra.com|Y|/usr/local/bin/nc -vzw3 qlikviewinrikes.se.signintra.com 21
SAB_N0141P_SE_nad_inbound|procars_se|Y|/usr/local/bin/nc -vzw3 10.224.97.87 21
SAB_N0141P_SE_omisd_inbound|procars_se|Y|/usr/local/bin/nc -vzw3 10.224.97.87 21
SAB_N0141P_SE_outbound|SAGAPP031|Y|/usr/local/bin/nc -vzw3 193.182.220.130 21
SAB_N0141P_SE_shpm_inbound|procars_se|Y|/usr/local/bin/nc -vzw3 10.224.97.87 21
SAB_N0143P_albert_inbound|albert.mccsegot.signintra.com|Y|/usr/local/bin/nc -vzw3 albert.mccsegot.signintra.com 21
SAB_N0143P_herbert_inbound|herbert.mccsegot.signintra.com|Y|/usr/local/bin/nc -vzw3 herbert.mccsegot.signintra.com 21
SAB_N0143P_opble0_outbound|gotch05.schenker.nccsegot.signintra.com|Y|/usr/local/bin/nc -vzw3 gotch05.schenker.nccsegot.signintra.com 21
SAB_N0143P_opbsz0_outbound|gotch05.schenker.nccsegot.signintra.com|Y|/usr/local/bin/nc -vzw3 gotch05.schenker.nccsegot.signintra.com 21
SAB_N0143P_opgot0_outbound|gotch05.schenker.nccsegot.signintra.com|Y|/usr/local/bin/nc -vzw3 gotch05.schenker.nccsegot.signintra.com 21
SAB_N0143P_opgvx0_outbound|gotch05.schenker.nccsegot.signintra.com|Y|/usr/local/bin/nc -vzw3 gotch05.schenker.nccsegot.signintra.com 21
SAB_N0143P_ophad0_outbound|gotch05.schenker.nccsegot.signintra.com|Y|/usr/local/bin/nc -vzw3 gotch05.schenker.nccsegot.signintra.com 21
SAB_N0143P_ophbg0_outbound|gotch05.schenker.nccsegot.signintra.com|Y|/usr/local/bin/nc -vzw3 gotch05.schenker.nccsegot.signintra.com 21
SAB_N0143P_ophlf0_outbound|gotch05.schenker.nccsegot.signintra.com|Y|/usr/local/bin/nc -vzw3 gotch05.schenker.nccsegot.signintra.com 21
SAB_N0143P_opjkg0_outbound|gotch05.schenker.nccsegot.signintra.com|Y|/usr/local/bin/nc -vzw3 gotch05.schenker.nccsegot.signintra.com 21
SAB_N0143P_opkid0_outbound|gotch05.schenker.nccsegot.signintra.com|Y|/usr/local/bin/nc -vzw3 gotch05.schenker.nccsegot.signintra.com 21
SAB_N0143P_opksd0_outbound|gotch05.schenker.nccsegot.signintra.com|Y|/usr/local/bin/nc -vzw3 gotch05.schenker.nccsegot.signintra.com 21
SAB_N0143P_oplkg0_outbound|gotch05.schenker.nccsegot.signintra.com|Y|/usr/local/bin/nc -vzw3 gotch05.schenker.nccsegot.signintra.com 21
SAB_N0143P_oplla0_outbound|gotch05.schenker.nccsegot.signintra.com|Y|/usr/local/bin/nc -vzw3 gotch05.schenker.nccsegot.signintra.com 21
SAB_N0143P_opmma0_outbound|gotch05.schenker.nccsegot.signintra.com|Y|/usr/local/bin/nc -vzw3 gotch05.schenker.nccsegot.signintra.com 21
SAB_N0143P_opnyb0_outbound|gotch05.schenker.nccsegot.signintra.com|Y|/usr/local/bin/nc -vzw3 gotch05.schenker.nccsegot.signintra.com 21
SAB_N0143P_opoer0_outbound|gotch05.schenker.nccsegot.signintra.com|Y|/usr/local/bin/nc -vzw3 gotch05.schenker.nccsegot.signintra.com 21
SAB_N0143P_oporb0_outbound|gotch05.schenker.nccsegot.signintra.com|Y|/usr/local/bin/nc -vzw3 gotch05.schenker.nccsegot.signintra.com 21
SAB_N0143P_oposd0_outbound|gotch05.schenker.nccsegot.signintra.com|Y|/usr/local/bin/nc -vzw3 gotch05.schenker.nccsegot.signintra.com 21
SAB_N0143P_opsdl0_outbound|gotch05.schenker.nccsegot.signintra.com|Y|/usr/local/bin/nc -vzw3 gotch05.schenker.nccsegot.signintra.com 21
SAB_N0143P_opsft0_outbound|gotch05.schenker.nccsegot.signintra.com|Y|/usr/local/bin/nc -vzw3 gotch05.schenker.nccsegot.signintra.com 21
SAB_N0143P_opska0_outbound|gotch05.schenker.nccsegot.signintra.com|Y|/usr/local/bin/nc -vzw3 gotch05.schenker.nccsegot.signintra.com 21
SAB_N0143P_opsto0_outbound|gotch05.schenker.nccsegot.signintra.com|Y|/usr/local/bin/nc -vzw3 gotch05.schenker.nccsegot.signintra.com 21
SAB_N0143P_opsto1_outbound|gotch05.schenker.nccsegot.signintra.com|Y|/usr/local/bin/nc -vzw3 gotch05.schenker.nccsegot.signintra.com 21
SAB_N0143P_opume0_outbound|gotch05.schenker.nccsegot.signintra.com|Y|/usr/local/bin/nc -vzw3 gotch05.schenker.nccsegot.signintra.com 21
SAB_N0143P_opvan0_outbound|gotch05.schenker.nccsegot.signintra.com|Y|/usr/local/bin/nc -vzw3 gotch05.schenker.nccsegot.signintra.com 21
SAB_N0143P_opvby0_outbound|gotch05.schenker.nccsegot.signintra.com|Y|/usr/local/bin/nc -vzw3 gotch05.schenker.nccsegot.signintra.com 21
SAB_N0143P_opvmo0_outbound|gotch05.schenker.nccsegot.signintra.com|Y|/usr/local/bin/nc -vzw3 gotch05.schenker.nccsegot.signintra.com 21
SAB_N0143P_opvst0_outbound|gotch05.schenker.nccsegot.signintra.com|Y|/usr/local/bin/nc -vzw3 gotch05.schenker.nccsegot.signintra.com 21
SAB_N0143P_opvxo0_outbound|gotch05.schenker.nccsegot.signintra.com|Y|/usr/local/bin/nc -vzw3 gotch05.schenker.nccsegot.signintra.com 21
SAB_N0144P_ali_inbound|ali.mccsegot.signintra.com|Y|/usr/local/bin/nc -vzw3 ali.mccsegot.signintra.com 21
SAB_N0144P_foreman_inbound|foreman.mccsegot.signintra.com|Y|/usr/local/bin/nc -vzw3 foreman.mccsegot.signintra.com 21
SAB_N0145P_outbound|qlikviewinrikes.se.signintra.com|Y|/usr/local/bin/nc -vzw3 qlikviewinrikes.se.signintra.com 21
SAB_N0146P_outbound|qlikviewinrikes.se.signintra.com|Y|/usr/local/bin/nc -vzw3 qlikviewinrikes.se.signintra.com 21
SAB_N0147P_outbound|qlikviewinrikes.se.signintra.com|Y|/usr/local/bin/nc -vzw3 qlikviewinrikes.se.signintra.com 21
SAB_N0151P_outbound|ftp.infodata.se|Y|/usr/local/bin/nc -vzw3 ftp.infodata.se 21
SAB_N0152P_inbound|ftp.infodata.se|Y|/usr/local/bin/nc -vzw3 ftp.infodata.se 21
SAB_N0161P_LOAD_X085_outbound|broiwcx085.schenker.nccsegot.signintra.com|Y|/usr/local/bin/nc -vzw3 broiwcx085.schenker.nccsegot.signintra.com 21
SAB_N0161P_inbound|broiwv08.schenker.nccsegot.signintra.com|Y|/usr/local/bin/nc -vzw3 broiwv08.schenker.nccsegot.signintra.com 21
SAB_N0161P_outbound|broiwc04.schenker.nccsegot.signintra.com|N|/usr/local/bin/nc -vzw3 broiwc04.schenker.nccsegot.signintra.com 21
SAB_N0162P_LOAD_X085_outbound|broiwcx085.schenker.nccsegot.signintra.com|Y|/usr/local/bin/nc -vzw3 broiwcx085.schenker.nccsegot.signintra.com 21
SAB_N0162P_inbound|broiwv08.schenker.nccsegot.signintra.com|Y|/usr/local/bin/nc -vzw3 broiwv08.schenker.nccsegot.signintra.com 21
SAB_N0162P_outbound|broiwc04.schenker.nccsegot.signintra.com|N|/usr/local/bin/nc -vzw3 broiwc04.schenker.nccsegot.signintra.com 21
SAB_N0167P_inbound|grgothi.schenker.nccsegot.signintra.com|Y|/usr/local/bin/nc -vzw3 grgothi.schenker.nccsegot.signintra.com 21
SAB_N0167P_outbound|ftp06.gls-unique.com|Y|/usr/local/bin/nc -vzw3 ftp06.gls-unique.com 22
SAB_N0169P_outbound|sebis00a.btl.se|N|/usr/local/bin/nc -vzw3 193.182.220.217 21
SAB_N0170P_Finance_inbound|xibftp|Y|/usr/local/bin/nc -vzw3 10.224.65.58 21
SAB_N0170P_GASP_inbound|xibftp|Y|/usr/local/bin/nc -vzw3 10.224.65.58 21
SAB_N0170P_HDHC_inbound|xibftp|Y|/usr/local/bin/nc -vzw3 10.224.65.58 21
SAB_N0170P_ILOG_inbound|xibftp|Y|/usr/local/bin/nc -vzw3 10.224.65.58 21
SAB_N0170P_Unifaun_inbound|xibftp|Y|/usr/local/bin/nc -vzw3 10.224.65.58 21
SAB_N0171P_Finance_inbound|xibftp|Y|/usr/local/bin/nc -vzw3 10.224.65.58 21
SAB_N0171P_GASP_inbound|xibftp|Y|/usr/local/bin/nc -vzw3 10.224.65.58 21
SAB_N0171P_HDHC_inbound|xibftp|Y|/usr/local/bin/nc -vzw3 10.224.65.58 21
SAB_N0172P_Finance_inbound|xibftp|Y|/usr/local/bin/nc -vzw3 10.224.65.58 21
SAB_N0172P_HDHC_inbound|xibftp|Y|/usr/local/bin/nc -vzw3 10.224.65.58 21
SAB_N0172P_Personec_inbound|brotwv33.schenker.nccsegot.signintra.com|Y|/usr/local/bin/nc -vzw3 brotwv33.schenker.nccsegot.signintra.com 21
SAB_N0173P_outbound|BROIWV53|Y|/usr/local/bin/nc -vzw3 10.216.206.21 21
SAB_N0173Q_outbound|xibftp|Y|/usr/local/bin/nc -vzw3 10.224.65.58 21
SAB_N0175P_BTF_outbound|xibftprd|Y|/usr/local/bin/nc -vzw3 10.224.65.58 21
SAB_N0175P_SAAB_outbound|xibftprd|Y|/usr/local/bin/nc -vzw3 10.224.65.58 21
SAB_N0182P_BTF_outbound|xibftprd|Y|/usr/local/bin/nc -vzw3 10.224.65.58 21
SAB_N0182P_SAAB_outbound|xibftprd|Y|/usr/local/bin/nc -vzw3 10.224.65.58 21
SAB_N0193P_291_inbound|xibftp|Y|/usr/local/bin/nc -vzw3 10.224.65.58 21
SAB_N0193P_2P9_inbound|xibftp|Y|/usr/local/bin/nc -vzw3 10.224.65.58 21
SAB_N0193P_outbound|xib.services.logica.com|Y|/usr/local/bin/nc -vzw3 xib.services.logica.com 22
SAB_N0196P_inbound|BROIWCX085.schenker.nccsegot.signintra.com|Y|/usr/local/bin/nc -vzw3 BROIWCX085.schenker.nccsegot.signintra.com 21
SAB_N0197R_outbound|gotch05.schenker.nccsegot.signintra.com|Y|/usr/local/bin/nc -vzw3 gotch05.schenker.nccsegot.signintra.com 21
SAB_N0199P_LOAD_X085_inbound|broiwcx085.schenker.nccsegot.signintra.com|Y|/usr/local/bin/nc -vzw3 broiwcx085.schenker.nccsegot.signintra.com 21
SAB_N0199P_outbound|B71P09.MCCSEGOT.SIGNINTRA.COM|Y|/usr/local/bin/nc -vzw3 B71P09.MCCSEGOT.SIGNINTRA.COM 21
SAB_N0200P_Equipment_outbound|BROIWV53|Y|/usr/local/bin/nc -vzw3 10.216.206.21 21
SAB_N0200P_GASP_outbound|xibftprd1.dc.signintra.com|Y|/usr/local/bin/nc -vzw3 xibftprd1.dc.signintra.com 21
SAB_N0201P_Budgeting_outbound|brotwv05.schenker.nccsegot.signintra.com|Y|/usr/local/bin/nc -vzw3 brotwv05.schenker.nccsegot.signintra.com 21
SAB_N0201P_Equipment_outbound|brotw07.schenker.nccsegot.signintra.com|Y|/usr/local/bin/nc -vzw3 brotw07.schenker.nccsegot.signintra.com 21
SAB_N0203P_inbound|BROIWV53|Y|/usr/local/bin/nc -vzw3 10.216.206.21 21
SAB_N0215P_FI291SEB_inbound|xibftp|Y|/usr/local/bin/nc -vzw3 10.224.65.58 21
SAB_N0215P_FI291SED_inbound|xibftp|Y|/usr/local/bin/nc -vzw3 10.224.65.58 21
SAB_N0215P_FI291SEE_inbound|xibftp|Y|/usr/local/bin/nc -vzw3 10.224.65.58 21
SAB_N0215P_FI291SEF_inbound|xibftp|Y|/usr/local/bin/nc -vzw3 10.224.65.58 21
SAB_N0215P_FI291SEG_inbound|xibftp|Y|/usr/local/bin/nc -vzw3 10.224.65.58 21
SAB_N0215P_FI291SEH_inbound|xibftp|Y|/usr/local/bin/nc -vzw3 10.224.65.58 21
SAB_N0215P_FI2P9SE1_inbound|xibftp|Y|/usr/local/bin/nc -vzw3 10.224.65.58 21
SAB_N0215P_FI2P9SE6_inbound|xibftp|Y|/usr/local/bin/nc -vzw3 10.224.65.58 21
SAB_N0215Q_outbound|xib.services.logica.com|Y|/usr/local/bin/nc -vzw3 xib.services.logica.com 22
SAB_N0216P_CIEL_outbound|B71P01|Y|/usr/local/bin/nc -vzw3 193.182.220.116 21
SAB_N0216P_LOAD_outbound|broiwc04.schenker.nccsegot.signintra.com|N|/usr/local/bin/nc -vzw3 broiwc04.schenker.nccsegot.signintra.com 21
SAB_N0216P_inbound|stomwv95.schenker.nccsegot.signintra.com|Y|/usr/local/bin/nc -vzw3 stomwv95.schenker.nccsegot.signintra.com 21
SAB_N0216Q_inbound|stomwv95.schenker.nccsegot.signintra.com|Y|/usr/local/bin/nc -vzw3 stomwv95.schenker.nccsegot.signintra.com 21
SAB_N0223P_inbound|xibftp|Y|/usr/local/bin/nc -vzw3 10.224.65.58 21
SAB_N0229P_inbound|xibftp|Y|/usr/local/bin/nc -vzw3 10.224.65.58 21
SAB_N0233P_outbound|xib.services.logica.com|Y|/usr/local/bin/nc -vzw3 xib.services.logica.com 22
SAB_N0235P_2_inbound|xibftp|Y|/usr/local/bin/nc -vzw3 10.224.65.58 21
SAB_N0235P_inbound|xibftp|Y|/usr/local/bin/nc -vzw3 10.224.65.58 21
SAB_N0235P_outbound|xib.services.logica.com|Y|/usr/local/bin/nc -vzw3 xib.services.logica.com 22
SAB_N0278P_inbound|xibftp|Y|/usr/local/bin/nc -vzw3 10.224.65.58 21
SAB_N0291P_inbound|B71P09|Y|/usr/local/bin/nc -vzw3 193.182.220.119 21
SAB_N0291P_outbound|grgotol.schenker.nccsegot.signintra.com|Y|/usr/local/bin/nc -vzw3 grgotol.schenker.nccsegot.signintra.com 21
SAB_N0302P_outbound|xibftp|Y|/usr/local/bin/nc -vzw3 10.224.65.58 21
SAB_N0308P_inbound|xibftp|Y|/usr/local/bin/nc -vzw3 10.224.65.58 21
SAB_N0320P_inbound|xibftp|Y|/usr/local/bin/nc -vzw3 10.224.65.58 21
SAB_N0320P_outbound|broiwcx085.schenker.nccsegot.signintra.com|Y|/usr/local/bin/nc -vzw3 broiwcx085.schenker.nccsegot.signintra.com 21
SAB_N0322P_inbound|xibftp|Y|/usr/local/bin/nc -vzw3 10.224.65.58 21
SAB_N0322P_outbound|xibftp|Y|/usr/local/bin/nc -vzw3 10.224.65.58 21
SAB_N0323P_inbound|broiwcx085.schenker.nccsegot.signintra.com|Y|/usr/local/bin/nc -vzw3 broiwcx085.schenker.nccsegot.signintra.com 21
SAB_N0323P_outbound|xibftp|Y|/usr/local/bin/nc -vzw3 10.224.65.58 21
SAB_N_MAINFRAME_TATP_outbound|sebis00a.btl.se|N|/usr/local/bin/nc -vzw3 193.182.220.217 21
SAB_N_MAINFRAME_outbound|sebis00a.btl.se|N|/usr/local/bin/nc -vzw3 193.182.220.217 21
SAB_N_STOMW75_outbound|BROTWV32|Y|/usr/local/bin/nc -vzw3 10.216.206.212 21
SAB_STOMW75_outbound|STOMW75|N|/usr/local/bin/nc -vzw3 10.216.205.109 21
SAB_T00310_outbound|seb|Y|/usr/local/bin/nc -vzw3 129.178.52.19 22
SAB_T0303P_inbound|VM006PDJ|Y|/usr/local/bin/nc -vzw3 10.200.200.141 22
SAB_TSAB2B_inbound|ibis.ggp-group.com|Y|/usr/local/bin/nc -vzw3 ibis.ggp-group.com 21
SADPASGODR_outbound|xibftp|Y|/usr/local/bin/nc -vzw3 10.224.65.58 21
SAMSAIN2MY_outbound|xibftp|Y|/usr/local/bin/nc -vzw3 10.224.65.58 21
SAMSAIN2PH_outbound|xibftp|Y|/usr/local/bin/nc -vzw3 10.224.65.58 21
SAMSAISDS2_outbound|xibftp|Y|/usr/local/bin/nc -vzw3 10.224.65.58 21
SAMSAOB4PH_inbound|xibftp|Y|/usr/local/bin/nc -vzw3 10.224.65.58 21
SAMSAOSDS2_inbound|xibftp|Y|/usr/local/bin/nc -vzw3 10.224.65.58 21
TNT_AAOAUPT_inbound|xibftp|Y|/usr/local/bin/nc -vzw3 10.224.65.58 21
TNT_AOAUPT_SFTP_outbound|ftp.tnt.com.au|Y|/usr/local/bin/nc -vzw3 ftp.tnt.com.au 22
UNMUAIROUT_inbound|ftp.sonydadc.com|Y|/usr/local/bin/nc -vzw3 ftp.sonydadc.com 8080
UNMUAIROUT_outbound|xibftp|Y|/usr/local/bin/nc -vzw3 10.224.65.58 21
UNMUAOROUT_inbound|xibftp|Y|/usr/local/bin/nc -vzw3 10.224.65.58 21
UNMUAOROUT_outbound|xibftp|Y|/usr/local/bin/nc -vzw3 10.224.65.58 21
