ACCTU861OU_inbound|dpv-rpmc-wms1|Y|/usr/local/bin/nc -vzw3 10.220.3.190 21
AEMTAOD_inbound|pvmiamftp.ap.signintra.com|Y|/usr/local/bin/nc -vzw3 10.215.22.49 21
AEMTAOEHAN_inbound|xibftp|Y|/usr/local/bin/nc -vzw3 10.224.65.58 21
AEMTAOEINV_inbound|xibftp|Y|/usr/local/bin/nc -vzw3 10.224.65.58 21
AEMTAOEREC_inbound|xibftp|Y|/usr/local/bin/nc -vzw3 10.224.65.58 21
APH_AIA000_inbound|xibftp|Y|/usr/local/bin/nc -vzw3 10.224.65.58 21
APH_AOA000_inbound|xibftp|Y|/usr/local/bin/nc -vzw3 10.224.65.58 21
APH_AOA00D_inbound|pvmiamftp.ap.signintra.com|Y|/usr/local/bin/nc -vzw3 10.215.22.49 21
APH_AOXXX1_inbound|pvmiamftp.ap.signintra.com|Y|/usr/local/bin/nc -vzw3 10.215.22.49 21
APOLLO_ALL_TXT_LC_inbound|xibftp|Y|/usr/local/bin/nc -vzw3 10.224.65.58 21
APOLLO_ALL_inbound|xibftp|Y|/usr/local/bin/nc -vzw3 10.224.65.58 21
APOLLO_XML_inbound|xibftp|Y|/usr/local/bin/nc -vzw3 10.224.65.58 21
APPLA945OM_inbound|xibftp|Y|/usr/local/bin/nc -vzw3 10.224.65.58 21
APPLAAC214_inbound|xibftp|Y|/usr/local/bin/nc -vzw3 10.224.65.58 21
APPLAAC315_inbound|xibftp|Y|/usr/local/bin/nc -vzw3 10.224.65.58 21
APPLAACAGR_inbound|xibftp|Y|/usr/local/bin/nc -vzw3 10.224.65.58 21
APPLAACHPR_inbound|xibftp|Y|/usr/local/bin/nc -vzw3 10.224.65.58 21
APPLAACRPT_inbound|xibftp|Y|/usr/local/bin/nc -vzw3 10.224.65.58 22
APPLABORPT2_inbound|xibftp|Y|/usr/local/bin/nc -vzw3 10.224.65.58 21
APPLABORPT_inbound|xibftp|Y|/usr/local/bin/nc -vzw3 10.224.65.58 21
APPLACFAI1_inbound|xibftp|Y|/usr/local/bin/nc -vzw3 10.224.65.58 21
APPLACIMAC_inbound|ftps.asia.apple.com|N|/usr/local/bin/nc -vzw3 ftps.asia.apple.com 
APPLACITPP_inbound|ftps.asia.apple.com|N|/usr/local/bin/nc -vzw3 ftps.asia.apple.com 
APPLACOA16_SFTP_inbound|xibftp|Y|/usr/local/bin/nc -vzw3 10.224.65.58 21
APPLACOAXX_inbound|xibftp|Y|/usr/local/bin/nc -vzw3 10.224.65.58 21
APPLACOTPP_inbound|xibftp|Y|/usr/local/bin/nc -vzw3 10.224.65.58 21
APPLACOUPS_inbound|xibftp|Y|/usr/local/bin/nc -vzw3 10.224.65.58 21
APPLACSFTP_inbound|xibftp|Y|/usr/local/bin/nc -vzw3 10.224.65.58 21
APPLACXXXX_inbound|xibftp|Y|/usr/local/bin/nc -vzw3 10.224.65.58 21
APPLADETRK_SFTP_inbound|ftp1.detrack.com|Y|/usr/local/bin/nc -vzw3 ftp1.detrack.com 21605
APPLADHLKR_inbound|ftp-dhllink.dhl.com|Y|/usr/local/bin/nc -vzw3 ftp-dhllink.dhl.com 22
APPLADLRPT_inbound|xibftp|Y|/usr/local/bin/nc -vzw3 10.224.65.58 21
APPLAFAZCR_SFTP_inbound|xibftp|Y|/usr/local/bin/nc -vzw3 10.224.65.58 21
APPLAFAZCR_inbound|xibftp|Y|/usr/local/bin/nc -vzw3 10.224.65.58 21
APPLAFBYD1_SFTP_inbound|xibftp|Y|/usr/local/bin/nc -vzw3 10.224.65.58 21
APPLAFBYD1_inbound|xibftp|Y|/usr/local/bin/nc -vzw3 10.224.65.58 21
APPLAFBYD2_SFTP_inbound|xibftp|Y|/usr/local/bin/nc -vzw3 10.224.65.58 21
APPLAFBYD2_inbound|xibftp|Y|/usr/local/bin/nc -vzw3 10.224.65.58 21
APPLAFCHA1_SFTP_inbound|xibftp|Y|/usr/local/bin/nc -vzw3 10.224.65.58 21
APPLAFCHA1_inbound|xibftp|Y|/usr/local/bin/nc -vzw3 10.224.65.58 21
APPLAFCHA2_SFTP_inbound|xibftp|Y|/usr/local/bin/nc -vzw3 10.224.65.58 21
APPLAFCHA2_inbound|xibftp|Y|/usr/local/bin/nc -vzw3 10.224.65.58 21
APPLAFFLX1_inbound|xibftp|Y|/usr/local/bin/nc -vzw3 10.224.65.58 21
APPLAFFLX2_inbound|xibftp|Y|/usr/local/bin/nc -vzw3 10.224.65.58 21
APPLAFGAGR_SFTP_inbound|xibftp|Y|/usr/local/bin/nc -vzw3 10.224.65.58 21
APPLAFGAGR_inbound|xibftp|Y|/usr/local/bin/nc -vzw3 10.224.65.58 21
APPLAFGRPT_inbound|xibftp|Y|/usr/local/bin/nc -vzw3 10.224.65.58 21
APPLAFGSS1_SFTP_inbound|xibftp|Y|/usr/local/bin/nc -vzw3 10.224.65.58 21
APPLAFGSS2_SFTP_inbound|xibftp|Y|/usr/local/bin/nc -vzw3 10.224.65.58 21
APPLAFIA02_inbound|ftp.schenker-asia.com|Y|/usr/local/bin/nc -vzw3 ftp.schenker-asia.com 21
APPLAFIA03_inbound|xibftp|Y|/usr/local/bin/nc -vzw3 10.224.65.58 21
APPLAFIA14_inbound|xibftp|Y|/usr/local/bin/nc -vzw3 10.224.65.58 21
APPLAFIA1X_inbound|xibftp|Y|/usr/local/bin/nc -vzw3 10.224.65.58 21
APPLAFIC01_inbound|ftp.schenker-asia.com|Y|/usr/local/bin/nc -vzw3 ftp.schenker-asia.com 21
APPLAFIC02_inbound|xibftp|Y|/usr/local/bin/nc -vzw3 10.224.65.58 21
APPLAFIC03_inbound|ftp.schenker-asia.com|Y|/usr/local/bin/nc -vzw3 ftp.schenker-asia.com 21
APPLAFIC04_inbound|ftp.schenker-asia.com|Y|/usr/local/bin/nc -vzw3 ftp.schenker-asia.com 21
APPLAFIC05_inbound|ftp.schenker-asia.com|Y|/usr/local/bin/nc -vzw3 ftp.schenker-asia.com 21
APPLAFIC06_inbound|ftp.schenker-asia.com|Y|/usr/local/bin/nc -vzw3 ftp.schenker-asia.com 21
APPLAFIC08_inbound|ftp.schenker-asia.com|Y|/usr/local/bin/nc -vzw3 ftp.schenker-asia.com 21
APPLAFIC09_inbound|ftp.schenker-asia.com|Y|/usr/local/bin/nc -vzw3 ftp.schenker-asia.com 21
APPLAFIC10_inbound|ftp.schenker-asia.com|Y|/usr/local/bin/nc -vzw3 ftp.schenker-asia.com 21
APPLAFIC15_inbound|xibftp|Y|/usr/local/bin/nc -vzw3 10.224.65.58 21
APPLAFIC16_inbound|xibftp|Y|/usr/local/bin/nc -vzw3 10.224.65.58 21
APPLAFIMAC_inbound|ftps.asia.apple.com|N|/usr/local/bin/nc -vzw3 ftps.asia.apple.com 
APPLAFITPP_inbound|ftps.asia.apple.com|N|/usr/local/bin/nc -vzw3 ftps.asia.apple.com 
APPLAFOA06_inbound|xibftp|Y|/usr/local/bin/nc -vzw3 10.224.65.58 21
APPLAFOA07_inbound|xibftp|Y|/usr/local/bin/nc -vzw3 10.224.65.58 21
APPLAFOA08B_inbound|xibftp|Y|/usr/local/bin/nc -vzw3 10.224.65.58 21
APPLAFOA08_inbound|xibftp|Y|/usr/local/bin/nc -vzw3 10.224.65.58 21
APPLAFOA10_inbound|xibftp|Y|/usr/local/bin/nc -vzw3 10.224.65.58 21
APPLAFOA11_inbound|xibftp|Y|/usr/local/bin/nc -vzw3 10.224.65.58 21
APPLAFOA12_inbound|xibftp|Y|/usr/local/bin/nc -vzw3 10.224.65.58 21
APPLAFOA13_inbound|xibftp|Y|/usr/local/bin/nc -vzw3 10.224.65.58 21
APPLAFOA14_SFTP_inbound|xibftp|Y|/usr/local/bin/nc -vzw3 10.224.65.58 21
APPLAFOA14_inbound|xibftp|Y|/usr/local/bin/nc -vzw3 10.224.65.58 21
APPLAFOA15_pdf_inbound|ftp.schenker-asia.com|Y|/usr/local/bin/nc -vzw3 ftp.schenker-asia.com 21
APPLAFOA16_SFTP_inbound|xibftp|Y|/usr/local/bin/nc -vzw3 10.224.65.58 21
APPLAFOA16_inbound|xibftp|Y|/usr/local/bin/nc -vzw3 10.224.65.58 21
APPLAFOA25_inbound|xibftp|Y|/usr/local/bin/nc -vzw3 10.224.65.58 21
APPLAFOA27_inbound|xibftp|Y|/usr/local/bin/nc -vzw3 10.224.65.58 21
APPLAFOA28_inbound|xibftp|Y|/usr/local/bin/nc -vzw3 10.224.65.58 21
APPLAFOAXX_inbound|xibftp|Y|/usr/local/bin/nc -vzw3 10.224.65.58 21
APPLAFOTPP_inbound|xibftp|Y|/usr/local/bin/nc -vzw3 10.224.65.58 21
APPLAFOUPS_SG_inbound|xibftp|Y|/usr/local/bin/nc -vzw3 10.224.65.58 21
APPLAFPCH1_inbound|xibftp|Y|/usr/local/bin/nc -vzw3 10.224.65.58 21
APPLAFPCH2_inbound|xibftp|Y|/usr/local/bin/nc -vzw3 10.224.65.58 21
APPLAFSFTP_AU_inbound|xibftp|Y|/usr/local/bin/nc -vzw3 10.224.65.58 21
APPLAFSFTP_BJ_inbound|xibftp|Y|/usr/local/bin/nc -vzw3 10.224.65.58 21
APPLAFSFTP_SZ_inbound|xibftp|Y|/usr/local/bin/nc -vzw3 10.224.65.58 21
APPLAFSFTP_TH_inbound|xibftp|Y|/usr/local/bin/nc -vzw3 10.224.65.58 21
APPLAFSFTP_inbound|xibftp|Y|/usr/local/bin/nc -vzw3 10.224.65.58 21
APPLAFSGPO_inbound|xibftp|Y|/usr/local/bin/nc -vzw3 10.224.65.58 21
APPLAFWMA1_SFTP_inbound|xibftp|Y|/usr/local/bin/nc -vzw3 10.224.65.58 21
APPLAFWMA1_inbound|xibftp|Y|/usr/local/bin/nc -vzw3 10.224.65.58 21
APPLAFWMA2_SFTP_inbound|xibftp|Y|/usr/local/bin/nc -vzw3 10.224.65.58 21
APPLAFWMA2_inbound|xibftp|Y|/usr/local/bin/nc -vzw3 10.224.65.58 21
APPLAFXXXX_inbound|xibftp|Y|/usr/local/bin/nc -vzw3 10.224.65.58 21
APPLAHBRPT_inbound|xibftp|Y|/usr/local/bin/nc -vzw3 10.224.65.58 21
APPLAICRTV_1431_inbound|ftps.asia.apple.com|N|/usr/local/bin/nc -vzw3 ftps.asia.apple.com 
APPLAICRTV_6401_inbound|ftps.asia.apple.com|N|/usr/local/bin/nc -vzw3 ftps.asia.apple.com 
APPLAICRTV_8201_inbound|ftps.asia.apple.com|N|/usr/local/bin/nc -vzw3 ftps.asia.apple.com 
APPLAICRTV_8401_inbound|ftps.asia.apple.com|N|/usr/local/bin/nc -vzw3 ftps.asia.apple.com 
APPLAICVNB_inbound|ftps.asia.apple.com|N|/usr/local/bin/nc -vzw3 ftps.asia.apple.com 
APPLAIDRTV_1431_inbound|ftps.asia.apple.com|N|/usr/local/bin/nc -vzw3 ftps.asia.apple.com 
APPLAIDRTV_6401_inbound|ftps.asia.apple.com|N|/usr/local/bin/nc -vzw3 ftps.asia.apple.com 
APPLAIDRTV_8201_inbound|ftps.asia.apple.com|N|/usr/local/bin/nc -vzw3 ftps.asia.apple.com 
APPLAIDRTV_8401_inbound|ftps.asia.apple.com|N|/usr/local/bin/nc -vzw3 ftps.asia.apple.com 
APPLAIFSEI_inbound|xibftp|Y|/usr/local/bin/nc -vzw3 10.224.65.58 21
APPLAIFVNB_inbound|ftps.asia.apple.com|N|/usr/local/bin/nc -vzw3 ftps.asia.apple.com 
APPLAIMEKR_inbound|ftps.asia.apple.com|N|/usr/local/bin/nc -vzw3 ftps.asia.apple.com 
APPLAMFTRK_inbound|xibftp|Y|/usr/local/bin/nc -vzw3 10.224.65.58 21
APPLANAPOL_CSV2_inbound|xibftp|Y|/usr/local/bin/nc -vzw3 10.224.65.58 21
APPLANAPOL_CSV_inbound|xibftp|Y|/usr/local/bin/nc -vzw3 10.224.65.58 21
APPLANAPOL_FTP_inbound|xibftp|Y|/usr/local/bin/nc -vzw3 10.224.65.58 21
APPLANAPOL_XLSX_inbound|xibftp|Y|/usr/local/bin/nc -vzw3 10.224.65.58 21
APPLANAPOL_XLS_inbound|xibftp|Y|/usr/local/bin/nc -vzw3 10.224.65.58 21
APPLANAPOL_inbound|xibftp|Y|/usr/local/bin/nc -vzw3 10.224.65.58 21
APPLAO8581_SFTP_AKL_inbound|xibftp|Y|/usr/local/bin/nc -vzw3 10.224.65.58 21
APPLAO8581_SFTP_BKK_inbound|xibftp|Y|/usr/local/bin/nc -vzw3 10.224.65.58 21
APPLAO8581_SFTP_HAN_inbound|xibftp|Y|/usr/local/bin/nc -vzw3 10.224.65.58 21
APPLAO8581_SFTP_HKG_inbound|xibftp|Y|/usr/local/bin/nc -vzw3 10.224.65.58 21
APPLAO8581_SFTP_ICN_inbound|xibftp|Y|/usr/local/bin/nc -vzw3 10.224.65.58 21
APPLAO8581_SFTP_JKT_inbound|xibftp|Y|/usr/local/bin/nc -vzw3 10.224.65.58 21
APPLAO8581_SFTP_KIX_inbound|xibftp|Y|/usr/local/bin/nc -vzw3 10.224.65.58 21
APPLAO8581_SFTP_KUL_inbound|xibftp|Y|/usr/local/bin/nc -vzw3 10.224.65.58 21
APPLAO8581_SFTP_MFM_inbound|xibftp|Y|/usr/local/bin/nc -vzw3 10.224.65.58 21
APPLAO8581_SFTP_NRT_inbound|xibftp|Y|/usr/local/bin/nc -vzw3 10.224.65.58 21
APPLAO8581_SFTP_SGN_inbound|xibftp|Y|/usr/local/bin/nc -vzw3 10.224.65.58 21
APPLAO8581_SFTP_SIN_inbound|xibftp|Y|/usr/local/bin/nc -vzw3 10.224.65.58 21
APPLAO8581_SFTP_SYD_inbound|xibftp|Y|/usr/local/bin/nc -vzw3 10.224.65.58 21
APPLAO8581_SFTP_TPE_inbound|xibftp|Y|/usr/local/bin/nc -vzw3 10.224.65.58 21
APPLAO8581_SFTP_TYO_inbound|xibftp|Y|/usr/local/bin/nc -vzw3 10.224.65.58 21
APPLAO8581_SFTP_inbound|xibftp|Y|/usr/local/bin/nc -vzw3 10.224.65.58 21
APPLAO861R_inbound|xibftp|Y|/usr/local/bin/nc -vzw3 10.224.65.58 21
APPLAOB214_inbound|xibftp|Y|/usr/local/bin/nc -vzw3 10.224.65.58 21
APPLAOB315_inbound|xibftp|Y|/usr/local/bin/nc -vzw3 10.224.65.58 21
APPLAOCAIM_inbound|xibftp|Y|/usr/local/bin/nc -vzw3 10.224.65.58 21
APPLAOCCN2_inbound|xibftp|Y|/usr/local/bin/nc -vzw3 10.224.65.58 21
APPLAOCVNB_inbound|xibftp|Y|/usr/local/bin/nc -vzw3 10.224.65.58 21
APPLAODCB1_inbound|xibftp|Y|/usr/local/bin/nc -vzw3 10.224.65.58 21
APPLAODCXX_SFTP_BJ_inbound|xibftp|Y|/usr/local/bin/nc -vzw3 10.224.65.58 21
APPLAODCXX_SFTP_JP_inbound|xibftp|Y|/usr/local/bin/nc -vzw3 10.224.65.58 21
APPLAODCXX_SFTP_KR_inbound|xibftp|Y|/usr/local/bin/nc -vzw3 10.224.65.58 21
APPLAODCXX_SFTP_SG_inbound|xibftp|Y|/usr/local/bin/nc -vzw3 10.224.65.58 21
APPLAODCXX_SFTP_SH_inbound|xibftp|Y|/usr/local/bin/nc -vzw3 10.224.65.58 21
APPLAODCXX_SFTP_SZ_inbound|xibftp|Y|/usr/local/bin/nc -vzw3 10.224.65.58 21
APPLAOFVNB_inbound|xibftp|Y|/usr/local/bin/nc -vzw3 10.224.65.58 21
APPLAOPOI1_inbound|xibftp|Y|/usr/local/bin/nc -vzw3 10.224.65.58 21
APPLAORRTV_ACK_inbound|xibftp|Y|/usr/local/bin/nc -vzw3 10.224.65.58 21
APPLAORRTV_inbound|xibftp|Y|/usr/local/bin/nc -vzw3 10.224.65.58 21
APPLAOTRK1_inbound|xibftp|Y|/usr/local/bin/nc -vzw3 10.224.65.58 21
APPLAOTVCC_inbound|xibftp|Y|/usr/local/bin/nc -vzw3 10.224.65.58 21
APPLASCARO_inbound|xibftp|Y|/usr/local/bin/nc -vzw3 10.224.65.58 21
APPLASCSVX_inbound|xibftp|Y|/usr/local/bin/nc -vzw3 10.224.65.58 21
APPLASXXXX_inbound|xibftp|Y|/usr/local/bin/nc -vzw3 10.224.65.58 21
APPLATHTXT_inbound|schenkerTH|Y|/usr/local/bin/nc -vzw3 10.213.205.83 21
APPLCFO110_inbound|freds_ca_ddc|Y|/usr/local/bin/nc -vzw3 10.220.6.10 21
APPLE2SAAO_inbound|xibftp|Y|/usr/local/bin/nc -vzw3 10.224.65.58 21
APPLE2SGCV_AE_inbound|xibftp|Y|/usr/local/bin/nc -vzw3 10.224.65.58 21
APPLE2SGCV_CH_inbound|xibftp|Y|/usr/local/bin/nc -vzw3 10.224.65.58 21
APPLE2SGCV_GB_inbound|xibftp|Y|/usr/local/bin/nc -vzw3 10.224.65.58 21
APPLE2SGCV_LU_inbound|xibftp|Y|/usr/local/bin/nc -vzw3 10.224.65.58 21
APPLE2SGCV_NO_inbound|xibftp|Y|/usr/local/bin/nc -vzw3 10.224.65.58 21
APPLE2SGCV_inbound|B65PART1|Y|/usr/local/bin/nc -vzw3 193.182.220.146 21
APPLE4INCA_inbound|sds_p6g|Y|/usr/local/bin/nc -vzw3 10.200.200.40 22
APPLE4INTA_AAPL_inbound|sds_p6g|Y|/usr/local/bin/nc -vzw3 10.200.200.40 22
APPLE4INTA_VIP_inbound|sds_p6g|Y|/usr/local/bin/nc -vzw3 10.200.200.40 22
APPLE4NLCA_inbound|sds_p6g|Y|/usr/local/bin/nc -vzw3 10.200.200.40 22
APPLE4NLTA_AAPL_inbound|sds_p6g|Y|/usr/local/bin/nc -vzw3 10.200.200.40 22
APPLE4NLTA_VIP_inbound|sds_p6g|Y|/usr/local/bin/nc -vzw3 10.200.200.40 22
APPLE4TRCA_inbound|sds_p6g|Y|/usr/local/bin/nc -vzw3 10.200.200.40 22
APPLE4TRTA_VIP_inbound|sds_p6g|Y|/usr/local/bin/nc -vzw3 10.200.200.40 22
APPLEAPFOI_DBS_inbound|ftp.euro.apple.com|Y|/usr/local/bin/nc -vzw3 ftp.euro.apple.com 22
APPLEAPFXX_fin_inbound|xibftp|Y|/usr/local/bin/nc -vzw3 10.224.65.58 21
APPLEAPFXX_inbound|xibftp|Y|/usr/local/bin/nc -vzw3 10.224.65.58 21
APPLEASRSP_inbound|basware_uk|Y|/usr/local/bin/nc -vzw3 10.217.130.210 21
APPLECOSFP_inbound|xibftp|Y|/usr/local/bin/nc -vzw3 10.224.65.58 21
APPLEDHFAN_CZ_inbound|ftp3.dhl.com|Y|/usr/local/bin/nc -vzw3 ftp3.dhl.com 22
APPLEDHTAN_CZ_inbound|sds_p6g|Y|/usr/local/bin/nc -vzw3 10.200.200.40 22
APPLEDQRXW_CSV_inbound|b2b-isftp.apple.com|Y|/usr/local/bin/nc -vzw3 b2b-isftp.apple.com 22
APPLEDQRXW_GZ_inbound|b2b-isftp.apple.com|Y|/usr/local/bin/nc -vzw3 b2b-isftp.apple.com 22
APPLEDQRXW_inbound|dummy|N|/usr/local/bin/nc -vzw3 dummy 22
APPLEFCUAN_inbound|basware_uk|Y|/usr/local/bin/nc -vzw3 10.217.130.210 21
APPLEHETAN_IRE_inbound|sds_p6g|Y|/usr/local/bin/nc -vzw3 10.200.200.40 22
APPLEHETAN_IRI_inbound|sds_p6g|Y|/usr/local/bin/nc -vzw3 10.200.200.40 22
APPLEINKWI_inbound|b2bwest.kwe.com|Y|/usr/local/bin/nc -vzw3 b2bwest.kwe.com 22
APPLEINRRE_Z05_inbound|sds_p6g|Y|/usr/local/bin/nc -vzw3 10.200.200.40 22
APPLEINRRE_inbound|sds_p6g|Y|/usr/local/bin/nc -vzw3 10.200.200.40 22
APPLEINWDO_AC_inbound|sds_p6g|Y|/usr/local/bin/nc -vzw3 10.200.200.40 22
APPLEINWDO_FG_inbound|sds_p6g|Y|/usr/local/bin/nc -vzw3 10.200.200.40 22
APPLEMDFXX_inbound|xibftprd1.dc.signintra.com|Y|/usr/local/bin/nc -vzw3 xibftprd1.dc.signintra.com 21
APPLENLDHI_inbound|ftp3.dhl.com|Y|/usr/local/bin/nc -vzw3 ftp3.dhl.com 22
APPLENLDHO_830_inbound|sds_p6g|Y|/usr/local/bin/nc -vzw3 10.200.200.40 22
APPLENLRRE_VIP_N04_inbound|sds_p6g|Y|/usr/local/bin/nc -vzw3 10.200.200.40 22
APPLENLWDO_inbound|sds_p6g|Y|/usr/local/bin/nc -vzw3 10.200.200.40 22
APPLESDFRE_6G_VIP_inbound|sds_p6g|Y|/usr/local/bin/nc -vzw3 10.200.200.40 22
APPLESDFRE_FAI_VIP_inbound|sds_p6g|Y|/usr/local/bin/nc -vzw3 10.200.200.40 22
APPLESDFRE_N04_CARE_VIP_inbound|sds_p6g|Y|/usr/local/bin/nc -vzw3 10.200.200.40 22
APPLESDFRE_VIP_6G_N04_inbound|sds_p6g|Y|/usr/local/bin/nc -vzw3 10.200.200.40 22
APPLESDSCA_inbound|sds_p6g|Y|/usr/local/bin/nc -vzw3 10.200.200.40 22
APPLESDSTA_AAPL_inbound|dummy|N|/usr/local/bin/nc -vzw3 dummy 22
APPLESDSTA_AC_inbound|dummy|N|/usr/local/bin/nc -vzw3 dummy 22
APPLESDSTA_VIP_inbound|sds_p6g|Y|/usr/local/bin/nc -vzw3 10.200.200.40 22
APPLETRACK_inbound|fxcs0004.filex.com|Y|/usr/local/bin/nc -vzw3 fxcs0004.filex.com 21
APPLETRRRE_VIP_E03_inbound|sds_p6g|Y|/usr/local/bin/nc -vzw3 10.200.200.40 22
APPLETRRRE_VIP_N04_TR50_inbound|sds_p6g|Y|/usr/local/bin/nc -vzw3 10.200.200.40 22
APPLETRRRE_VIP_N04_inbound|sds_p6g|Y|/usr/local/bin/nc -vzw3 10.200.200.40 22
APPLETRRRE_VIP_P05_inbound|sds_p6g|Y|/usr/local/bin/nc -vzw3 10.200.200.40 22
APPLETRWDO_TR50_inbound|sds_p6g|Y|/usr/local/bin/nc -vzw3 10.200.200.40 22
APPLETRWDO_inbound|sds_p6g|Y|/usr/local/bin/nc -vzw3 10.200.200.40 22
APPLEUPFAN_inbound|ftp2.ups.com|Y|/usr/local/bin/nc -vzw3 ftp2.ups.com 10022
APPLEXDASH_IN_inbound|sds_p6g|Y|/usr/local/bin/nc -vzw3 10.200.200.40 22
APPLEXDASH_TR_inbound|sds_p6g|Y|/usr/local/bin/nc -vzw3 10.200.200.40 22
APPLEXDASH_inbound|sds_p6g|Y|/usr/local/bin/nc -vzw3 10.200.200.40 22
APPLU4FEDB_CAR_inbound|sds_p6g|Y|/usr/local/bin/nc -vzw3 10.200.200.40 22
APPLU4FEDB_ELK_inbound|sds_p6g|Y|/usr/local/bin/nc -vzw3 10.200.200.40 22
APPLU4USCA1_inbound|sds_p6g|Y|/usr/local/bin/nc -vzw3 10.200.200.40 22
APPLU4USCA2_inbound|sds_p6g|Y|/usr/local/bin/nc -vzw3 10.200.200.40 22
APPLURQUPS_inbound|QuestaWeb|Y|/usr/local/bin/nc -vzw3 108.61.91.111 22
APPL_CARE_H1435_inbound|xibftp|Y|/usr/local/bin/nc -vzw3 10.224.65.58 21
ASTEAI856I_inbound|xibftp|Y|/usr/local/bin/nc -vzw3 10.224.65.58 21
ASTEAO2945_inbound|xibftp|Y|/usr/local/bin/nc -vzw3 10.224.65.58 21
ASTEAO3861_inbound|xibftp|Y|/usr/local/bin/nc -vzw3 10.224.65.58 21
ASTEAO4852_inbound|xibftp|Y|/usr/local/bin/nc -vzw3 10.224.65.58 21
ASTEAOD_inbound|pvmiamftp.ap.signintra.com|Y|/usr/local/bin/nc -vzw3 10.215.22.49 21
AVNTADA_inbound|pvmiamftp.ap.signintra.com|Y|/usr/local/bin/nc -vzw3 10.215.22.49 21
AVNTADU_inbound|pvmiamftp.ap.signintra.com|Y|/usr/local/bin/nc -vzw3 10.215.22.49 21
AVNTAO2945_inbound|xibftp|Y|/usr/local/bin/nc -vzw3 10.224.65.58 21
AVNTAO3861_inbound|xibftp|Y|/usr/local/bin/nc -vzw3 10.224.65.58 21
AVNTAOA861_inbound|xibftp|Y|/usr/local/bin/nc -vzw3 10.224.65.58 21
AVNTAOA945_inbound|xibftp|Y|/usr/local/bin/nc -vzw3 10.224.65.58 21
AVX_ADA_inbound|pvmiamftp.ap.signintra.com|Y|/usr/local/bin/nc -vzw3 10.215.22.49 21
AVX_ADU_inbound|pvmiamftp.ap.signintra.com|Y|/usr/local/bin/nc -vzw3 10.215.22.49 21
AVX_AOA852_inbound|xibftp|Y|/usr/local/bin/nc -vzw3 10.224.65.58 21
AVX_AOA861_inbound|xibftp|Y|/usr/local/bin/nc -vzw3 10.224.65.58 21
AVX_AOA945_inbound|xibftp|Y|/usr/local/bin/nc -vzw3 10.224.65.58 21
AVX_AOB852_inbound|xibftp|Y|/usr/local/bin/nc -vzw3 10.224.65.58 21
AVX_AOB861_inbound|xibftp|Y|/usr/local/bin/nc -vzw3 10.224.65.58 21
AVX_AOB945_inbound|xibftp|Y|/usr/local/bin/nc -vzw3 10.224.65.58 21
BAYAAIA856_inbound|xibftp|Y|/usr/local/bin/nc -vzw3 10.224.65.58 21
BAYAAOA852_inbound|xibftp|Y|/usr/local/bin/nc -vzw3 10.224.65.58 21
BAYAAOA861_inbound|xibftp|Y|/usr/local/bin/nc -vzw3 10.224.65.58 21
BAYAAOA945_inbound|xibftp|Y|/usr/local/bin/nc -vzw3 10.224.65.58 21
BAYAAOD_inbound|pvmiamftp.ap.signintra.com|Y|/usr/local/bin/nc -vzw3 10.215.22.49 21
BCOMAIA856_inbound|xibftp|Y|/usr/local/bin/nc -vzw3 10.224.65.58 21
BCOMAOA861_inbound|xibftp|Y|/usr/local/bin/nc -vzw3 10.224.65.58 21
BCOMAOA945_inbound|xibftp|Y|/usr/local/bin/nc -vzw3 10.224.65.58 21
BCOMAOV852_inbound|xibftp|Y|/usr/local/bin/nc -vzw3 10.224.65.58 21
BMW_CB3OUT_inbound|freds_ca_ddc|Y|/usr/local/bin/nc -vzw3 10.220.6.10 21
BMW_CEXHOU_inbound|freds_ca_ddc|Y|/usr/local/bin/nc -vzw3 10.220.6.10 21
BMW_CFI210_inbound|xibftp|Y|/usr/local/bin/nc -vzw3 10.224.65.58 21
BMW_E4LPID_MTPCNT_inbound|sds_p6b|Y|/usr/local/bin/nc -vzw3 10.200.200.106 22
BMW_E4LPID_SHPCON_inbound|sds_p6b|Y|/usr/local/bin/nc -vzw3 10.200.200.106 22
BMW_E4LPID_SHPMNT_inbound|sds_p6b|Y|/usr/local/bin/nc -vzw3 10.200.200.106 22
BMW_E4LPID_SHPORD_inbound|sds_p6b|Y|/usr/local/bin/nc -vzw3 10.200.200.106 22
BMW_E4LPID_STATUS_inbound|sds_p6b|Y|/usr/local/bin/nc -vzw3 10.200.200.106 22
BMW_E4LPID_WMMBXY_inbound|sds_p6b|Y|/usr/local/bin/nc -vzw3 10.200.200.106 22
BOURAO_inbound|pvmiamftp.ap.signintra.com|Y|/usr/local/bin/nc -vzw3 10.215.22.49 21
CAVMAOA852_inbound|xibftp|Y|/usr/local/bin/nc -vzw3 10.224.65.58 21
CAVMAOA861_inbound|xibftp|Y|/usr/local/bin/nc -vzw3 10.224.65.58 21
CAVMAOA945_inbound|xibftp|Y|/usr/local/bin/nc -vzw3 10.224.65.58 21
CAVMAOD_inbound|pvmiamftp.ap.signintra.com|Y|/usr/local/bin/nc -vzw3 10.215.22.49 21
CBSACARLIN_inbound|xibftp|Y|/usr/local/bin/nc -vzw3 10.224.65.58 21
CBSACCADIN_inbound|xibftp|Y|/usr/local/bin/nc -vzw3 10.224.65.58 21
CBSACCADO1_inbound|freds_ca_ddc|Y|/usr/local/bin/nc -vzw3 10.220.6.10 21
CBSACDFAIN_inbound|ftp.myvan.descartes.com|Y|/usr/local/bin/nc -vzw3 ftp.myvan.descartes.com 21
CBSACDFAOU_inbound|freds_ca_ddc|Y|/usr/local/bin/nc -vzw3 10.220.6.10 21
CBSACEIACR_inbound|xibftp|Y|/usr/local/bin/nc -vzw3 10.224.65.58 21
CBSACEIRN1_inbound|xibftp|Y|/usr/local/bin/nc -vzw3 10.224.65.58 21
CBSACEMANI_inbound|xibftp|Y|/usr/local/bin/nc -vzw3 10.224.65.58 21
CBSACEMANO_inbound|freds_ca_ddc|Y|/usr/local/bin/nc -vzw3 10.220.6.10 21
CBSACFFTCP_inbound|freds_ca_ddc|Y|/usr/local/bin/nc -vzw3 10.220.6.10 21
CBSACIIDOU_inbound|freds_ca_ddc|Y|/usr/local/bin/nc -vzw3 10.220.6.10 21
CBSACRSFEO_inbound|freds_ca_ddc|Y|/usr/local/bin/nc -vzw3 10.220.6.10 21
CBSA_CUSTOMS_RULE_inbound|freds_ca_ddc|Y|/usr/local/bin/nc -vzw3 10.220.6.10 21
CELEAO_001_inbound|xibftp|Y|/usr/local/bin/nc -vzw3 10.224.65.58 21
CIRCAIA856_inbound|xibftp|Y|/usr/local/bin/nc -vzw3 10.224.65.58 21
CISCABTS17_inbound|xibftp|Y|/usr/local/bin/nc -vzw3 10.224.65.58 21
CISCABTS24_CSV_inbound|xibftp|Y|/usr/local/bin/nc -vzw3 10.224.65.58 21
CISCABTS24_TXT_inbound|xibftp|Y|/usr/local/bin/nc -vzw3 10.224.65.58 21
CISCABTS26_WISTRON_inbound|xibftp|Y|/usr/local/bin/nc -vzw3 10.224.65.58 21
CISCABTS27_SFTP_inbound|xibftp|Y|/usr/local/bin/nc -vzw3 10.224.65.58 21
CISCADL214_SFTP_inbound|ftp3.dhl.com|Y|/usr/local/bin/nc -vzw3 ftp3.dhl.com 22
CISCAHKBTS_CSV_inbound|schenkerHK_BTS|Y|/usr/local/bin/nc -vzw3 10.213.122.15 21
CISCAMHPCR_inbound|xibftp|Y|/usr/local/bin/nc -vzw3 10.224.65.58 21
CISCAO0002_US_inbound|xibftp|Y|/usr/local/bin/nc -vzw3 10.224.65.58 21
CISCAO0002_inbound|xibftp|Y|/usr/local/bin/nc -vzw3 10.224.65.58 21
CISCAOE2ON_inbound|xibftp|Y|/usr/local/bin/nc -vzw3 10.224.65.58 21
CISCAOPVMI_FB02_inbound|xibftp|Y|/usr/local/bin/nc -vzw3 10.224.65.58 21
CISCAOPVMI_FC05_inbound|xibftp|Y|/usr/local/bin/nc -vzw3 10.224.65.58 21
CISCAOUTFT_SLBTS_inbound|schenkerHK_BTS|Y|/usr/local/bin/nc -vzw3 10.213.122.15 21
CISCAOUTFT_SLHK_inbound|xibftp|Y|/usr/local/bin/nc -vzw3 10.224.65.58 21
CISCAOUTFT_SLJP_inbound|xibftp|Y|/usr/local/bin/nc -vzw3 10.224.65.58 21
CISCAOUTFT_SLMY_inbound|xibftp|Y|/usr/local/bin/nc -vzw3 10.224.65.58 21
CISCAOUTFT_SLTH_inbound|xibftp|Y|/usr/local/bin/nc -vzw3 10.224.65.58 21
CISCAO_BTS_inbound|schenkerHK_BTS|Y|/usr/local/bin/nc -vzw3 10.213.122.15 21
CISCAO_JP_inbound|xibftp|Y|/usr/local/bin/nc -vzw3 10.224.65.58 21
CISCAO_MY_inbound|xibftp|Y|/usr/local/bin/nc -vzw3 10.224.65.58 21
CISCAO_TH_inbound|xibftp|Y|/usr/local/bin/nc -vzw3 10.224.65.58 21
CISCAO_inbound|xibftp|Y|/usr/local/bin/nc -vzw3 10.224.65.58 21
CISCAPV3B2_USFGU_inbound|ftp.dbschenkerusa.com|Y|/usr/local/bin/nc -vzw3 ftp.dbschenkerusa.com 21
CISCAPV3B2_USFJZ_inbound|ftp.dbschenkerusa.com|Y|/usr/local/bin/nc -vzw3 ftp.dbschenkerusa.com 21
CISCAPV3B2_USFTX_inbound|ftp.dbschenkerusa.com|Y|/usr/local/bin/nc -vzw3 ftp.dbschenkerusa.com 21
CISCAPV3B2_USJMX_inbound|ftp.dbschenkerusa.com|Y|/usr/local/bin/nc -vzw3 ftp.dbschenkerusa.com 21
CISCAPV3B2_USTAU_inbound|ftp.dbschenkerusa.com|Y|/usr/local/bin/nc -vzw3 ftp.dbschenkerusa.com 21
CISCAPV3B2_USTSP_inbound|ftp.dbschenkerusa.com|Y|/usr/local/bin/nc -vzw3 ftp.dbschenkerusa.com 21
CISCAPV4B2_USFGU_inbound|ftp.dbschenkerusa.com|Y|/usr/local/bin/nc -vzw3 ftp.dbschenkerusa.com 21
CISCAPV4B2_USFJZ_inbound|ftp.dbschenkerusa.com|Y|/usr/local/bin/nc -vzw3 ftp.dbschenkerusa.com 21
CISCAPV4B2_USFTX_inbound|ftp.dbschenkerusa.com|Y|/usr/local/bin/nc -vzw3 ftp.dbschenkerusa.com 21
CISCAPV4B2_USJMX_inbound|ftp.dbschenkerusa.com|Y|/usr/local/bin/nc -vzw3 ftp.dbschenkerusa.com 21
CISCAPV4B2_USTAU_inbound|ftp.dbschenkerusa.com|Y|/usr/local/bin/nc -vzw3 ftp.dbschenkerusa.com 21
CISCAPV4B2_USTSP_inbound|ftp.dbschenkerusa.com|Y|/usr/local/bin/nc -vzw3 ftp.dbschenkerusa.com 21
CISCASGBTS_inbound|sin-vftp.schenker.com.sg|Y|/usr/local/bin/nc -vzw3 10.215.20.140 21
CISCAUS3B3_inbound|xibftp|Y|/usr/local/bin/nc -vzw3 10.224.65.58 21
CISCCFXCCD_inbound|freds_ca_ddc|Y|/usr/local/bin/nc -vzw3 10.220.6.10 21
CISCEJSHKG_BTS_inbound|schenkerHK|Y|/usr/local/bin/nc -vzw3 10.213.122.15 21
CISCEJSHKG_inbound|xibftp|Y|/usr/local/bin/nc -vzw3 10.224.65.58 21
CISCEJSJPN_inbound|xibftp|Y|/usr/local/bin/nc -vzw3 10.224.65.58 21
CISCEJSMYS_inbound|xibftp|Y|/usr/local/bin/nc -vzw3 10.224.65.58 21
CISCEJSTHA_inbound|xibftp|Y|/usr/local/bin/nc -vzw3 10.224.65.58 21
CISCEJSUSA_inbound|xibftp|Y|/usr/local/bin/nc -vzw3 10.224.65.58 21
CISC_HRO_HK_inbound|schenkerHK_BTS|Y|/usr/local/bin/nc -vzw3 10.213.122.15 21
CISC_HRO_inbound|schenkerHK_BTS|Y|/usr/local/bin/nc -vzw3 10.213.122.15 21
CLGTCO947R_inbound|sclidc1.us.signintra.com|Y|/usr/local/bin/nc -vzw3 sclidc1.us.signintra.com 21
CLGTCXI944_inbound|sclidc1.us.signintra.com|Y|/usr/local/bin/nc -vzw3 sclidc1.us.signintra.com 21
CLGTCXIUPS_inbound|sclidc1.us.signintra.com|Y|/usr/local/bin/nc -vzw3 sclidc1.us.signintra.com 21
CLGTCXO945_inbound|sclidc1.us.signintra.com|Y|/usr/local/bin/nc -vzw3 sclidc1.us.signintra.com 21
CLGTCXOWMS_inbound|xibftp|Y|/usr/local/bin/nc -vzw3 10.224.65.58 21
D2L_AO0001_inbound|xibftp|Y|/usr/local/bin/nc -vzw3 10.224.65.58 21
EDGEAAWSXX_inbound|pvmiamftp.ap.signintra.com|Y|/usr/local/bin/nc -vzw3 10.215.22.49 21
EPSOAIA856_inbound|xibftp|Y|/usr/local/bin/nc -vzw3 10.224.65.58 21
EPSOAOA852_inbound|xibftp|Y|/usr/local/bin/nc -vzw3 10.224.65.58 21
EPSOAOA861_inbound|xibftp|Y|/usr/local/bin/nc -vzw3 10.224.65.58 21
EPSOAOA945_inbound|xibftp|Y|/usr/local/bin/nc -vzw3 10.224.65.58 21
EPSOAOD_inbound|pvmiamftp.ap.signintra.com|Y|/usr/local/bin/nc -vzw3 10.215.22.49 21
FABRAAWSXX_inbound|pvmiamftp.ap.signintra.com|Y|/usr/local/bin/nc -vzw3 10.215.22.49 21
FABRAI856I_inbound|xibftp|Y|/usr/local/bin/nc -vzw3 10.224.65.58 21
FABRAOROUT_inbound|xibftp|Y|/usr/local/bin/nc -vzw3 10.224.65.58 21
FABRAO_inbound|pvmiamftp.ap.signintra.com|Y|/usr/local/bin/nc -vzw3 10.215.22.49 21
FABRA_NTH_inbound|xibftp|Y|/usr/local/bin/nc -vzw3 10.224.65.58 21
FINIAAWSXX_inbound|pvmiamftp.ap.signintra.com|Y|/usr/local/bin/nc -vzw3 10.215.22.49 21
FINIAOD_inbound|pvmiamftp.ap.signintra.com|Y|/usr/local/bin/nc -vzw3 10.215.22.49 21
FLEXAIPVMI_FMY_inbound|xibftp|Y|/usr/local/bin/nc -vzw3 10.224.65.58 21
FLEXAOD003_inbound|pvmiamftp.ap.signintra.com|Y|/usr/local/bin/nc -vzw3 10.215.22.49 21
FLEXAOPNEB_inbound|xibftp|Y|/usr/local/bin/nc -vzw3 10.224.65.58 21
FLEXAO_001_FDO_inbound|xibftp|Y|/usr/local/bin/nc -vzw3 10.224.65.58 21
FLEXAO_001_FGU_inbound|ftp.dbschenkerusa.com|Y|/usr/local/bin/nc -vzw3 ftp.dbschenkerusa.com 21
FLEXAO_001_PEN_inbound|xibftp|Y|/usr/local/bin/nc -vzw3 10.224.65.58 21
FLEXAO_001_TAU_inbound|ftp.dbschenkerusa.com|Y|/usr/local/bin/nc -vzw3 ftp.dbschenkerusa.com 21
FLEXAO_001_TSP_inbound|ftp.dbschenkerusa.com|Y|/usr/local/bin/nc -vzw3 ftp.dbschenkerusa.com 21
FLEXAO_002_inbound|xibftp|Y|/usr/local/bin/nc -vzw3 10.224.65.58 21
FLEXAO_003_inbound|xibftp|Y|/usr/local/bin/nc -vzw3 10.224.65.58 21
FLEXAO_004_FDO_inbound|schenkerHK_BTS|Y|/usr/local/bin/nc -vzw3 10.213.122.15 21
FLEXAO_004_PEN_inbound|schenkerHK_BTS|Y|/usr/local/bin/nc -vzw3 10.213.122.15 21
FLEXAO_FB02_FGU_inbound|ftp.dbschenkerusa.com|Y|/usr/local/bin/nc -vzw3 ftp.dbschenkerusa.com 21
FLEXAO_FB02_TAU_inbound|ftp.dbschenkerusa.com|Y|/usr/local/bin/nc -vzw3 ftp.dbschenkerusa.com 21
FLEXAO_FB02_TSP_inbound|ftp.dbschenkerusa.com|Y|/usr/local/bin/nc -vzw3 ftp.dbschenkerusa.com 21
FLEXMASTER_inbound|pvmiamftp.ap.signintra.com|Y|/usr/local/bin/nc -vzw3 10.215.22.49 21
FORDLS13VA_inbound|sds_p64|Y|/usr/local/bin/nc -vzw3 10.200.200.11 22
FOXCAAWSXX_inbound|pvmiamftp.ap.signintra.com|Y|/usr/local/bin/nc -vzw3 10.215.22.49 21
FOXCADA_inbound|pvmiamftp.ap.signintra.com|Y|/usr/local/bin/nc -vzw3 10.215.22.49 21
FOXCAOD002_inbound|pvmiamftp.ap.signintra.com|Y|/usr/local/bin/nc -vzw3 10.215.22.49 21
FOXCAO_001_FJZ_inbound|ftp.dbschenkerusa.com|Y|/usr/local/bin/nc -vzw3 ftp.dbschenkerusa.com 21
FOXCAO_001__CDF_inbound|xibftp|Y|/usr/local/bin/nc -vzw3 10.224.65.58 21
FOXCAO_001__FHK_inbound|xibftp|Y|/usr/local/bin/nc -vzw3 10.224.65.58 21
FOXCAO_001__FTX_inbound|ftp.dbschenkerusa.com|Y|/usr/local/bin/nc -vzw3 ftp.dbschenkerusa.com 21
FOXCAO_002_inbound|xibftp|Y|/usr/local/bin/nc -vzw3 10.224.65.58 21
FOXCAO_FB02_FJZ_inbound|ftp.dbschenkerusa.com|Y|/usr/local/bin/nc -vzw3 ftp.dbschenkerusa.com 21
FOXCAO_FB02_FTX_inbound|ftp.dbschenkerusa.com|Y|/usr/local/bin/nc -vzw3 ftp.dbschenkerusa.com 21
FRSCADA_inbound|pvmiamftp.ap.signintra.com|Y|/usr/local/bin/nc -vzw3 10.215.22.49 21
FRSCADU_inbound|pvmiamftp.ap.signintra.com|Y|/usr/local/bin/nc -vzw3 10.215.22.49 21
FRSCAO2861_inbound|xibftp|Y|/usr/local/bin/nc -vzw3 10.224.65.58 21
FRSCAO2945_inbound|xibftp|Y|/usr/local/bin/nc -vzw3 10.224.65.58 21
FRSCAO4852_inbound|xibftp|Y|/usr/local/bin/nc -vzw3 10.224.65.58 21
FRSCAOA852_inbound|xibftp|Y|/usr/local/bin/nc -vzw3 10.224.65.58 21
FRSCAOA861_inbound|xibftp|Y|/usr/local/bin/nc -vzw3 10.224.65.58 21
FRSCAOA945_inbound|xibftp|Y|/usr/local/bin/nc -vzw3 10.224.65.58 21
GNRCC997I2_APPL_inbound|ftp.traxtech.com|Y|/usr/local/bin/nc -vzw3 ftp.traxtech.com 21
GOOGU846OU_inbound|xibftp|Y|/usr/local/bin/nc -vzw3 10.224.65.58 21
GOOGU861OU_inbound|xibftp|Y|/usr/local/bin/nc -vzw3 10.224.65.58 21
GOOGU945OU_inbound|xibftp|Y|/usr/local/bin/nc -vzw3 10.224.65.58 21
GOOGU947OU_inbound|xibftp|Y|/usr/local/bin/nc -vzw3 10.224.65.58 21
GOOGUCSVOU_inbound|xibftp|Y|/usr/local/bin/nc -vzw3 10.224.65.58 21
GOOGUFTPIN_inbound|partnerupload.google.com|Y|/usr/local/bin/nc -vzw3 partnerupload.google.com 19321
GUC_AOA852_inbound|xibftp|Y|/usr/local/bin/nc -vzw3 10.224.65.58 21
GUC_AOA861_inbound|xibftp|Y|/usr/local/bin/nc -vzw3 10.224.65.58 21
GUC_AOA945_inbound|xibftp|Y|/usr/local/bin/nc -vzw3 10.224.65.58 21
GUC_AOD_inbound|pvmiamftp.ap.signintra.com|Y|/usr/local/bin/nc -vzw3 10.215.22.49 21
HPSBAOFOXC2_inbound|schenkerHK_BTS|Y|/usr/local/bin/nc -vzw3 10.213.122.15 21
HPSBAOFOXC_FLH_inbound|schenker_cnnew|Y|/usr/local/bin/nc -vzw3 10.213.25.35 21
HPSBAOFOXC_SHA_inbound|schenker_cnnew|Y|/usr/local/bin/nc -vzw3 10.213.25.35 21
HPSBAOFOXC_inbound|schenkerHK_BTS|Y|/usr/local/bin/nc -vzw3 10.213.122.15 21
IDT_AI0000_inbound|xibftp|Y|/usr/local/bin/nc -vzw3 10.224.65.58 21
IDT_AO0000_inbound|xibftp|Y|/usr/local/bin/nc -vzw3 10.224.65.58 21
IDT_AOD_inbound|pvmiamftp.ap.signintra.com|Y|/usr/local/bin/nc -vzw3 10.215.22.49 21
INVEAOA852_inbound|xibftp|Y|/usr/local/bin/nc -vzw3 10.224.65.58 21
INVEAOA861_inbound|xibftp|Y|/usr/local/bin/nc -vzw3 10.224.65.58 21
INVEAOA945_inbound|xibftp|Y|/usr/local/bin/nc -vzw3 10.224.65.58 21
INVEAOD_inbound|pvmiamftp.ap.signintra.com|Y|/usr/local/bin/nc -vzw3 10.215.22.49 21
ISILAIB856_inbound|xibftp|Y|/usr/local/bin/nc -vzw3 10.224.65.58 21
JABIAAWSXX_inbound|pvmiamftp.ap.signintra.com|Y|/usr/local/bin/nc -vzw3 10.215.22.49 21
JABIAOD_inbound|pvmiamftp.ap.signintra.com|Y|/usr/local/bin/nc -vzw3 10.215.22.49 21
JABIAOPVMI_inbound|pvmiamftp.ap.signintra.com|Y|/usr/local/bin/nc -vzw3 10.215.22.49 21
JABIAO_001_JMX_inbound|ftp.dbschenkerusa.com|Y|/usr/local/bin/nc -vzw3 ftp.dbschenkerusa.com 21
JABIAO_001_JPE_inbound|xibftp|Y|/usr/local/bin/nc -vzw3 10.224.65.58 21
JABIAO_001_JSH_inbound|xibftp|Y|/usr/local/bin/nc -vzw3 10.224.65.58 21
JABIAO_002_inbound|xibftp|Y|/usr/local/bin/nc -vzw3 10.224.65.58 21
JABIAO_FB02_JMX_inbound|ftp.dbschenkerusa.com|Y|/usr/local/bin/nc -vzw3 ftp.dbschenkerusa.com 21
KMETAOA852_inbound|xibftp|Y|/usr/local/bin/nc -vzw3 10.224.65.58 21
KMETAOA861_inbound|xibftp|Y|/usr/local/bin/nc -vzw3 10.224.65.58 21
KMETAOA945_inbound|xibftp|Y|/usr/local/bin/nc -vzw3 10.224.65.58 21
KMETAOD_inbound|pvmiamftp.ap.signintra.com|Y|/usr/local/bin/nc -vzw3 10.215.22.49 21
KRFTCTS944_inbound|sclidc1.us.signintra.com|Y|/usr/local/bin/nc -vzw3 sclidc1.us.signintra.com 21
KTONAAWSXX_inbound|pvmiamftp.ap.signintra.com|Y|/usr/local/bin/nc -vzw3 10.215.22.49 21
LITEAOD_inbound|pvmiamftp.ap.signintra.com|Y|/usr/local/bin/nc -vzw3 10.215.22.49 21
LSI_AOA852_inbound|xibftp|Y|/usr/local/bin/nc -vzw3 10.224.65.58 21
LSI_AOA861_inbound|xibftp|Y|/usr/local/bin/nc -vzw3 10.224.65.58 21
LSI_AOA945_inbound|xibftp|Y|/usr/local/bin/nc -vzw3 10.224.65.58 21
MARVAOA861_inbound|xibftp|Y|/usr/local/bin/nc -vzw3 10.224.65.58 21
MARVAOA945_inbound|xibftp|Y|/usr/local/bin/nc -vzw3 10.224.65.58 21
MARVAOD_inbound|pvmiamftp.ap.signintra.com|Y|/usr/local/bin/nc -vzw3 10.215.22.49 21
MOLXADH_inbound|pvmiamftp.ap.signintra.com|Y|/usr/local/bin/nc -vzw3 10.215.22.49 21
MOLXADS_inbound|pvmiamftp.ap.signintra.com|Y|/usr/local/bin/nc -vzw3 10.215.22.49 21
MOLXADU_inbound|pvmiamftp.ap.signintra.com|Y|/usr/local/bin/nc -vzw3 10.215.22.49 21
MOLXADY_inbound|pvmiamftp.ap.signintra.com|Y|/usr/local/bin/nc -vzw3 10.215.22.49 21
MOLXAO2945_inbound|xibftp|Y|/usr/local/bin/nc -vzw3 10.224.65.58 21
MOLXAO3861_inbound|xibftp|Y|/usr/local/bin/nc -vzw3 10.224.65.58 21
MOLXAO4852_inbound|xibftp|Y|/usr/local/bin/nc -vzw3 10.224.65.58 21
MOLXAOC852_inbound|xibftp|Y|/usr/local/bin/nc -vzw3 10.224.65.58 21
MOLXAOC861_inbound|xibftp|Y|/usr/local/bin/nc -vzw3 10.224.65.58 21
MOLXAOC945_inbound|xibftp|Y|/usr/local/bin/nc -vzw3 10.224.65.58 21
MOLXAOH852_inbound|xibftp|Y|/usr/local/bin/nc -vzw3 10.224.65.58 21
MOLXAOH861_inbound|xibftp|Y|/usr/local/bin/nc -vzw3 10.224.65.58 21
MOLXAOH945_inbound|xibftp|Y|/usr/local/bin/nc -vzw3 10.224.65.58 21
MOLXAOS852_inbound|xibftp|Y|/usr/local/bin/nc -vzw3 10.224.65.58 21
MOLXAOS861_inbound|xibftp|Y|/usr/local/bin/nc -vzw3 10.224.65.58 21
MOLXAOS945_inbound|xibftp|Y|/usr/local/bin/nc -vzw3 10.224.65.58 21
MOLXAOY852_inbound|xibftp|Y|/usr/local/bin/nc -vzw3 10.224.65.58 21
MOLXAOY861_inbound|xibftp|Y|/usr/local/bin/nc -vzw3 10.224.65.58 21
MOLXAOY945_inbound|xibftp|Y|/usr/local/bin/nc -vzw3 10.224.65.58 21
MONIE2SDSI_inbound|xibftp|Y|/usr/local/bin/nc -vzw3 10.224.65.58 21
MONIES2LAF_6E_SFTP_inbound|sds_p6e|Y|/usr/local/bin/nc -vzw3 10.200.200.56 22
MSPDAAO852_inbound|xibftp|Y|/usr/local/bin/nc -vzw3 10.224.65.58 21
MSPDAOA945_inbound|xibftp|Y|/usr/local/bin/nc -vzw3 10.224.65.58 21
MS__U846OU_inbound|dpv-rpmscjs-wms|Y|/usr/local/bin/nc -vzw3 10.220.2.146 21
MS__U856IN_WEB_inbound|xibftp|Y|/usr/local/bin/nc -vzw3 10.224.65.58 21
MS__U861OU_inbound|dpv-rpmscjs-wms|Y|/usr/local/bin/nc -vzw3 10.220.2.146 21
MS__U940IN_WEB_inbound|xibftp|Y|/usr/local/bin/nc -vzw3 10.224.65.58 21
MS__U945OU_inbound|dpv-rpmscjs-wms|Y|/usr/local/bin/nc -vzw3 10.220.2.146 21
MS__U947AJ_inbound|dpv-rpmscjs-wms|Y|/usr/local/bin/nc -vzw3 10.220.2.146 21
MS__U947ST_inbound|dpv-rpmscjs-wms|Y|/usr/local/bin/nc -vzw3 10.220.2.146 21
MS__UCSVOU_inbound|dpv-rpmscjs-wms|Y|/usr/local/bin/nc -vzw3 10.220.2.146 21
MS__UGENIN_ARTESYN_inbound|xibftp|Y|/usr/local/bin/nc -vzw3 10.224.65.58 21
MURAAAO852_inbound|xibftp|Y|/usr/local/bin/nc -vzw3 10.224.65.58 21
MURAAAO861_inbound|xibftp|Y|/usr/local/bin/nc -vzw3 10.224.65.58 21
MURAAAO945_inbound|xibftp|Y|/usr/local/bin/nc -vzw3 10.224.65.58 21
MURAADA_inbound|pvmiamftp.ap.signintra.com|Y|/usr/local/bin/nc -vzw3 10.215.22.49 21
MURAADU_inbound|pvmiamftp.ap.signintra.com|Y|/usr/local/bin/nc -vzw3 10.215.22.49 21
MURAAI856I_inbound|xibftp|Y|/usr/local/bin/nc -vzw3 10.224.65.58 21
MURAAOA852_inbound|xibftp|Y|/usr/local/bin/nc -vzw3 10.224.65.58 21
MURAAOA861_inbound|xibftp|Y|/usr/local/bin/nc -vzw3 10.224.65.58 21
MURAAOA945_inbound|xibftp|Y|/usr/local/bin/nc -vzw3 10.224.65.58 21
MXIMAOA852_inbound|xibftp|Y|/usr/local/bin/nc -vzw3 10.224.65.58 21
MXIMAOA861_inbound|xibftp|Y|/usr/local/bin/nc -vzw3 10.224.65.58 21
MXIMAOA945_inbound|xibftp|Y|/usr/local/bin/nc -vzw3 10.224.65.58 21
MXIMAOD_inbound|pvmiamftp.ap.signintra.com|Y|/usr/local/bin/nc -vzw3 10.215.22.49 21
NICHAOD_inbound|pvmiamftp.ap.signintra.com|Y|/usr/local/bin/nc -vzw3 10.215.22.49 21
OPLIAIA856_inbound|xibftp|Y|/usr/local/bin/nc -vzw3 10.224.65.58 21
OPNXAOA852_inbound|xibftp|Y|/usr/local/bin/nc -vzw3 10.224.65.58 21
OPNXAOA861_inbound|xibftp|Y|/usr/local/bin/nc -vzw3 10.224.65.58 21
OPNXAOA945_inbound|xibftp|Y|/usr/local/bin/nc -vzw3 10.224.65.58 21
OPNXAOD_inbound|pvmiamftp.ap.signintra.com|Y|/usr/local/bin/nc -vzw3 10.215.22.49 21
PANAAAWSXX_inbound|pvmiamftp.ap.signintra.com|Y|/usr/local/bin/nc -vzw3 10.215.22.49 21
PANAAAWSXX_sftp_inbound|xibftp|Y|/usr/local/bin/nc -vzw3 10.224.65.58 21
PEGAAO2861_inbound|xibftp|Y|/usr/local/bin/nc -vzw3 10.224.65.58 21
PEGAAO2945_inbound|xibftp|Y|/usr/local/bin/nc -vzw3 10.224.65.58 21
PEGAAOD_inbound|pvmiamftp.ap.signintra.com|Y|/usr/local/bin/nc -vzw3 10.215.22.49 21
PFIZU214GN_inbound|xibftp|Y|/usr/local/bin/nc -vzw3 10.224.65.58 21
PFIZU315GN_inbound|xibftp|Y|/usr/local/bin/nc -vzw3 10.224.65.58 21
POLYAO2945_inbound|xibftp|Y|/usr/local/bin/nc -vzw3 10.224.65.58 21
POLYAO3861_inbound|xibftp|Y|/usr/local/bin/nc -vzw3 10.224.65.58 21
PULSAOD_inbound|pvmiamftp.ap.signintra.com|Y|/usr/local/bin/nc -vzw3 10.215.22.49 21
PVMI_MPA_inbound|xibftp|Y|/usr/local/bin/nc -vzw3 10.224.65.58 21
QNAPAOA852_inbound|xibftp|Y|/usr/local/bin/nc -vzw3 10.224.65.58 21
QNAPAOA861_inbound|xibftp|Y|/usr/local/bin/nc -vzw3 10.224.65.58 21
QNAPAOA945_inbound|xibftp|Y|/usr/local/bin/nc -vzw3 10.224.65.58 21
RIM_AOPVMI_inbound|pvmiamftp.ap.signintra.com|Y|/usr/local/bin/nc -vzw3 10.215.22.49 21
SAMSAO0002_inbound|xibftp|Y|/usr/local/bin/nc -vzw3 10.224.65.58 21
SAMSAO0003_inbound|xibftp|Y|/usr/local/bin/nc -vzw3 10.224.65.58 21
SAMSAOSDS1_inbound|xibftp|Y|/usr/local/bin/nc -vzw3 10.224.65.58 21
SAMSAOTH01_inbound|xibftp|Y|/usr/local/bin/nc -vzw3 10.224.65.58 21
SAMSCEO210_inbound|freds_ca_ddc|Y|/usr/local/bin/nc -vzw3 10.220.6.10 21
SAMSCEO214_inbound|freds_ca_ddc|Y|/usr/local/bin/nc -vzw3 10.220.6.10 21
SAMS_RULE_inbound|samsung_canada|Y|/usr/local/bin/nc -vzw3 206.67.236.179 21
SAMTAO2945_inbound|xibftp|Y|/usr/local/bin/nc -vzw3 10.224.65.58 21
SAMTAOD_inbound|pvmiamftp.ap.signintra.com|Y|/usr/local/bin/nc -vzw3 10.215.22.49 21
SAMTAOP945_inbound|xibftp|Y|/usr/local/bin/nc -vzw3 10.224.65.58 21
SEAGAAWSXX_inbound|pvmiamftp.ap.signintra.com|Y|/usr/local/bin/nc -vzw3 10.215.22.49 21
SEAGAO_CVMI_inbound|pvmiamftp.ap.signintra.com|Y|/usr/local/bin/nc -vzw3 10.215.22.49 21
SHMEAOA852_inbound|xibftp|Y|/usr/local/bin/nc -vzw3 10.224.65.58 21
SHMEAOA861_inbound|xibftp|Y|/usr/local/bin/nc -vzw3 10.224.65.58 21
SHMEAOA945_inbound|xibftp|Y|/usr/local/bin/nc -vzw3 10.224.65.58 21
SHMEAOD_inbound|pvmiamftp.ap.signintra.com|Y|/usr/local/bin/nc -vzw3 10.215.22.49 21
SIERAOD_inbound|pvmiamftp.ap.signintra.com|Y|/usr/local/bin/nc -vzw3 10.215.22.49 21
SIERAOX852_inbound|xibftp|Y|/usr/local/bin/nc -vzw3 10.224.65.58 21
SIERAOX861_inbound|xibftp|Y|/usr/local/bin/nc -vzw3 10.224.65.58 21
SIERAOX945_inbound|xibftp|Y|/usr/local/bin/nc -vzw3 10.224.65.58 21
SILAAO_CVMI_inbound|pvmiamftp.ap.signintra.com|Y|/usr/local/bin/nc -vzw3 10.215.22.49 21
SMMOAO2945_inbound|xibftp|Y|/usr/local/bin/nc -vzw3 10.224.65.58 21
SMMOAO3861_inbound|xibftp|Y|/usr/local/bin/nc -vzw3 10.224.65.58 21
SMMOAO4852_inbound|xibftp|Y|/usr/local/bin/nc -vzw3 10.224.65.58 21
SMMOAOD_inbound|pvmiamftp.ap.signintra.com|Y|/usr/local/bin/nc -vzw3 10.215.22.49 21
STMIADA_inbound|pvmiamftp.ap.signintra.com|Y|/usr/local/bin/nc -vzw3 10.215.22.49 21
STMIAOA852_inbound|xibftp|Y|/usr/local/bin/nc -vzw3 10.224.65.58 21
STMIAOA861_inbound|xibftp|Y|/usr/local/bin/nc -vzw3 10.224.65.58 21
STMIAOA945_inbound|xibftp|Y|/usr/local/bin/nc -vzw3 10.224.65.58 21
STMIAOU852_inbound|xibftp|Y|/usr/local/bin/nc -vzw3 10.224.65.58 21
STMIAOU861_inbound|xibftp|Y|/usr/local/bin/nc -vzw3 10.224.65.58 21
STMIAOU945_inbound|xibftp|Y|/usr/local/bin/nc -vzw3 10.224.65.58 21
TI__AO2852_inbound|xibftp|Y|/usr/local/bin/nc -vzw3 10.224.65.58 21
TI__AO2861_inbound|xibftp|Y|/usr/local/bin/nc -vzw3 10.224.65.58 21
TI__AO2945_inbound|xibftp|Y|/usr/local/bin/nc -vzw3 10.224.65.58 21
TI__AOD_inbound|pvmiamftp.ap.signintra.com|Y|/usr/local/bin/nc -vzw3 10.215.22.49 21
TOSHAAWSXX_inbound|pvmiamftp.ap.signintra.com|Y|/usr/local/bin/nc -vzw3 10.215.22.49 21
TYCOC810OU_inbound|xibftp|Y|/usr/local/bin/nc -vzw3 10.224.65.58 21
TYCOC944OU_inbound|sclidc1.us.signintra.com|Y|/usr/local/bin/nc -vzw3 sclidc1.us.signintra.com 21
TYCOC945OU_inbound|sclidc1.us.signintra.com|Y|/usr/local/bin/nc -vzw3 sclidc1.us.signintra.com 21
TYCOCFO810_inbound|freds_ca_ddc|Y|/usr/local/bin/nc -vzw3 10.220.6.10 21
TYCOU310OU_inbound|xibftp|Y|/usr/local/bin/nc -vzw3 10.224.65.58 21
TYCOUINVOU_inbound|xibftp|Y|/usr/local/bin/nc -vzw3 10.224.65.58 21
TYYDAIA856_inbound|xibftp|Y|/usr/local/bin/nc -vzw3 10.224.65.58 21
TYYDAOA852_inbound|xibftp|Y|/usr/local/bin/nc -vzw3 10.224.65.58 21
TYYDAOA861_inbound|xibftp|Y|/usr/local/bin/nc -vzw3 10.224.65.58 21
TYYDAOA945_inbound|xibftp|Y|/usr/local/bin/nc -vzw3 10.224.65.58 21
TYYDAOD_inbound|pvmiamftp.ap.signintra.com|Y|/usr/local/bin/nc -vzw3 10.215.22.49 21
USI_AIA000_inbound|xibftp|Y|/usr/local/bin/nc -vzw3 10.224.65.58 21
USI_AOA000_inbound|xibftp|Y|/usr/local/bin/nc -vzw3 10.224.65.58 21
USI_AOD_inbound|pvmiamftp.ap.signintra.com|Y|/usr/local/bin/nc -vzw3 10.215.22.49 21
VISHADA_inbound|pvmiamftp.ap.signintra.com|Y|/usr/local/bin/nc -vzw3 10.215.22.49 21
VISHADU_inbound|pvmiamftp.ap.signintra.com|Y|/usr/local/bin/nc -vzw3 10.215.22.49 21
VISHAIA856_inbound|xibftp|Y|/usr/local/bin/nc -vzw3 10.224.65.58 21
VISHAOA852_inbound|xibftp|Y|/usr/local/bin/nc -vzw3 10.224.65.58 21
VISHAOA861_inbound|xibftp|Y|/usr/local/bin/nc -vzw3 10.224.65.58 21
VISHAOA945_inbound|xibftp|Y|/usr/local/bin/nc -vzw3 10.224.65.58 21
VISHAOU852_inbound|xibftp|Y|/usr/local/bin/nc -vzw3 10.224.65.58 21
VISHAOU861_inbound|xibftp|Y|/usr/local/bin/nc -vzw3 10.224.65.58 21
VISHAOU945_inbound|xibftp|Y|/usr/local/bin/nc -vzw3 10.224.65.58 21
WINTAO2945_inbound|xibftp|Y|/usr/local/bin/nc -vzw3 10.224.65.58 21
WINTAO3861_inbound|xibftp|Y|/usr/local/bin/nc -vzw3 10.224.65.58 21
WINTAO4852_inbound|xibftp|Y|/usr/local/bin/nc -vzw3 10.224.65.58 21
WINTAOD_inbound|pvmiamftp.ap.signintra.com|Y|/usr/local/bin/nc -vzw3 10.215.22.49 21
WINTAOS856_inbound|sin-vftp.schenker.com.sg|Y|/usr/local/bin/nc -vzw3 10.215.20.140 21
WINTAOS861_inbound|sin-vftp.schenker.com.sg|Y|/usr/local/bin/nc -vzw3 10.215.20.140 21
WINTAOS940_inbound|sin-vftp.schenker.com.sg|Y|/usr/local/bin/nc -vzw3 10.215.20.140 21
WINTAOSXLS_inbound|sin-vftp.schenker.com.sg|Y|/usr/local/bin/nc -vzw3 10.215.20.140 21
ACCTUJDAIN_outbound|dpv-rpmc-wms1|Y|/usr/local/bin/nc -vzw3 10.220.3.190 21
AEMTAIEDES_outbound|CVMI_FTP_P|N|/usr/local/bin/nc -vzw3 10.215.20.138 21
AEMTAOD_outbound|pvmiamftp.ap.signintra.com|Y|/usr/local/bin/nc -vzw3 10.215.22.49 21
APH_AIA000_outbound|CVMI_FTP_P|N|/usr/local/bin/nc -vzw3 10.215.20.138 21
APH_AOA000_outbound|ftp.amphenolcanada.com|Y|/usr/local/bin/nc -vzw3 ftp.amphenolcanada.com 21
APH_AOA00D_outbound|pvmiamftp.ap.signintra.com|Y|/usr/local/bin/nc -vzw3 10.215.22.49 21
APH_AOXXX1_ARCHIVE_outbound|pvmiamftp.ap.signintra.com|Y|/usr/local/bin/nc -vzw3 10.215.22.49 21
APOLLO_ALL_CE_outbound|xibftp|Y|/usr/local/bin/nc -vzw3 10.224.65.58 21
APOLLO_ALL_outbound|xibftp|Y|/usr/local/bin/nc -vzw3 10.224.65.58 21
APOLLO_IN_outbound|xibftp|Y|/usr/local/bin/nc -vzw3 10.224.65.58 21
APOLLO_OUT_outbound|xibftp|Y|/usr/local/bin/nc -vzw3 10.224.65.58 21
APPLAACAGR_outbound|ftps.asia.apple.com|N|/usr/local/bin/nc -vzw3 ftps.asia.apple.com 
APPLAACHPR_outbound|ftps.asia.apple.com|N|/usr/local/bin/nc -vzw3 ftps.asia.apple.com 
APPLAACRPT_outbound|ftps.asia.apple.com|N|/usr/local/bin/nc -vzw3 ftps.asia.apple.com 
APPLABORPT_outbound|ftps.asia.apple.com|N|/usr/local/bin/nc -vzw3 ftps.asia.apple.com 
APPLACIDBS_outbound|sinftp.schenker.com.sg|N|/usr/local/bin/nc -vzw3 10.215.20.141 21
APPLACINGEN_outbound|xibftp|Y|/usr/local/bin/nc -vzw3 10.224.65.58 21
APPLACOTPP_A_outbound|ftps.asia.apple.com|N|/usr/local/bin/nc -vzw3 ftps.asia.apple.com 
APPLACOTPP_outbound|ftps.asia.apple.com|N|/usr/local/bin/nc -vzw3 ftps.asia.apple.com 
APPLACOUPS_outbound||N|dummy
APPLADETRK_outbound|xibftp|Y|/usr/local/bin/nc -vzw3 10.224.65.58 21
APPLADLRPT_outbound|ftps.asia.apple.com|N|/usr/local/bin/nc -vzw3 ftps.asia.apple.com 
APPLAFAZCR_outbound|ftps.asia.apple.com|N|/usr/local/bin/nc -vzw3 ftps.asia.apple.com 
APPLAFGAGR_outbound|ftps.asia.apple.com|N|/usr/local/bin/nc -vzw3 ftps.asia.apple.com 
APPLAFGDCA_edirpt_outbound|ftpgw.schenker-ap.com|N|/usr/local/bin/nc -vzw3 10.215.20.128 21
APPLAFGRPT_outbound|ftps.asia.apple.com|N|/usr/local/bin/nc -vzw3 ftps.asia.apple.com 
APPLAFIDBS_outbound|sinftp.schenker.com.sg|N|/usr/local/bin/nc -vzw3 10.215.20.141 21
APPLAFOA05_edirpt_outbound|ftpgw.schenker-ap.com|N|/usr/local/bin/nc -vzw3 10.215.20.128 21
APPLAFOA06_outbound|ftp.centiro.com|Y|/usr/local/bin/nc -vzw3 ftp.centiro.com 21
APPLAFOA07_outbound|ftp.centiro.com|Y|/usr/local/bin/nc -vzw3 ftp.centiro.com 21
APPLAFOA10_edirpt_outbound|ftpgw.schenker-ap.com|N|/usr/local/bin/nc -vzw3 10.215.20.128 21
APPLAFOA10_outbound|china_post|Y|/usr/local/bin/nc -vzw3 211.156.220.129 21
APPLAFOA11_outbound|ftpgw.schenker-ap.com|N|/usr/local/bin/nc -vzw3 10.215.20.128 21
APPLAFOA13_outbound|shunfheng|Y|/usr/local/bin/nc -vzw3 58.250.206.142 21
APPLAFOA15_174_outbound|ftpgw.schenker-ap.com|N|/usr/local/bin/nc -vzw3 10.215.20.128 21
APPLAFOA25_edirpt_outbound|ftpgw.schenker-ap.com|N|/usr/local/bin/nc -vzw3 10.215.20.128 21
APPLAFOTPP_A_outbound|ftps.asia.apple.com|N|/usr/local/bin/nc -vzw3 ftps.asia.apple.com 
APPLAFOTPP_outbound|ftps.asia.apple.com|N|/usr/local/bin/nc -vzw3 ftps.asia.apple.com 
APPLAFOUPS_outbound|ftp2.ups.com|Y|/usr/local/bin/nc -vzw3 ftp2.ups.com 10022
APPLAFSGPO_outbound|procars_cn|Y|/usr/local/bin/nc -vzw3 10.215.38.13 21
APPLAHBRPT_outbound|ftps.asia.apple.com|N|/usr/local/bin/nc -vzw3 ftps.asia.apple.com 
APPLAI8101_AKL_outbound|xibftp|Y|/usr/local/bin/nc -vzw3 10.224.65.58 21
APPLAI8101_APOLLO_outbound|xibftp|Y|/usr/local/bin/nc -vzw3 10.224.65.58 21
APPLAI8101_BKK_outbound|xibftp|Y|/usr/local/bin/nc -vzw3 10.224.65.58 21
APPLAI8101_HAN_outbound|xibftp|Y|/usr/local/bin/nc -vzw3 10.224.65.58 21
APPLAI8101_HKG_outbound|xibftp|Y|/usr/local/bin/nc -vzw3 10.224.65.58 21
APPLAI8101_ICN_outbound|xibftp|Y|/usr/local/bin/nc -vzw3 10.224.65.58 21
APPLAI8101_JKT_outbound|xibftp|Y|/usr/local/bin/nc -vzw3 10.224.65.58 21
APPLAI8101_KIX_outbound|xibftp|Y|/usr/local/bin/nc -vzw3 10.224.65.58 21
APPLAI8101_KUL_outbound|xibftp|Y|/usr/local/bin/nc -vzw3 10.224.65.58 21
APPLAI8101_MFM_outbound|xibftp|Y|/usr/local/bin/nc -vzw3 10.224.65.58 21
APPLAI8101_NRT_outbound|xibftp|Y|/usr/local/bin/nc -vzw3 10.224.65.58 21
APPLAI8101_SGN_outbound|xibftp|Y|/usr/local/bin/nc -vzw3 10.224.65.58 21
APPLAI8101_SG_outbound|sinftp.schenker.com.sg|N|/usr/local/bin/nc -vzw3 10.215.20.141 21
APPLAI8101_SIN_outbound|xibftp|Y|/usr/local/bin/nc -vzw3 10.224.65.58 21
APPLAI8101_SYD_outbound|xibftp|Y|/usr/local/bin/nc -vzw3 10.224.65.58 21
APPLAI8101_TPE_outbound|xibftp|Y|/usr/local/bin/nc -vzw3 10.224.65.58 21
APPLAI8101_TYO_outbound|xibftp|Y|/usr/local/bin/nc -vzw3 10.224.65.58 21
APPLAICRTV_1431D_outbound|schenker_kr|Y|/usr/local/bin/nc -vzw3 10.213.146.49 21
APPLAICRTV_1431_outbound|appl_automate|N|/usr/local/bin/nc -vzw3 10.215.38.216 21
APPLAICRTV_6401D_outbound|sinftp.schenker.com.sg|N|/usr/local/bin/nc -vzw3 10.215.20.141 21
APPLAICRTV_6401_outbound|appl_automate|N|/usr/local/bin/nc -vzw3 10.215.38.216 21
APPLAICRTV_8201D_outbound|schenker_au|N|/usr/local/bin/nc -vzw3 10.215.222.128 21
APPLAICRTV_8201_outbound|appl_automate|N|/usr/local/bin/nc -vzw3 10.215.38.216 21
APPLAICRTV_8401D_outbound|schenker_jp2|Y|/usr/local/bin/nc -vzw3 10.215.188.56 21
APPLAICRTV_8401_outbound|appl_automate|N|/usr/local/bin/nc -vzw3 10.215.38.216 21
APPLAICVNB_outbound|xibftp|Y|/usr/local/bin/nc -vzw3 10.224.65.58 21
APPLAIDRTV_1431D_outbound|schenker_kr|Y|/usr/local/bin/nc -vzw3 10.213.146.49 21
APPLAIDRTV_1431_outbound|appl_automate|N|/usr/local/bin/nc -vzw3 10.215.38.216 21
APPLAIDRTV_6401D_outbound|sinftp.schenker.com.sg|N|/usr/local/bin/nc -vzw3 10.215.20.141 21
APPLAIDRTV_6401_outbound|appl_automate|N|/usr/local/bin/nc -vzw3 10.215.38.216 21
APPLAIDRTV_8201D_outbound|schenker_au|N|/usr/local/bin/nc -vzw3 10.215.222.128 21
APPLAIDRTV_8201_outbound|appl_automate|N|/usr/local/bin/nc -vzw3 10.215.38.216 21
APPLAIDRTV_8401D_outbound|schenker_jp2|Y|/usr/local/bin/nc -vzw3 10.215.188.56 21
APPLAIDRTV_8401_outbound|appl_automate|N|/usr/local/bin/nc -vzw3 10.215.38.216 21
APPLAIFSEI_outbound|xibftp|Y|/usr/local/bin/nc -vzw3 10.224.65.58 21
APPLAIFVNB_outbound|xibftp|Y|/usr/local/bin/nc -vzw3 10.224.65.58 21
APPLAIPLIN_CTU_outbound|xibftp|Y|/usr/local/bin/nc -vzw3 10.224.65.58 21
APPLAIPLIN_HKG_outbound|xibftp|Y|/usr/local/bin/nc -vzw3 10.224.65.58 21
APPLAIPLIN_SG2_outbound|sinftp.schenker.com.sg|N|/usr/local/bin/nc -vzw3 10.215.20.141 21
APPLAIPLIN_SG_outbound|sinftp.schenker.com.sg|N|/usr/local/bin/nc -vzw3 10.215.20.141 21
APPLAIPLIN_SHA_outbound|xibftp|Y|/usr/local/bin/nc -vzw3 10.224.65.58 21
APPLAKRDHL_outbound|ftp-dhllink.dhl.com|Y|/usr/local/bin/nc -vzw3 ftp-dhllink.dhl.com 22
APPLAOAPOL_outbound|xibftp|Y|/usr/local/bin/nc -vzw3 10.224.65.58 21
APPLAOCAIM_1435_outbound|ftps.asia.apple.com|N|/usr/local/bin/nc -vzw3 ftps.asia.apple.com 
APPLAOCAIM_6451_outbound|ftps.asia.apple.com|N|/usr/local/bin/nc -vzw3 ftps.asia.apple.com 
APPLAOCAIM_8451_outbound|ftps.asia.apple.com|N|/usr/local/bin/nc -vzw3 ftps.asia.apple.com 
APPLAOCAIM_AC_outbound|ftps.asia.apple.com|N|/usr/local/bin/nc -vzw3 ftps.asia.apple.com 
APPLAOCCND_SFTP_outbound|b2bftp.apple.com|Y|/usr/local/bin/nc -vzw3 b2bftp.apple.com 22
APPLAOCTNT_SFTP_outbound|ftp1.centiro.com|Y|/usr/local/bin/nc -vzw3 ftp1.centiro.com 22
APPLAOCVNB1_outbound|ftps.asia.apple.com|N|/usr/local/bin/nc -vzw3 ftps.asia.apple.com 
APPLAOCVNB2_outbound|ftps.asia.apple.com|N|/usr/local/bin/nc -vzw3 ftps.asia.apple.com 
APPLAODBJ1_SFTP_outbound|appleftp.cpscs.cc|Y|/usr/local/bin/nc -vzw3 appleftp.cpscs.cc 22
APPLAODCB1_SFTP_outbound|sftp.s03.traxtech.com|Y|/usr/local/bin/nc -vzw3 sftp.s03.traxtech.com 22
APPLAODSH1_SFTP_outbound|appleftp.cpscs.cc|Y|/usr/local/bin/nc -vzw3 appleftp.cpscs.cc 22
APPLAOEMEU_outbound|xibftp|Y|/usr/local/bin/nc -vzw3 10.224.65.58 21
APPLAOEM_TH_outbound|schenkerTH|Y|/usr/local/bin/nc -vzw3 10.213.205.83 21
APPLAOFVNB1_outbound|ftps.asia.apple.com|N|/usr/local/bin/nc -vzw3 ftps.asia.apple.com 
APPLAOFVNB2_outbound|ftps.asia.apple.com|N|/usr/local/bin/nc -vzw3 ftps.asia.apple.com 
APPLAORRTV_1431_arc_outbound|appl_automate|N|/usr/local/bin/nc -vzw3 10.215.38.216 21
APPLAORRTV_1431_outbound|ftps.asia.apple.com|N|/usr/local/bin/nc -vzw3 ftps.asia.apple.com 
APPLAORRTV_6401_arc_outbound|appl_automate|N|/usr/local/bin/nc -vzw3 10.215.38.216 21
APPLAORRTV_6401_outbound|ftps.asia.apple.com|N|/usr/local/bin/nc -vzw3 ftps.asia.apple.com 
APPLAORRTV_8201_arc_outbound|appl_automate|N|/usr/local/bin/nc -vzw3 10.215.38.216 21
APPLAORRTV_8201_outbound|ftps.asia.apple.com|N|/usr/local/bin/nc -vzw3 ftps.asia.apple.com 
APPLAORRTV_8401_arc_outbound|appl_automate|N|/usr/local/bin/nc -vzw3 10.215.38.216 21
APPLAORRTV_8401_outbound|ftps.asia.apple.com|N|/usr/local/bin/nc -vzw3 ftps.asia.apple.com 
APPLAOTVCC_SFTP_outbound|system.vcargocloud.com|Y|/usr/local/bin/nc -vzw3 system.vcargocloud.com 22
APPLASCARO_outbound|sftp-messaging.crimsonlogic.com|Y|/usr/local/bin/nc -vzw3 sftp-messaging.crimsonlogic.com 4848
APPLA_DC_TNTBULK_FTP_outbound|ftp.centiro.com|Y|/usr/local/bin/nc -vzw3 ftp.centiro.com 21
APPLA_DC_TNT_FTP_outbound|ftp.centiro.com|Y|/usr/local/bin/nc -vzw3 ftp.centiro.com 21
APPLA_DC_TNT_KR_FTP_outbound|ftp.centiro.com|Y|/usr/local/bin/nc -vzw3 ftp.centiro.com 21
APPLCFO110_outbound|ftp.traxtech.com|Y|/usr/local/bin/nc -vzw3 ftp.traxtech.com 21
APPLE2ASXM_API_REQUEST_outbound|basware_uk|Y|/usr/local/bin/nc -vzw3 10.217.130.210 21
APPLE2CAUS_outbound|canada_visibility|Y|/usr/local/bin/nc -vzw3 10.220.6.42 21
APPLE2CIIV_AE_outbound|xibftp|Y|/usr/local/bin/nc -vzw3 10.224.65.58 21
APPLE2CIIV_CH_outbound|schenker_schweiz|N|/usr/local/bin/nc -vzw3 schenker_schweiz 21
APPLE2INFA_VIP_outbound|sds_p6g|Y|/usr/local/bin/nc -vzw3 10.200.200.40 22
APPLE2NLFA_VIP_outbound|sds_p6g|Y|/usr/local/bin/nc -vzw3 10.200.200.40 22
APPLE2TRCE_outbound|trax|Y|/usr/local/bin/nc -vzw3 204.90.92.76 21
APPLE2TRFA_VIP_outbound|sds_p6g|Y|/usr/local/bin/nc -vzw3 10.200.200.40 22
APPLE2TRMF_VIP_outbound|sds_p6g|Y|/usr/local/bin/nc -vzw3 10.200.200.40 22
APPLE945AN_2APAC_outbound|xibftp|Y|/usr/local/bin/nc -vzw3 10.224.65.58 21
APPLE945AN_2CVAN_outbound|xibftp|Y|/usr/local/bin/nc -vzw3 10.224.65.58 21
APPLEAPFOF_VIP_outbound|sds_p6g|Y|/usr/local/bin/nc -vzw3 10.200.200.40 22
APPLEAPFOI_DBS_outbound|sds_p6g|Y|/usr/local/bin/nc -vzw3 10.200.200.40 22
APPLEAPFXX_VIP_NL_840_outbound|sds_p6g|Y|/usr/local/bin/nc -vzw3 10.200.200.40 22
APPLEAPFXX_VIP_TR_820_outbound|sds_p6g|Y|/usr/local/bin/nc -vzw3 10.200.200.40 22
APPLEAPFXX_VIP_TR_830_outbound|sds_p6g|Y|/usr/local/bin/nc -vzw3 10.200.200.40 22
APPLEAPFXX_VIP_TR_outbound|sds_p6g|Y|/usr/local/bin/nc -vzw3 10.200.200.40 22
APPLEAPFXX_VIP_outbound|sds_p6g|Y|/usr/local/bin/nc -vzw3 10.200.200.40 22
APPLEBRXML_SFTP_outbound|lemberg.linux.rz.db.de|Y|/usr/local/bin/nc -vzw3 lemberg.linux.rz.db.de 22
APPLEDHFAN_CZ_outbound|sds_p6g|Y|/usr/local/bin/nc -vzw3 10.200.200.40 22
APPLEDHTAN_CZ_outbound|ftp3.dhl.com|Y|/usr/local/bin/nc -vzw3 ftp3.dhl.com 22
APPLEEUPOI_outbound|procars-clu2.unix.rz.db.de|Y|/usr/local/bin/nc -vzw3 procars-clu2.unix.rz.db.de 21
APPLEFSPXM_AC_inbound|sds_p6g|Y|/usr/local/bin/nc -vzw3 10.200.200.40 22
APPLEFSPXM_inbound|sds_p6g|Y|/usr/local/bin/nc -vzw3 10.200.200.40 22
APPLEHETAN_IRE_outbound|xibftp|Y|/usr/local/bin/nc -vzw3 10.224.65.58 21
APPLEHETAN_IRI_outbound|xibftp|Y|/usr/local/bin/nc -vzw3 10.224.65.58 21
APPLEINBDI_outbound|sds_p6g|Y|/usr/local/bin/nc -vzw3 10.200.200.40 22
APPLEINDGO_AIR_outbound|ftp3.dhl.com|Y|/usr/local/bin/nc -vzw3 ftp3.dhl.com 22
APPLEINDGO_outbound|ftp3.dhl.com|Y|/usr/local/bin/nc -vzw3 ftp3.dhl.com 22
APPLEININV_outbound|sds_p6g|Y|/usr/local/bin/nc -vzw3 10.200.200.40 22
APPLEINKWI_outbound|sds_p6g|Y|/usr/local/bin/nc -vzw3 10.200.200.40 22
APPLEINKWO_inbound|sds_p6g|Y|/usr/local/bin/nc -vzw3 10.200.200.40 22
APPLEINKWO_outbound|b2bwest.kwe.com|Y|/usr/local/bin/nc -vzw3 b2bwest.kwe.com 22
APPLEINPRA_outbound|sds_p6g|Y|/usr/local/bin/nc -vzw3 10.200.200.40 22
APPLEINWDI_outbound|sds_p6g|Y|/usr/local/bin/nc -vzw3 10.200.200.40 22
APPLENLDHI_830_outbound|sds_p6g|Y|/usr/local/bin/nc -vzw3 10.200.200.40 22
APPLENLDHI_outbound|sds_p6g|Y|/usr/local/bin/nc -vzw3 10.200.200.40 22
APPLENLDHO_830_outbound|ftp3.dhl.com|Y|/usr/local/bin/nc -vzw3 ftp3.dhl.com 22
APPLENLUOB_outbound|ftp2.ups.com|Y|/usr/local/bin/nc -vzw3 ftp2.ups.com 10022
APPLENLWDI_outbound|sds_p6g|Y|/usr/local/bin/nc -vzw3 10.200.200.40 22
APPLESDSFA_AC_outbound|sds_p6g|Y|/usr/local/bin/nc -vzw3 10.200.200.40 22
APPLESDSFA_VIP_outbound|sds_p6g|Y|/usr/local/bin/nc -vzw3 10.200.200.40 22
APPLETRPRA_outbound|sds_p6g|Y|/usr/local/bin/nc -vzw3 10.200.200.40 22
APPLETRUOB_outbound|ftp2.ups.com|Y|/usr/local/bin/nc -vzw3 ftp2.ups.com 10022
APPLETRWDI_TR50_outbound|sds_p6g|Y|/usr/local/bin/nc -vzw3 10.200.200.40 22
APPLETRWDI_outbound|sds_p6g|Y|/usr/local/bin/nc -vzw3 10.200.200.40 22
APPLETSPXM_AC_outbound|sds_p6g|Y|/usr/local/bin/nc -vzw3 10.200.200.40 22
APPLETSPXM_outbound|sds_p6g|Y|/usr/local/bin/nc -vzw3 10.200.200.40 22
APPLEUPTAN_outbound|ftp2.ups.com|Y|/usr/local/bin/nc -vzw3 ftp2.ups.com 10022
APPLOEM_861AMB_outbound|rhovftp.schenker-ap.com|Y|/usr/local/bin/nc -vzw3 rhovftp.schenker-ap.com 21
APPLOEM_861AMT_outbound|ftpgw.schenker-ap.com|N|/usr/local/bin/nc -vzw3 10.215.20.128 21
APPLOEM_861ECS_outbound|rhovftp.schenker-ap.com|Y|/usr/local/bin/nc -vzw3 rhovftp.schenker-ap.com 21
APPLOEM_861FOX_outbound|rhovftp.schenker-ap.com|Y|/usr/local/bin/nc -vzw3 rhovftp.schenker-ap.com 21
APPLOEM_861GSS_outbound|ftpgw.schenker-ap.com|N|/usr/local/bin/nc -vzw3 10.215.20.128 21
APPLOEM_861HHL_outbound|rhovftp.schenker-ap.com|Y|/usr/local/bin/nc -vzw3 rhovftp.schenker-ap.com 21
APPLOEM_861HHT_outbound|rhovftp.schenker-ap.com|Y|/usr/local/bin/nc -vzw3 rhovftp.schenker-ap.com 21
APPLOEM_861HHZ_outbound|rhovftp.schenker-ap.com|Y|/usr/local/bin/nc -vzw3 rhovftp.schenker-ap.com 21
APPLOEM_861HON_outbound|rhovftp.schenker-ap.com|Y|/usr/local/bin/nc -vzw3 rhovftp.schenker-ap.com 21
APPLOEM_861IAC_outbound|rhovftp.schenker-ap.com|Y|/usr/local/bin/nc -vzw3 rhovftp.schenker-ap.com 21
APPLOEM_861JAG_outbound|ftpgw.schenker-ap.com|N|/usr/local/bin/nc -vzw3 10.215.20.128 21
APPLOEM_861PIC_outbound|ftpgw.schenker-ap.com|N|/usr/local/bin/nc -vzw3 10.215.20.128 21
APPLOEM_861POW_outbound|ftpgw.schenker-ap.com|N|/usr/local/bin/nc -vzw3 10.215.20.128 21
APPLOEM_861PRI_outbound|rhovftp.schenker-ap.com|Y|/usr/local/bin/nc -vzw3 rhovftp.schenker-ap.com 21
APPLOEM_861QSH_outbound|rhovftp.schenker-ap.com|Y|/usr/local/bin/nc -vzw3 rhovftp.schenker-ap.com 21
APPLURQUPS_outbound|ftp2.ups.com|Y|/usr/local/bin/nc -vzw3 ftp2.ups.com 10022
APPL_AUS_D_outbound|schenker_au|N|/usr/local/bin/nc -vzw3 10.215.222.128 21
APPL_BJS_D_outbound|rhovftp.schenker-ap.com|Y|/usr/local/bin/nc -vzw3 rhovftp.schenker-ap.com 21
APPL_CAREAPBCK_FTP_I_outbound|ftpgw.schenker-ap.com|N|/usr/local/bin/nc -vzw3 10.215.20.128 21
APPL_CAREAPBCK_FTP_O_outbound|ftpgw.schenker-ap.com|N|/usr/local/bin/nc -vzw3 10.215.20.128 21
APPL_CAREAPOD_outbound|appl_apollo|N|/usr/local/bin/nc -vzw3 10.215.20.134 21
APPL_CARED_FTP_O_outbound|ftpgw.schenker-ap.com|N|/usr/local/bin/nc -vzw3 10.215.20.128 21
APPL_CARE_H1325_outbound|xibftp|Y|/usr/local/bin/nc -vzw3 10.224.65.58 21
APPL_CARE_H1435_outbound|xibftp|Y|/usr/local/bin/nc -vzw3 10.224.65.58 21
APPL_CARE_H6451_outbound|xibftp|Y|/usr/local/bin/nc -vzw3 10.224.65.58 21
APPL_CARE_H8451_outbound|xibftp|Y|/usr/local/bin/nc -vzw3 10.224.65.58 21
APPL_CA_1325D_outbound|xibftp|Y|/usr/local/bin/nc -vzw3 10.224.65.58 21
APPL_CA_1435D_outbound|xibftp|Y|/usr/local/bin/nc -vzw3 10.224.65.58 21
APPL_CA_6451D_NR_outbound|xibftp|Y|/usr/local/bin/nc -vzw3 10.224.65.58 21
APPL_CA_6451D_outbound|xibftp|Y|/usr/local/bin/nc -vzw3 10.224.65.58 21
APPL_CA_8451D_outbound|xibftp|Y|/usr/local/bin/nc -vzw3 10.224.65.58 21
APPL_CDU_D_outbound|rhovftp.schenker-ap.com|Y|/usr/local/bin/nc -vzw3 rhovftp.schenker-ap.com 21
APPL_CKG_D_outbound|rhovftp.schenker-ap.com|Y|/usr/local/bin/nc -vzw3 rhovftp.schenker-ap.com 21
APPL_FGAUMATE_FTP_I_1431D_outbound|schenker_kr|Y|/usr/local/bin/nc -vzw3 10.213.146.49 21
APPL_FGAUMATE_FTP_I_1491D_outbound|rhovftp.schenker-ap.com|Y|/usr/local/bin/nc -vzw3 rhovftp.schenker-ap.com 21
APPL_FGAUMATE_FTP_I_1512D_outbound|schenker_cn|N|/usr/local/bin/nc -vzw3 10.213.25.113 21
APPL_FGAUMATE_FTP_I_1971D_outbound|schenker_jkt|Y|/usr/local/bin/nc -vzw3 10.213.141.200 21
APPL_FGAUMATE_FTP_I_6401D_outbound|sinftp.schenker.com.sg|N|/usr/local/bin/nc -vzw3 10.215.20.141 21
APPL_FGAUMATE_FTP_I_8201D_outbound|schenker_au|N|/usr/local/bin/nc -vzw3 10.215.222.128 21
APPL_FGAUMATE_FTP_I_8401D_outbound|schenker_jp|N|/usr/local/bin/nc -vzw3 10.215.188.19 21
APPL_FGAUMATE_FTP_I_8402D_outbound|schenker_jp|N|/usr/local/bin/nc -vzw3 10.215.188.19 21
APPL_FGEDIRPT_FTP_I_outbound|ftpgw.schenker-ap.com|N|/usr/local/bin/nc -vzw3 10.215.20.128 21
APPL_FGEDIRPT_FTP_O_outbound|ftpgw.schenker-ap.com|N|/usr/local/bin/nc -vzw3 10.215.20.128 21
APPL_FGHWMS_FTP_I_1301D_NR_outbound|xibftp|Y|/usr/local/bin/nc -vzw3 10.224.65.58 21
APPL_FGHWMS_FTP_I_1306D_outbound|xibftp|Y|/usr/local/bin/nc -vzw3 10.224.65.58 21
APPL_FGHWMS_FTP_I_1431D_NR_outbound|xibftp|Y|/usr/local/bin/nc -vzw3 10.224.65.58 21
APPL_FGHWMS_FTP_I_1431D_outbound|xibftp|Y|/usr/local/bin/nc -vzw3 10.224.65.58 21
APPL_FGHWMS_FTP_I_1481D_NR_outbound|xibftp|Y|/usr/local/bin/nc -vzw3 10.224.65.58 21
APPL_FGHWMS_FTP_I_1481D_outbound|xibftp|Y|/usr/local/bin/nc -vzw3 10.224.65.58 21
APPL_FGHWMS_FTP_I_1491D_NR_outbound|xibftp|Y|/usr/local/bin/nc -vzw3 10.224.65.58 21
APPL_FGHWMS_FTP_I_1512D_NR_outbound|xibftp|Y|/usr/local/bin/nc -vzw3 10.224.65.58 21
APPL_FGHWMS_FTP_I_1512D_outbound|xibftp|Y|/usr/local/bin/nc -vzw3 10.224.65.58 21
APPL_FGHWMS_FTP_I_1971D_NR_outbound|xibftp|Y|/usr/local/bin/nc -vzw3 10.224.65.58 21
APPL_FGHWMS_FTP_I_2041D_NR_outbound|xibftp|Y|/usr/local/bin/nc -vzw3 10.224.65.58 21
APPL_FGHWMS_FTP_I_2041D_outbound|xibftp|Y|/usr/local/bin/nc -vzw3 10.224.65.58 21
APPL_FGHWMS_FTP_I_6401D_NR_outbound|xibftp|Y|/usr/local/bin/nc -vzw3 10.224.65.58 21
APPL_FGHWMS_FTP_I_6401D_outbound|xibftp|Y|/usr/local/bin/nc -vzw3 10.224.65.58 21
APPL_FGHWMS_FTP_I_8206D_outbound|xibftp|Y|/usr/local/bin/nc -vzw3 10.224.65.58 21
APPL_FGHWMS_FTP_I_8401D_NR_outbound|xibftp|Y|/usr/local/bin/nc -vzw3 10.224.65.58 21
APPL_FGHWMS_FTP_I_8401D_outbound|xibftp|Y|/usr/local/bin/nc -vzw3 10.224.65.58 21
APPL_FGHWMS_FTP_I_8402D_outbound|xibftp|Y|/usr/local/bin/nc -vzw3 10.224.65.58 21
APPL_FGHWMS_FTP_I_LP01D_outbound|xibftp|Y|/usr/local/bin/nc -vzw3 10.224.65.58 21
APPL_FGHWMS_FTP_I_LP02D_outbound|xibftp|Y|/usr/local/bin/nc -vzw3 10.224.65.58 21
APPL_FGZRTV_FTP_I_6401D_outbound|xibftp|Y|/usr/local/bin/nc -vzw3 10.224.65.58 21
APPL_FGZRTV_FTP_I_8401D_outbound|xibftp|Y|/usr/local/bin/nc -vzw3 10.224.65.58 21
APPL_HKG_D_outbound|rhovftp.schenker-ap.com|Y|/usr/local/bin/nc -vzw3 rhovftp.schenker-ap.com 21
APPL_INTAPAC_outbound|xibftp|Y|/usr/local/bin/nc -vzw3 10.224.65.58 21
APPL_JAPSC3_D_outbound|rhovftp.schenker-ap.com|Y|/usr/local/bin/nc -vzw3 rhovftp.schenker-ap.com 21
APPL_JAP_D_outbound|rhovftp.schenker-ap.com|Y|/usr/local/bin/nc -vzw3 rhovftp.schenker-ap.com 21
APPL_L87_SINPDF_outbound|sinftp.schenker.com.sg|N|/usr/local/bin/nc -vzw3 10.215.20.141 21
APPL_L_AUS_outbound|rhovftp.schenker-ap.com|Y|/usr/local/bin/nc -vzw3 rhovftp.schenker-ap.com 21
APPL_L_BJS_outbound|rhovftp.schenker-ap.com|Y|/usr/local/bin/nc -vzw3 rhovftp.schenker-ap.com 21
APPL_L_CDU_outbound|rhovftp.schenker-ap.com|Y|/usr/local/bin/nc -vzw3 rhovftp.schenker-ap.com 21
APPL_L_CHN_outbound|rhovftp.schenker-ap.com|Y|/usr/local/bin/nc -vzw3 rhovftp.schenker-ap.com 21
APPL_L_HKG_outbound|rhovftp.schenker-ap.com|Y|/usr/local/bin/nc -vzw3 rhovftp.schenker-ap.com 21
APPL_L_IND_outbound|schenker_jkt|Y|/usr/local/bin/nc -vzw3 10.213.141.200 21
APPL_L_JAP_outbound|rhovftp.schenker-ap.com|Y|/usr/local/bin/nc -vzw3 rhovftp.schenker-ap.com 21
APPL_L_KOR_outbound|rhovftp.schenker-ap.com|Y|/usr/local/bin/nc -vzw3 rhovftp.schenker-ap.com 21
APPL_L_L17AC_outbound|sinftp.schenker.com.sg|N|/usr/local/bin/nc -vzw3 10.215.20.141 21
APPL_L_L17FG_outbound|sinftp.schenker.com.sg|N|/usr/local/bin/nc -vzw3 10.215.20.141 21
APPL_L_MAS_outbound|rhovftp.schenker-ap.com|Y|/usr/local/bin/nc -vzw3 rhovftp.schenker-ap.com 21
APPL_L_PENJP_outbound|ftpgw.schenker-ap.com|N|/usr/local/bin/nc -vzw3 10.215.20.128 21
APPL_L_PENKR_outbound|ftpgw.schenker-ap.com|N|/usr/local/bin/nc -vzw3 10.215.20.128 21
APPL_L_PENSG_outbound|ftpgw.schenker-ap.com|N|/usr/local/bin/nc -vzw3 10.215.20.128 21
APPL_L_PEN_outbound|ftpgw.schenker-ap.com|N|/usr/local/bin/nc -vzw3 10.215.20.128 21
APPL_L_SHA_outbound|rhovftp.schenker-ap.com|Y|/usr/local/bin/nc -vzw3 rhovftp.schenker-ap.com 21
APPL_L_SINPDF_outbound|rhovftp.schenker-ap.com|Y|/usr/local/bin/nc -vzw3 rhovftp.schenker-ap.com 21
APPL_L_SIN_outbound|rhovftp.schenker-ap.com|Y|/usr/local/bin/nc -vzw3 rhovftp.schenker-ap.com 21
APPL_L_THA_outbound|schenkerTH|Y|/usr/local/bin/nc -vzw3 10.213.205.83 21
APPL_L_TWN_outbound|ftp.schenker.com.tw|Y|/usr/local/bin/nc -vzw3 ftp.schenker.com.tw 21
APPL_L_USA2_outbound|dpv-ftp2.am.bax.global|Y|/usr/local/bin/nc -vzw3 10.220.2.167 21
APPL_L_USA_outbound|rhovftp.schenker-ap.com|Y|/usr/local/bin/nc -vzw3 rhovftp.schenker-ap.com 21
APPL_PDF_BJS_outbound|rhovftp.schenker-ap.com|Y|/usr/local/bin/nc -vzw3 rhovftp.schenker-ap.com 21
APPL_PDF_CDU_outbound|rhovftp.schenker-ap.com|Y|/usr/local/bin/nc -vzw3 rhovftp.schenker-ap.com 21
APPL_PDF_HKG_outbound|rhovftp.schenker-ap.com|Y|/usr/local/bin/nc -vzw3 rhovftp.schenker-ap.com 21
APPL_PDF_SHA_outbound|rhovftp.schenker-ap.com|Y|/usr/local/bin/nc -vzw3 rhovftp.schenker-ap.com 21
APPL_ROAD_outbound|xibftp|Y|/usr/local/bin/nc -vzw3 10.224.65.58 21
APPL_SHA_D_outbound|rhovftp.schenker-ap.com|Y|/usr/local/bin/nc -vzw3 rhovftp.schenker-ap.com 21
APPL_USA_D_outbound|dpv-ftp2.am.bax.global|Y|/usr/local/bin/nc -vzw3 10.220.2.167 21
ASTEAI856I_outbound|CVMI_FTP_P|N|/usr/local/bin/nc -vzw3 10.215.20.138 21
ASTEAO2945_outbound|hk1ftp.artesyn.com|Y|/usr/local/bin/nc -vzw3 hk1ftp.artesyn.com 21
ASTEAO3861_outbound|hk1ftp.artesyn.com|Y|/usr/local/bin/nc -vzw3 hk1ftp.artesyn.com 21
ASTEAO4852_outbound|hk1ftp.artesyn.com|Y|/usr/local/bin/nc -vzw3 hk1ftp.artesyn.com 21
ASTEAOD_outbound|pvmiamftp.ap.signintra.com|Y|/usr/local/bin/nc -vzw3 10.215.22.49 21
AVNTADA_outbound|pvmiamftp.ap.signintra.com|Y|/usr/local/bin/nc -vzw3 10.215.22.49 21
AVNTADU_outbound|pvmiamftp.ap.signintra.com|Y|/usr/local/bin/nc -vzw3 10.215.22.49 21
AVNTAI8562_ERR_outbound|CVMI_FTP_P|N|/usr/local/bin/nc -vzw3 10.215.20.138 21
AVNTAI8562_outbound|CVMI_FTP_P|N|/usr/local/bin/nc -vzw3 10.215.20.138 21
AVX_ADA_outbound|pvmiamftp.ap.signintra.com|Y|/usr/local/bin/nc -vzw3 10.215.22.49 21
AVX_ADU_outbound|pvmiamftp.ap.signintra.com|Y|/usr/local/bin/nc -vzw3 10.215.22.49 21
AVX_AI8561_outbound|CVMI_FTP_P|N|/usr/local/bin/nc -vzw3 10.215.20.138 21
||N|dummy
AWS_856ACVS2_outbound|xibftp|Y|/usr/local/bin/nc -vzw3 10.224.65.58 21
AWS_856ADUS2_outbound|xibftp|Y|/usr/local/bin/nc -vzw3 10.224.65.58 21
AWS_856ALA_S2_outbound|xibftp|Y|/usr/local/bin/nc -vzw3 10.224.65.58 21
AWS_856AVI_S2_outbound|xibftp|Y|/usr/local/bin/nc -vzw3 10.224.65.58 21
AWS_940ACVS2_outbound|xibftp|Y|/usr/local/bin/nc -vzw3 10.224.65.58 21
AWS_940ADUS2_outbound|xibftp|Y|/usr/local/bin/nc -vzw3 10.224.65.58 21
AWS_940ALA_S2_outbound|xibftp|Y|/usr/local/bin/nc -vzw3 10.224.65.58 21
AWS_940AVI_S2_outbound|xibftp|Y|/usr/local/bin/nc -vzw3 10.224.65.58 21
AWS_ALLAHKS2_outbound|schenkerHK_BTS|Y|/usr/local/bin/nc -vzw3 10.213.122.15 21
BAYAAIA856_outbound|CVMI_FTP_P|N|/usr/local/bin/nc -vzw3 10.215.20.138 21
BAYAAOD_outbound|pvmiamftp.ap.signintra.com|Y|/usr/local/bin/nc -vzw3 10.215.22.49 21
BAYAAO_outbound|xibftp|Y|/usr/local/bin/nc -vzw3 10.224.65.58 21
BCOMAIA856_outbound|CVMI_FTP_P|N|/usr/local/bin/nc -vzw3 10.215.20.138 21
BCOMAO_outbound|xibftp|Y|/usr/local/bin/nc -vzw3 10.224.65.58 21
BCP-APPL_CARE_H1435_outbound|schenker_kr2|Y|/usr/local/bin/nc -vzw3 10.213.146.46 21
BCP-APPL_CARE_H6451_outbound|sinftp.schenker.com.sg|N|/usr/local/bin/nc -vzw3 10.215.20.141 21
BCP-APPL_CA_8451D_outbound|schenker_jp|N|/usr/local/bin/nc -vzw3 10.215.188.19 21
BCP-APPL_FGHWMS_FTP_I_1431D_outbound|schenker_kr|Y|/usr/local/bin/nc -vzw3 10.213.146.49 21
BCP-APPL_FGHWMS_FTP_I_1512D_outbound|schenker_cn|N|/usr/local/bin/nc -vzw3 10.213.25.113 21
BCP-APPL_FGHWMS_FTP_I_6401D_outbound|sinftp.schenker.com.sg|N|/usr/local/bin/nc -vzw3 10.215.20.141 21
BCP-APPL_FGHWMS_FTP_I_8401D_outbound|schenker_jp2|Y|/usr/local/bin/nc -vzw3 10.215.188.56 21
BCP-APPL_FGHWMS_FTP_I_8402D_outbound|schenker_jp2|Y|/usr/local/bin/nc -vzw3 10.215.188.56 21
BMW_CB3OUT_outbound|xibftp|Y|/usr/local/bin/nc -vzw3 10.224.65.58 21
BMW_CEXHOU_outbound|xibftp|Y|/usr/local/bin/nc -vzw3 10.224.65.58 21
BMW_CFI210_outbound|freds_ca_ddc|Y|/usr/local/bin/nc -vzw3 10.220.6.10 21
BMW_E2LPID_CCC_outbound|sds_p6b|Y|/usr/local/bin/nc -vzw3 10.200.200.106 22
BMW_E2LPID_DELIV_outbound|sds_p6b|Y|/usr/local/bin/nc -vzw3 10.200.200.106 22
BMW_E2LPID_INVDOC_outbound|sds_p6b|Y|/usr/local/bin/nc -vzw3 10.200.200.106 22
||N|dummy
BMW_E2LPID_MATDOC_outbound|sds_p6b|Y|/usr/local/bin/nc -vzw3 10.200.200.106 22
BMW_E2LPID_SHIPMNT_outbound|sds_p6b|Y|/usr/local/bin/nc -vzw3 10.200.200.106 22
BMW_E2LPID_STOCK_outbound|sds_p6b|Y|/usr/local/bin/nc -vzw3 10.200.200.106 22
BOURAO_ARC_outbound|pvmiamftp.ap.signintra.com|Y|/usr/local/bin/nc -vzw3 10.215.22.49 21
BXAPL1_AU_outbound|procars_cn|Y|/usr/local/bin/nc -vzw3 10.215.38.13 21
BXAPL1_CH_outbound|procars_cn|Y|/usr/local/bin/nc -vzw3 10.215.38.13 21
BXAPL1_CN1_outbound|procars_cn|Y|/usr/local/bin/nc -vzw3 10.215.38.13 21
BXAPL1_HK_outbound|procars_cn|Y|/usr/local/bin/nc -vzw3 10.215.38.13 21
BXAPL1_ID_outbound|procars_cn|Y|/usr/local/bin/nc -vzw3 10.215.38.13 21
BXAPL1_JP_outbound|procars_cn|Y|/usr/local/bin/nc -vzw3 10.215.38.13 21
BXAPL1_KL_outbound|procars_cn|Y|/usr/local/bin/nc -vzw3 10.215.38.13 21
BXAPL1_KR_outbound|procars_cn|Y|/usr/local/bin/nc -vzw3 10.215.38.13 21
BXAPL1_NZ_outbound|procars_cn|Y|/usr/local/bin/nc -vzw3 10.215.38.13 21
BXAPL1_PH_outbound|procars_cn|Y|/usr/local/bin/nc -vzw3 10.215.38.13 21
BXAPL1_SG_outbound|procars_cn|Y|/usr/local/bin/nc -vzw3 10.215.38.13 21
BXAPL1_TH_outbound|procars_cn|Y|/usr/local/bin/nc -vzw3 10.215.38.13 21
BXAPL1_TW_outbound|procars_cn|Y|/usr/local/bin/nc -vzw3 10.215.38.13 21
BXAPL1_VN_outbound|procars_cn|Y|/usr/local/bin/nc -vzw3 10.215.38.13 21
BXAPL2_CH_outbound|procars_cn|Y|/usr/local/bin/nc -vzw3 10.215.38.13 21
BXAPL2_HK_outbound|procars_cn|Y|/usr/local/bin/nc -vzw3 10.215.38.13 21
BYDCAI9401_outbound|schenkerHK_BTS|Y|/usr/local/bin/nc -vzw3 10.213.122.15 21
CAVMAIA856_outbound|CVMI_FTP_P|N|/usr/local/bin/nc -vzw3 10.215.20.138 21
CAVMAOD_outbound|pvmiamftp.ap.signintra.com|Y|/usr/local/bin/nc -vzw3 10.215.22.49 21
CBSACACRO2_outbound|freds_ca_ddc|Y|/usr/local/bin/nc -vzw3 10.220.6.10 21
CBSACACROU_outbound|ftp.myvan.descartes.com|Y|/usr/local/bin/nc -vzw3 ftp.myvan.descartes.com 21
CBSACARLIN_outbound|freds_ca_ddc|Y|/usr/local/bin/nc -vzw3 10.220.6.10 21
CBSACCADIN_outbound|freds_ca_ddc|Y|/usr/local/bin/nc -vzw3 10.220.6.10 21
CBSACCADO1_outbound|ftp.myvan.descartes.com|Y|/usr/local/bin/nc -vzw3 ftp.myvan.descartes.com 21
CBSACCADO2_outbound|freds_ca_ddc|Y|/usr/local/bin/nc -vzw3 10.220.6.10 21
CBSACCADRI_outbound|freds_ca_ddc|Y|/usr/local/bin/nc -vzw3 10.220.6.10 21
CBSACDFAIN_outbound|freds_ca_ddc|Y|/usr/local/bin/nc -vzw3 10.220.6.10 21
CBSACDFAOU_outbound|ftp.myvan.descartes.com|Y|/usr/local/bin/nc -vzw3 ftp.myvan.descartes.com 21
CBSACEIACR_outbound|freds_ca_ddc|Y|/usr/local/bin/nc -vzw3 10.220.6.10 21
CBSACEIRN1_outbound|freds_ca_ddc|Y|/usr/local/bin/nc -vzw3 10.220.6.10 21
CBSACEIRSF_outbound|freds_ca_ddc|Y|/usr/local/bin/nc -vzw3 10.220.6.10 21
CBSACEITCP_outbound|freds_ca_ddc|Y|/usr/local/bin/nc -vzw3 10.220.6.10 21
CBSACEMANI_outbound|freds_ca_ddc|Y|/usr/local/bin/nc -vzw3 10.220.6.10 21
CBSACEMANO_outbound|ftp.myvan.descartes.com|Y|/usr/local/bin/nc -vzw3 ftp.myvan.descartes.com 21
CBSACFFTCP_outbound|ftp.myvan.descartes.com|Y|/usr/local/bin/nc -vzw3 ftp.myvan.descartes.com 21
CBSACIDRIN_outbound|freds_ca_ddc|Y|/usr/local/bin/nc -vzw3 10.220.6.10 21
CBSACRNSO2_outbound|freds_ca_ddc|Y|/usr/local/bin/nc -vzw3 10.220.6.10 21
CBSACRNSOU_outbound|ftp.myvan.descartes.com|Y|/usr/local/bin/nc -vzw3 ftp.myvan.descartes.com 21
CBSACRSFEO_outbound|ftp.myvan.descartes.com|Y|/usr/local/bin/nc -vzw3 ftp.myvan.descartes.com 21
CE214APAC_outbound|ftp.schenker-asia.com|Y|/usr/local/bin/nc -vzw3 ftp.schenker-asia.com 21
CELEAI3B2T_outbound|schenkerTH|Y|/usr/local/bin/nc -vzw3 10.213.205.83 21
CELEAINCRO_outbound|pvmiamftp.ap.signintra.com|Y|/usr/local/bin/nc -vzw3 10.215.22.49 21
CELEAI_001_outbound|CVMI_FTP_P|N|/usr/local/bin/nc -vzw3 10.215.20.138 21
CELE_CTH_D_outbound|schenkerTH|Y|/usr/local/bin/nc -vzw3 10.213.205.83 21
CIRCAIA856_outbound|CVMI_FTP_P|N|/usr/local/bin/nc -vzw3 10.215.20.138 21
CIRCAOD_outbound|pvmiamftp.ap.signintra.com|Y|/usr/local/bin/nc -vzw3 10.215.22.49 21
CISCA2UPCE_BAK_outbound|ftp2.ups.com|Y|/usr/local/bin/nc -vzw3 ftp2.ups.com 10022
CISCA3B2SC_US_outbound|schenker_us_cisco|Y|/usr/local/bin/nc -vzw3 10.220.16.43 21
CISCAALPHA_outbound|xibftp|Y|/usr/local/bin/nc -vzw3 10.224.65.58 21
CISCAASN_US_outbound|schenker_us_cisco|Y|/usr/local/bin/nc -vzw3 10.220.16.43 21
CISCAHKBRT_outbound|schenkerHK_BTS|Y|/usr/local/bin/nc -vzw3 10.213.122.15 21
CISCAI3B18_US2_outbound|dpv-iface1.us.signintra.com|Y|/usr/local/bin/nc -vzw3 10.220.16.43 21
CISCAI3B18_US_outbound|schenker_us_cisco|Y|/usr/local/bin/nc -vzw3 10.220.16.43 21
CISCAI_BTS_outbound|schenkerHK_BTS|Y|/usr/local/bin/nc -vzw3 10.213.122.15 21
CISCAI_JP_outbound|xibftp|Y|/usr/local/bin/nc -vzw3 10.224.65.58 21
CISCAI_MY_outbound|xibftp|Y|/usr/local/bin/nc -vzw3 10.224.65.58 21
CISCAI_TH_outbound|xibftp|Y|/usr/local/bin/nc -vzw3 10.224.65.58 21
CISCAI_WMS_outbound|japan_ftp|Y|/usr/local/bin/nc -vzw3 10.215.22.214 21
CISCAI_outbound|xibftp|Y|/usr/local/bin/nc -vzw3 10.224.65.58 21
CISCAOUTFT_SL01_outbound|xibftp|Y|/usr/local/bin/nc -vzw3 10.224.65.58 21
CISCAREPRT_outbound|cisco_wms|Y|/usr/local/bin/nc -vzw3 10.215.22.208 21
CISCASGBFA_outbound|sin-vftp.schenker.com.sg|Y|/usr/local/bin/nc -vzw3 10.215.20.140 21
CISCASGBTS_outbound|sin-vftp.schenker.com.sg|Y|/usr/local/bin/nc -vzw3 10.215.20.140 21
CISCCXMLI2_outbound|freds_ca_ddc|Y|/usr/local/bin/nc -vzw3 10.220.6.10 21
CISCCXMLI4_outbound|freds_ca_ddc|Y|/usr/local/bin/nc -vzw3 10.220.6.10 21
CISCUCERDS_outbound|dpv-iface1.us.signintra.com|Y|/usr/local/bin/nc -vzw3 10.220.16.43 21
CISC_HRO_outbound|schenkerHK_BTS|Y|/usr/local/bin/nc -vzw3 10.213.122.15 21
CLGTCO945C_outbound|ftpedi.chep.com|Y|/usr/local/bin/nc -vzw3 ftpedi.chep.com 21
CLGTCXI940_outbound|sclidc1.us.signintra.com|Y|/usr/local/bin/nc -vzw3 sclidc1.us.signintra.com 21
CLGTCXI943_outbound|sclidc1.us.signintra.com|Y|/usr/local/bin/nc -vzw3 sclidc1.us.signintra.com 21
CLGTCXI947_outbound|sclidc1.us.signintra.com|Y|/usr/local/bin/nc -vzw3 sclidc1.us.signintra.com 21
CLGTCXIUPS_outbound|xibftp|Y|/usr/local/bin/nc -vzw3 10.224.65.58 21
CLGTCXOWMS_outbound|sclidc1.us.signintra.com|Y|/usr/local/bin/nc -vzw3 sclidc1.us.signintra.com 21
CYPRAI856I_outbound|CVMI_FTP_P|N|/usr/local/bin/nc -vzw3 10.215.20.138 21
D2L_AI0001_outbound|CVMI_FTP_P|N|/usr/local/bin/nc -vzw3 10.215.20.138 21
D2L_AOFTP_outbound|xibftp|Y|/usr/local/bin/nc -vzw3 10.224.65.58 21
DWMGAI0001_outbound|pvmiamftp.ap.signintra.com|Y|/usr/local/bin/nc -vzw3 10.215.22.49 21
EDGEAAWS_ARC_outbound|pvmiamftp.ap.signintra.com|Y|/usr/local/bin/nc -vzw3 10.215.22.49 21
EPSOAIA856_outbound|CVMI_FTP_P|N|/usr/local/bin/nc -vzw3 10.215.20.138 21
EPSOAOD_outbound|pvmiamftp.ap.signintra.com|Y|/usr/local/bin/nc -vzw3 10.215.22.49 21
EPSOAO_outbound|Epson_FTP|N|/usr/local/bin/nc -vzw3 12.9.144.38 22
EXPDAI0001_outbound|pvmiamftp.ap.signintra.com|Y|/usr/local/bin/nc -vzw3 10.215.22.49 21
FABRAAWS_ARC_outbound|pvmiamftp.ap.signintra.com|Y|/usr/local/bin/nc -vzw3 10.215.22.49 21
FABRAI856I_outbound|CVMI_FTP_P|N|/usr/local/bin/nc -vzw3 10.215.20.138 21
FABRAI_00X_outbound|schenkerTH|Y|/usr/local/bin/nc -vzw3 10.213.205.83 21
FABRAO_ARC_outbound|pvmiamftp.ap.signintra.com|Y|/usr/local/bin/nc -vzw3 10.215.22.49 21
FABRAO_outbound|xibftp|Y|/usr/local/bin/nc -vzw3 10.224.65.58 21
FEDXAI0001_outbound|CVMI_FTP_P|N|/usr/local/bin/nc -vzw3 10.215.20.138 21
FINIAAWS_ARC_outbound|pvmiamftp.ap.signintra.com|Y|/usr/local/bin/nc -vzw3 10.215.22.49 21
FINIAOD_outbound|pvmiamftp.ap.signintra.com|Y|/usr/local/bin/nc -vzw3 10.215.22.49 21
FLEXACPA01_ERR_outbound|CVMI_FTP_P|N|/usr/local/bin/nc -vzw3 10.215.20.138 21
FLEXACPA01_outbound|CVMI_FTP_P|N|/usr/local/bin/nc -vzw3 10.215.20.138 21
FLEXAINFHU_outbound|pvmiamftp.ap.signintra.com|Y|/usr/local/bin/nc -vzw3 10.215.22.49 21
FLEXAIPVMI_FMY_outbound|pvmiamftp.ap.signintra.com|Y|/usr/local/bin/nc -vzw3 10.215.22.49 21
FLEXAI_003_outbound|CVMI_FTP_P|N|/usr/local/bin/nc -vzw3 10.215.20.138 21
FLEXAI_004_outbound|CVMI_FTP_P|N|/usr/local/bin/nc -vzw3 10.215.20.138 21
FLEXAI_005_outbound|ftp.dbschenkerusa.com|Y|/usr/local/bin/nc -vzw3 ftp.dbschenkerusa.com 21
FLEXAI_007_US_outbound|ftp.dbschenkerusa.com|Y|/usr/local/bin/nc -vzw3 ftp.dbschenkerusa.com 21
FLEXAI_008_US_outbound|ftp.dbschenkerusa.com|Y|/usr/local/bin/nc -vzw3 ftp.dbschenkerusa.com 21
FLEXAOD003_outbound|pvmiamftp.ap.signintra.com|Y|/usr/local/bin/nc -vzw3 10.215.22.49 21
FLEXAOPVMI_FMY_outbound|flex_pen_out|Y|/usr/local/bin/nc -vzw3 158.116.212.158 21
FLEX_FDO_D_outbound|schenkerHK_BTS|Y|/usr/local/bin/nc -vzw3 10.213.122.15 21
FLEX_PEN_D_outbound|rhovftp.schenker-ap.com|Y|/usr/local/bin/nc -vzw3 rhovftp.schenker-ap.com 21
FORDU304OU_GE_outbound|xibftp|Y|/usr/local/bin/nc -vzw3 10.224.65.58 21
FORDU304OU_GO_outbound|xibftp|Y|/usr/local/bin/nc -vzw3 10.224.65.58 21
FORDU304OU_GS_outbound|xibftp|Y|/usr/local/bin/nc -vzw3 10.224.65.58 21
FORDU322O2_HG_outbound|xibftp|Y|/usr/local/bin/nc -vzw3 10.224.65.58 21
FORDU322O2_HU_outbound|xibftp|Y|/usr/local/bin/nc -vzw3 10.224.65.58 21
FORDU322O2_LT_outbound|xibftp|Y|/usr/local/bin/nc -vzw3 10.224.65.58 21
FORDU322O2_SU_outbound|ftp.myvan.descartes.com|Y|/usr/local/bin/nc -vzw3 ftp.myvan.descartes.com 21
FORDU322OU_WN_outbound|ftp.myvan.descartes.com|Y|/usr/local/bin/nc -vzw3 ftp.myvan.descartes.com 21
FORD_997_AU_outbound|xibftp|Y|/usr/local/bin/nc -vzw3 10.224.65.58 21
FORD_997_CM_outbound|xibftp|Y|/usr/local/bin/nc -vzw3 10.224.65.58 21
FORD_997_EO_outbound|xibftp|Y|/usr/local/bin/nc -vzw3 10.224.65.58 21
FORD_997_GE_outbound|xibftp|Y|/usr/local/bin/nc -vzw3 10.224.65.58 21
FORD_997_GO_outbound|xibftp|Y|/usr/local/bin/nc -vzw3 10.224.65.58 21
FORD_997_HG_outbound|xibftp|Y|/usr/local/bin/nc -vzw3 10.224.65.58 21
FORD_997_KU_outbound|xibftp|Y|/usr/local/bin/nc -vzw3 10.224.65.58 21
FORD_997_LG_outbound|xibftp|Y|/usr/local/bin/nc -vzw3 10.224.65.58 21
FORD_997_MB_outbound|xibftp|Y|/usr/local/bin/nc -vzw3 10.224.65.58 21
FORD_997_NS_outbound|xibftp|Y|/usr/local/bin/nc -vzw3 10.224.65.58 21
FORD_997_NV_outbound|xibftp|Y|/usr/local/bin/nc -vzw3 10.224.65.58 21
FORD_997_TR_outbound|xibftp|Y|/usr/local/bin/nc -vzw3 10.224.65.58 21
FORD_EVS_dp_outbound||N|dummy
FOXCAAWS_ARC_outbound|pvmiamftp.ap.signintra.com|Y|/usr/local/bin/nc -vzw3 10.215.22.49 21
FOXCACPA01_ERR_outbound|CVMI_FTP_P|N|/usr/local/bin/nc -vzw3 10.215.20.138 21
FOXCACPA01_outbound|CVMI_FTP_P|N|/usr/local/bin/nc -vzw3 10.215.20.138 21
FOXCADA_outbound|pvmiamftp.ap.signintra.com|Y|/usr/local/bin/nc -vzw3 10.215.22.49 21
FOXCAIA856_CN_outbound|foxconn_cn_ftp|N|/usr/local/bin/nc -vzw3 10.213.25.113 21
FOXCAIA856_HK_outbound|foxconn_hk_ftp|Y|/usr/local/bin/nc -vzw3 10.213.123.70 21
FOXCAI_001_outbound|ftp.dbschenkerusa.com|Y|/usr/local/bin/nc -vzw3 ftp.dbschenkerusa.com 21
FOXCAI_004_outbound|CVMI_FTP_P|N|/usr/local/bin/nc -vzw3 10.215.20.138 21
FOXCAI_009_outbound|CVMI_FTP_P|N|/usr/local/bin/nc -vzw3 10.215.20.138 21
FOXCAI_010_US_outbound|ftp.dbschenkerusa.com|Y|/usr/local/bin/nc -vzw3 ftp.dbschenkerusa.com 21
FOXCAOD002_outbound|pvmiamftp.ap.signintra.com|Y|/usr/local/bin/nc -vzw3 10.215.22.49 21
FOXCAO_003_PVMI_outbound|pvmiamftp.ap.signintra.com|Y|/usr/local/bin/nc -vzw3 10.215.22.49 21
FOXC_CDF_D_outbound|schenkerHK_BTS|Y|/usr/local/bin/nc -vzw3 10.213.122.15 21
FRSCADA_outbound|pvmiamftp.ap.signintra.com|Y|/usr/local/bin/nc -vzw3 10.215.22.49 21
FRSCADU_outbound|pvmiamftp.ap.signintra.com|Y|/usr/local/bin/nc -vzw3 10.215.22.49 21
FRSCAI8561_ERR_outbound|CVMI_FTP_P|N|/usr/local/bin/nc -vzw3 10.215.20.138 21
FRSCAI8561_outbound|CVMI_FTP_P|N|/usr/local/bin/nc -vzw3 10.215.20.138 21
GOOGU856AP_outbound|xibftp|Y|/usr/local/bin/nc -vzw3 10.224.65.58 21
GOOGU856EM_outbound|xibftp|Y|/usr/local/bin/nc -vzw3 10.224.65.58 21
GOOGU856IN_outbound|xibftp|Y|/usr/local/bin/nc -vzw3 10.224.65.58 21
GOOGU856NA_outbound|xibftp|Y|/usr/local/bin/nc -vzw3 10.224.65.58 21
GOOGU940AP_outbound|xibftp|Y|/usr/local/bin/nc -vzw3 10.224.65.58 21
GOOGU940EM_outbound|xibftp|Y|/usr/local/bin/nc -vzw3 10.224.65.58 21
GOOGU940IN_outbound|xibftp|Y|/usr/local/bin/nc -vzw3 10.224.65.58 21
GOOGU940NA_outbound|xibftp|Y|/usr/local/bin/nc -vzw3 10.224.65.58 21
GOOGUCSVOU_outbound|partnerupload.google.com|Y|/usr/local/bin/nc -vzw3 partnerupload.google.com 19321
GOOGUIMAAP_outbound|xibftp|Y|/usr/local/bin/nc -vzw3 10.224.65.58 21
GOOGUIMAEM_outbound|xibftp|Y|/usr/local/bin/nc -vzw3 10.224.65.58 21
GOOGUIMAIN_outbound|xibftp|Y|/usr/local/bin/nc -vzw3 10.224.65.58 21
GOOGUIMANA_outbound|xibftp|Y|/usr/local/bin/nc -vzw3 10.224.65.58 21
GOOGULMAAP_outbound|xibftp|Y|/usr/local/bin/nc -vzw3 10.224.65.58 21
GOOGULMAEM_outbound|xibftp|Y|/usr/local/bin/nc -vzw3 10.224.65.58 21
GOOGULMAIN_outbound|xibftp|Y|/usr/local/bin/nc -vzw3 10.224.65.58 21
GOOGULMANA_outbound|xibftp|Y|/usr/local/bin/nc -vzw3 10.224.65.58 21
GOOGUPMAAP_outbound|xibftp|Y|/usr/local/bin/nc -vzw3 10.224.65.58 21
GOOGUPMAEM_outbound|xibftp|Y|/usr/local/bin/nc -vzw3 10.224.65.58 21
GOOGUPMAIN_outbound|xibftp|Y|/usr/local/bin/nc -vzw3 10.224.65.58 21
GOOGUPMANA_outbound|xibftp|Y|/usr/local/bin/nc -vzw3 10.224.65.58 21
GUC_AIA856_ERR_outbound|CVMI_FTP_P|N|/usr/local/bin/nc -vzw3 10.215.20.138 21
GUC_AIA856_outbound|CVMI_FTP_P|N|/usr/local/bin/nc -vzw3 10.215.20.138 21
GUC_AOD_outbound|pvmiamftp.ap.signintra.com|Y|/usr/local/bin/nc -vzw3 10.215.22.49 21
GXD_GEN_CUST-IN_outbound|gxddb.dc.signintra.com|Y|/usr/local/bin/nc -vzw3 gxddb.dc.signintra.com 22
HILTCASNXM_outbound|sclidc1.us.signintra.com|Y|/usr/local/bin/nc -vzw3 sclidc1.us.signintra.com 21
HILTCMATXM_outbound|sclidc1.us.signintra.com|Y|/usr/local/bin/nc -vzw3 sclidc1.us.signintra.com 21
HILTCOOBXM_outbound|sclidc1.us.signintra.com|Y|/usr/local/bin/nc -vzw3 sclidc1.us.signintra.com 21
HPSBAIFOXC_FLH_outbound|schenker_cnnew|Y|/usr/local/bin/nc -vzw3 10.213.25.35 21
HPSBAIFOXC_SHA_outbound|schenker_cnnew|Y|/usr/local/bin/nc -vzw3 10.213.25.35 21
HPSBAIFOXC_outbound|schenkerHK_BTS|Y|/usr/local/bin/nc -vzw3 10.213.122.15 21
IDT_AI0000_ERR_outbound|CVMI_FTP_P|N|/usr/local/bin/nc -vzw3 10.215.20.138 21
IDT_AI0000_outbound|CVMI_FTP_P|N|/usr/local/bin/nc -vzw3 10.215.20.138 21
IDT_AOD_outbound|pvmiamftp.ap.signintra.com|Y|/usr/local/bin/nc -vzw3 10.215.22.49 21
INGRAI_001_outbound|CVMI_FTP_P|N|/usr/local/bin/nc -vzw3 10.215.20.138 21
INGRAI_CTL_outbound|apftp2.schenker-ap.com|N|/usr/local/bin/nc -vzw3 10.215.20.134 21
INVEAIA856_ERR_outbound|CVMI_FTP_P|N|/usr/local/bin/nc -vzw3 10.215.20.138 21
INVEAIA856_outbound|CVMI_FTP_P|N|/usr/local/bin/nc -vzw3 10.215.20.138 21
INVEAOD_outbound|pvmiamftp.ap.signintra.com|Y|/usr/local/bin/nc -vzw3 10.215.22.49 21
IN_CPA_outbound|pvmiamftp.ap.signintra.com|Y|/usr/local/bin/nc -vzw3 10.215.22.49 21
ISILAIB856_outbound|CVMI_FTP_P|N|/usr/local/bin/nc -vzw3 10.215.20.138 21
ISILAO_ARC_outbound|pvmiamftp.ap.signintra.com|Y|/usr/local/bin/nc -vzw3 10.215.22.49 21
JABIAAWS_ARC_outbound|pvmiamftp.ap.signintra.com|Y|/usr/local/bin/nc -vzw3 10.215.22.49 21
JABIACE214_outbound|Ftpcry.mercurygate.net|Y|/usr/local/bin/nc -vzw3 Ftpcry.mercurygate.net 21
JABIACPA01_EXC_outbound|CVMI_FTP_P|N|/usr/local/bin/nc -vzw3 10.215.20.138 21
JABIACPA01_outbound|CVMI_FTP_P|N|/usr/local/bin/nc -vzw3 10.215.20.138 21
JABIAIBTHK_outbound|schenkerHK_BTS|Y|/usr/local/bin/nc -vzw3 10.213.122.15 21
JABIAIPVMI_SUMS_outbound|pvmiamftp.ap.signintra.com|Y|/usr/local/bin/nc -vzw3 10.215.22.49 21
JABIAIPVMI_outbound|pvmiamftp.ap.signintra.com|Y|/usr/local/bin/nc -vzw3 10.215.22.49 21
JABIAOD_outbound|pvmiamftp.ap.signintra.com|Y|/usr/local/bin/nc -vzw3 10.215.22.49 21
JABI_JAB_outbound|CVMI_FTP_P|N|/usr/local/bin/nc -vzw3 10.215.20.138 21
JABI_JHY_outbound|CVMI_FTP_P|N|/usr/local/bin/nc -vzw3 10.215.20.138 21
JABI_JMX_outbound|ftp.dbschenkerusa.com|Y|/usr/local/bin/nc -vzw3 ftp.dbschenkerusa.com 21
JABI_JPE_D_outbound|rhovftp.schenker-ap.com|Y|/usr/local/bin/nc -vzw3 rhovftp.schenker-ap.com 21
JABI_JPE_outbound|CVMI_FTP_P|N|/usr/local/bin/nc -vzw3 10.215.20.138 21
JABI_JSH_D_outbound|ciscoJSH|N|/usr/local/bin/nc -vzw3 10.213.10.23 21
JABI_JSH_outbound|CVMI_FTP_P|N|/usr/local/bin/nc -vzw3 10.215.20.138 21
KMETAIA856_ERR_outbound|CVMI_FTP_P|N|/usr/local/bin/nc -vzw3 10.215.20.138 21
KMETAIA856_outbound|CVMI_FTP_P|N|/usr/local/bin/nc -vzw3 10.215.20.138 21
KMETAOD_outbound|pvmiamftp.ap.signintra.com|Y|/usr/local/bin/nc -vzw3 10.215.22.49 21
KWE_AI0001_outbound|pvmiamftp.ap.signintra.com|Y|/usr/local/bin/nc -vzw3 10.215.22.49 21
LITEAAWS_ARC_outbound|pvmiamftp.ap.signintra.com|Y|/usr/local/bin/nc -vzw3 10.215.22.49 21
LITEAOD_outbound|pvmiamftp.ap.signintra.com|Y|/usr/local/bin/nc -vzw3 10.215.22.49 21
LSI_AIA856_outbound|CVMI_FTP_P|N|/usr/local/bin/nc -vzw3 10.215.20.138 21
LSI_AO_outbound|xibftp|Y|/usr/local/bin/nc -vzw3 10.224.65.58 21
MARVAIA856_outbound|CVMI_FTP_P|N|/usr/local/bin/nc -vzw3 10.215.20.138 21
MARVAOD_outbound|pvmiamftp.ap.signintra.com|Y|/usr/local/bin/nc -vzw3 10.215.22.49 21
MOLXADH_outbound|pvmiamftp.ap.signintra.com|Y|/usr/local/bin/nc -vzw3 10.215.22.49 21
MOLXADS_outbound|pvmiamftp.ap.signintra.com|Y|/usr/local/bin/nc -vzw3 10.215.22.49 21
MOLXADU_outbound|pvmiamftp.ap.signintra.com|Y|/usr/local/bin/nc -vzw3 10.215.22.49 21
MOLXADY_outbound|pvmiamftp.ap.signintra.com|Y|/usr/local/bin/nc -vzw3 10.215.22.49 21
MOLXAI8561_ERR_outbound|CVMI_FTP_P|N|/usr/local/bin/nc -vzw3 10.215.20.138 21
MOLXAI8561_outbound|CVMI_FTP_P|N|/usr/local/bin/nc -vzw3 10.215.20.138 21
MONIE2SDSI_61_outbound|lafarge_sds_prod|Y|/usr/local/bin/nc -vzw3 194.55.108.162 21
MONIE2SDSI_6E_SFTP_outbound|sds_p6e|Y|/usr/local/bin/nc -vzw3 10.200.200.56 22
MONIE2SDSI_outbound|lafarge_sds_prod|Y|/usr/local/bin/nc -vzw3 194.55.108.162 21
MONIES2LAF_outbound|xibftp|Y|/usr/local/bin/nc -vzw3 10.224.65.58 21
MSPDAIA856_outbound|CVMI_FTP_P|N|/usr/local/bin/nc -vzw3 10.215.20.138 21
MSPDAOD_outbound|pvmiamftp.ap.signintra.com|Y|/usr/local/bin/nc -vzw3 10.215.22.49 21
MS__U856IN_IMMEX_outbound|immex_ms|Y|/usr/local/bin/nc -vzw3 immex_ms 22
MS__U856OU_IMMEX_outbound|immex_ms|Y|/usr/local/bin/nc -vzw3 immex_ms 22
MS__U861OU_IMMEX_outbound|immex_ms|Y|/usr/local/bin/nc -vzw3 immex_ms 22
MS__UCSVOU_outbound|ftp-prod.chrobinson.com|Y|/usr/local/bin/nc -vzw3 ftp-prod.chrobinson.com 21
MS__UGENOU_ARTESYN_outbound|xibftp|Y|/usr/local/bin/nc -vzw3 10.224.65.58 21
MS__UJDAIN_PROD_outbound|dpv-rpmscjs-wms|Y|/usr/local/bin/nc -vzw3 10.220.2.146 21
MURAAAI856_outbound|CVMI_FTP_P|N|/usr/local/bin/nc -vzw3 10.215.20.138 21
MURAADA_outbound|pvmiamftp.ap.signintra.com|Y|/usr/local/bin/nc -vzw3 10.215.22.49 21
MURAADU_outbound|pvmiamftp.ap.signintra.com|Y|/usr/local/bin/nc -vzw3 10.215.22.49 21
MURAAI856I_outbound|CVMI_FTP_P|N|/usr/local/bin/nc -vzw3 10.215.20.138 21
MURAAO_outbound|xibftp|Y|/usr/local/bin/nc -vzw3 10.224.65.58 21
MXIMAIA856_ERR_outbound|CVMI_FTP_P|N|/usr/local/bin/nc -vzw3 10.215.20.138 21
MXIMAIA856_outbound|CVMI_FTP_P|N|/usr/local/bin/nc -vzw3 10.215.20.138 21
MXIMAOD_outbound|pvmiamftp.ap.signintra.com|Y|/usr/local/bin/nc -vzw3 10.215.22.49 21
NEC_AI8561_ERR_outbound|CVMI_FTP_P|N|/usr/local/bin/nc -vzw3 10.215.20.138 21
NEC_AI8561_outbound|CVMI_FTP_P|N|/usr/local/bin/nc -vzw3 10.215.20.138 21
NICHAOD_outbound|pvmiamftp.ap.signintra.com|Y|/usr/local/bin/nc -vzw3 10.215.22.49 21
OPNXAOA852_outbound|ftp.oclaro.com|Y|/usr/local/bin/nc -vzw3 ftp.oclaro.com 22
OPNXAOA861_outbound|ftp.oclaro.com|Y|/usr/local/bin/nc -vzw3 ftp.oclaro.com 22
OPNXAOA945_outbound|ftp.oclaro.com|Y|/usr/local/bin/nc -vzw3 ftp.oclaro.com 22
OPNXAOD_outbound|pvmiamftp.ap.signintra.com|Y|/usr/local/bin/nc -vzw3 10.215.22.49 21
PANAAAWSXX_outbound|xibftp|Y|/usr/local/bin/nc -vzw3 10.224.65.58 21
PANAAAWS_ARC_outbound|pvmiamftp.ap.signintra.com|Y|/usr/local/bin/nc -vzw3 10.215.22.49 21
PCARS_TIGD_outbound|procars_cn|Y|/usr/local/bin/nc -vzw3 10.215.38.13 21
PEGAAI8561_ERR_outbound|CVMI_FTP_P|N|/usr/local/bin/nc -vzw3 10.215.20.138 21
PEGAAI8561_outbound|CVMI_FTP_P|N|/usr/local/bin/nc -vzw3 10.215.20.138 21
PEGAAOD_outbound|pvmiamftp.ap.signintra.com|Y|/usr/local/bin/nc -vzw3 10.215.22.49 21
PFIZU214GN_outbound|int.gtnexus.com|Y|/usr/local/bin/nc -vzw3 int.gtnexus.com 21
PFIZU315GN_outbound|int.gtnexus.com|Y|/usr/local/bin/nc -vzw3 int.gtnexus.com 21
POLYAI8561_ERR_outbound|CVMI_FTP_P|N|/usr/local/bin/nc -vzw3 10.215.20.138 21
POLYAI8561_outbound|CVMI_FTP_P|N|/usr/local/bin/nc -vzw3 10.215.20.138 21
PULSAOD_outbound|pvmiamftp.ap.signintra.com|Y|/usr/local/bin/nc -vzw3 10.215.22.49 21
PVMI_IN_WEBASN_outbound|pvmiamftp.ap.signintra.com|Y|/usr/local/bin/nc -vzw3 10.215.22.49 21
PVMI_MPA_outbound|pvmiamftp.ap.signintra.com|Y|/usr/local/bin/nc -vzw3 10.215.22.49 21
QNAPAIA856_outbound|CVMI_FTP_P|N|/usr/local/bin/nc -vzw3 10.215.20.138 21
QNAPAOD_outbound|pvmiamftp.ap.signintra.com|Y|/usr/local/bin/nc -vzw3 10.215.22.49 21
RIMSUMSSTO_outbound|pvmiamftp.ap.signintra.com|Y|/usr/local/bin/nc -vzw3 10.215.22.49 21
RIM_AIPVMI_RBU_outbound|pvmiamftp.ap.signintra.com|Y|/usr/local/bin/nc -vzw3 10.215.22.49 21
SAMSAI0001_outbound|xibftp|Y|/usr/local/bin/nc -vzw3 10.224.65.58 21
SAMSAISDS1_outbound|xibftp|Y|/usr/local/bin/nc -vzw3 10.224.65.58 21
SAMSAITH01_outbound|samsung_th_prod|Y|/usr/local/bin/nc -vzw3 10.213.198.131 21
SAMSCEI810_outbound|freds_ca_ddc|Y|/usr/local/bin/nc -vzw3 10.220.6.10 21
SAMSCEO210_outbound|samsung_canada|Y|/usr/local/bin/nc -vzw3 206.67.236.179 21
SAMSCEO214_outbound|samsung_canada|Y|/usr/local/bin/nc -vzw3 206.67.236.179 21
SAMTAI8561_ERR_outbound|CVMI_FTP_P|N|/usr/local/bin/nc -vzw3 10.215.20.138 21
SAMTAI8561_outbound|CVMI_FTP_P|N|/usr/local/bin/nc -vzw3 10.215.20.138 21
SAMTAOD_outbound|pvmiamftp.ap.signintra.com|Y|/usr/local/bin/nc -vzw3 10.215.22.49 21
SEAGAAWS_ARC_outbound|pvmiamftp.ap.signintra.com|Y|/usr/local/bin/nc -vzw3 10.215.22.49 21
SEAGAO_CVMIARC_outbound|pvmiamftp.ap.signintra.com|Y|/usr/local/bin/nc -vzw3 10.215.22.49 21
SEAGAWS_HK_outbound|schenkerHK_BTS|Y|/usr/local/bin/nc -vzw3 10.213.122.15 21
SHMEAI856I_outbound|CVMI_FTP_P|N|/usr/local/bin/nc -vzw3 10.215.20.138 21
SHMEAOD_outbound|pvmiamftp.ap.signintra.com|Y|/usr/local/bin/nc -vzw3 10.215.22.49 21
SIERAI8561_ERR_outbound|CVMI_FTP_P|N|/usr/local/bin/nc -vzw3 10.215.20.138 21
SIERAI8561_outbound|CVMI_FTP_P|N|/usr/local/bin/nc -vzw3 10.215.20.138 21
SIERAOD_outbound|pvmiamftp.ap.signintra.com|Y|/usr/local/bin/nc -vzw3 10.215.22.49 21
SILAAO_CVMIARC_outbound|pvmiamftp.ap.signintra.com|Y|/usr/local/bin/nc -vzw3 10.215.22.49 21
SMMOA856I0_ERR_outbound|CVMI_FTP_P|N|/usr/local/bin/nc -vzw3 10.215.20.138 21
SMMOA856I0_outbound|CVMI_FTP_P|N|/usr/local/bin/nc -vzw3 10.215.20.138 21
SMMOAOD_outbound|pvmiamftp.ap.signintra.com|Y|/usr/local/bin/nc -vzw3 10.215.22.49 21
SMMOA_outbound|xibftp|Y|/usr/local/bin/nc -vzw3 10.224.65.58 21
STMIADA_outbound|pvmiamftp.ap.signintra.com|Y|/usr/local/bin/nc -vzw3 10.215.22.49 21
STMIADU_outbound|pvmiamftp.ap.signintra.com|Y|/usr/local/bin/nc -vzw3 10.215.22.49 21
STMIAIA856_ERR_outbound|CVMI_FTP_P|N|/usr/local/bin/nc -vzw3 10.215.20.138 21
STMIAIA856_outbound|CVMI_FTP_P|N|/usr/local/bin/nc -vzw3 10.215.20.138 21
STMIAXMLCE_outbound|procars_cn|Y|/usr/local/bin/nc -vzw3 10.215.38.13 21
||N|dummy
TI__AI8561_ERR_outbound|CVMI_FTP_P|N|/usr/local/bin/nc -vzw3 10.215.20.138 21
TI__AI8561_outbound|CVMI_FTP_P|N|/usr/local/bin/nc -vzw3 10.215.20.138 21
TI__AOD_outbound|pvmiamftp.ap.signintra.com|Y|/usr/local/bin/nc -vzw3 10.215.22.49 21
TOSHAAWS_ARC_outbound|pvmiamftp.ap.signintra.com|Y|/usr/local/bin/nc -vzw3 10.215.22.49 21
TYCOC810OU_outbound|eft.tranzact.com|Y|/usr/local/bin/nc -vzw3 eft.tranzact.com 21
TYCOC846IN_outbound|sclidc1.us.signintra.com|Y|/usr/local/bin/nc -vzw3 sclidc1.us.signintra.com 21
TYCOC940IN_outbound|sclidc1.us.signintra.com|Y|/usr/local/bin/nc -vzw3 sclidc1.us.signintra.com 21
TYCOC943IN_outbound|sclidc1.us.signintra.com|Y|/usr/local/bin/nc -vzw3 sclidc1.us.signintra.com 21
TYCOCFO810_outbound|eft.tranzact.com|Y|/usr/local/bin/nc -vzw3 eft.tranzact.com 21
TYCOU_FTP_outbound|eft.tranzact.com|Y|/usr/local/bin/nc -vzw3 eft.tranzact.com 21
TYYDAIA856_outbound|CVMI_FTP_P|N|/usr/local/bin/nc -vzw3 10.215.20.138 21
TYYDAOD_outbound|pvmiamftp.ap.signintra.com|Y|/usr/local/bin/nc -vzw3 10.215.22.49 21
TYYDAO_outbound|TaiyoYuden_FTP|Y|/usr/local/bin/nc -vzw3 74.202.198.35 21
UNLVCI940FOOD_WMS_outbound||N|dummy
UNLVCI940HPC_WMS_outbound||N|dummy
UNLVCI943_WMS_FOOD_outbound||N|dummy
UNLVCO856_CD_outbound|sciftp.commerce.stercomm.com|Y|/usr/local/bin/nc -vzw3 sciftp.commerce.stercomm.com 21
UNLVCO856_NWD_outbound|sciftp.commerce.stercomm.com|Y|/usr/local/bin/nc -vzw3 sciftp.commerce.stercomm.com 21
USI_AIA000_outbound|CVMI_FTP_P|N|/usr/local/bin/nc -vzw3 10.215.20.138 21
USI_AOA000_outbound|xibftp|Y|/usr/local/bin/nc -vzw3 10.224.65.58 21
USI_AOD_outbound|pvmiamftp.ap.signintra.com|Y|/usr/local/bin/nc -vzw3 10.215.22.49 21
VISHADA_outbound|pvmiamftp.ap.signintra.com|Y|/usr/local/bin/nc -vzw3 10.215.22.49 21
VISHADU_outbound|pvmiamftp.ap.signintra.com|Y|/usr/local/bin/nc -vzw3 10.215.22.49 21
VISHAIA856_outbound|CVMI_FTP_P|N|/usr/local/bin/nc -vzw3 10.215.20.138 21
WINTAI8562_ERR_outbound|CVMI_FTP_P|N|/usr/local/bin/nc -vzw3 10.215.20.138 21
WINTAI8562_outbound|CVMI_FTP_P|N|/usr/local/bin/nc -vzw3 10.215.20.138 21
WINTAISGFF_outbound|sin-vftp.schenker.com.sg|Y|/usr/local/bin/nc -vzw3 10.215.20.140 21
WINTAOD_outbound|pvmiamftp.ap.signintra.com|Y|/usr/local/bin/nc -vzw3 10.215.22.49 21
XML214APAC_outbound|ftp.schenker-asia.com|Y|/usr/local/bin/nc -vzw3 ftp.schenker-asia.com 21
